DROP INDEX IF EXISTS test_tnpoint_spgist_idx;
NOTICE:  index "test_tnpoint_spgist_idx" does not exist, skipping
DROP INDEX
ALTER TABLE test_tnpoint_boundboxops ADD spgistidx BIGINT;
ALTER TABLE
CREATE INDEX test_tnpoint_spgist_idx ON tbl_tnpoint USING SPGIST(temp);
CREATE INDEX
UPDATE test_tnpoint_boundboxops
SET spgistidx = ( SELECT count(*) FROM tbl_geometry, tbl_tnpoint WHERE ST_SetSRID(g, 5676) && temp )
WHERE op = '&&' and leftarg = 'geometry' and rightarg = 'tnpoint';
UPDATE 1
UPDATE test_tnpoint_boundboxops
SET spgistidx = ( SELECT count(*) FROM tbl_geometry, tbl_tnpoint WHERE ST_SetSRID(g, 5676) @> temp )
WHERE op = '@>' and leftarg = 'geometry' and rightarg = 'tnpoint';
UPDATE 1
UPDATE test_tnpoint_boundboxops
SET spgistidx = ( SELECT count(*) FROM tbl_geometry, tbl_tnpoint WHERE ST_SetSRID(g, 5676) <@ temp )
WHERE op = '<@' and leftarg = 'geometry' and rightarg = 'tnpoint';
UPDATE 1
UPDATE test_tnpoint_boundboxops
SET spgistidx = ( SELECT count(*) FROM tbl_geometry, tbl_tnpoint WHERE ST_SetSRID(g, 5676) ~= temp )
WHERE op = '~=' and leftarg = 'geometry' and rightarg = 'tnpoint';
UPDATE 1
UPDATE test_tnpoint_boundboxops
SET spgistidx = ( SELECT count(*) FROM tbl_geometry, tbl_tnpoint WHERE ST_SetSRID(g, 5676) -|- temp )
WHERE op = '-|-' and leftarg = 'geometry' and rightarg = 'tnpoint';
UPDATE 1
UPDATE test_tnpoint_boundboxops
SET spgistidx = ( SELECT count(*) FROM tbl_timestamptz, tbl_tnpoint WHERE t && temp )
WHERE op = '&&' and leftarg = 'timestamptz' and rightarg = 'tnpoint';
UPDATE 1
UPDATE test_tnpoint_boundboxops
SET spgistidx = ( SELECT count(*) FROM tbl_timestamptz, tbl_tnpoint WHERE t @> temp )
WHERE op = '@>' and leftarg = 'timestamptz' and rightarg = 'tnpoint';
UPDATE 1
UPDATE test_tnpoint_boundboxops
SET spgistidx = ( SELECT count(*) FROM tbl_timestamptz, tbl_tnpoint WHERE t <@ temp )
WHERE op = '<@' and leftarg = 'timestamptz' and rightarg = 'tnpoint';
UPDATE 1
UPDATE test_tnpoint_boundboxops
SET spgistidx = ( SELECT count(*) FROM tbl_timestamptz, tbl_tnpoint WHERE t ~= temp )
WHERE op = '~=' and leftarg = 'timestamptz' and rightarg = 'tnpoint';
UPDATE 1
UPDATE test_tnpoint_boundboxops
SET spgistidx = ( SELECT count(*) FROM tbl_timestamptz, tbl_tnpoint WHERE t -|- temp )
WHERE op = '-|-' and leftarg = 'timestamptz' and rightarg = 'tnpoint';
UPDATE 1
UPDATE test_tnpoint_boundboxops
SET spgistidx = ( SELECT count(*) FROM tbl_timestampset, tbl_tnpoint WHERE ts && temp )
WHERE op = '&&' and leftarg = 'timestampset' and rightarg = 'tnpoint';
UPDATE 1
UPDATE test_tnpoint_boundboxops
SET spgistidx = ( SELECT count(*) FROM tbl_timestampset, tbl_tnpoint WHERE ts @> temp )
WHERE op = '@>' and leftarg = 'timestampset' and rightarg = 'tnpoint';
UPDATE 1
UPDATE test_tnpoint_boundboxops
SET spgistidx = ( SELECT count(*) FROM tbl_timestampset, tbl_tnpoint WHERE ts <@ temp )
WHERE op = '<@' and leftarg = 'timestampset' and rightarg = 'tnpoint';
UPDATE 1
UPDATE test_tnpoint_boundboxops
SET spgistidx = ( SELECT count(*) FROM tbl_timestampset, tbl_tnpoint WHERE ts ~= temp )
WHERE op = '~=' and leftarg = 'timestampset' and rightarg = 'tnpoint';
UPDATE 1
UPDATE test_tnpoint_boundboxops
SET spgistidx = ( SELECT count(*) FROM tbl_timestampset, tbl_tnpoint WHERE ts -|- temp )
WHERE op = '-|-' and leftarg = 'timestampset' and rightarg = 'tnpoint';
UPDATE 1
UPDATE test_tnpoint_boundboxops
SET spgistidx = ( SELECT count(*) FROM tbl_period, tbl_tnpoint WHERE p && temp )
WHERE op = '&&' and leftarg = 'period' and rightarg = 'tnpoint';
UPDATE 1
UPDATE test_tnpoint_boundboxops
SET spgistidx = ( SELECT count(*) FROM tbl_period, tbl_tnpoint WHERE p @> temp )
WHERE op = '@>' and leftarg = 'period' and rightarg = 'tnpoint';
UPDATE 1
UPDATE test_tnpoint_boundboxops
SET spgistidx = ( SELECT count(*) FROM tbl_period, tbl_tnpoint WHERE p <@ temp )
WHERE op = '<@' and leftarg = 'period' and rightarg = 'tnpoint';
UPDATE 1
UPDATE test_tnpoint_boundboxops
SET spgistidx = ( SELECT count(*) FROM tbl_period, tbl_tnpoint WHERE p ~= temp )
WHERE op = '~=' and leftarg = 'period' and rightarg = 'tnpoint';
UPDATE 1
UPDATE test_tnpoint_boundboxops
SET spgistidx = ( SELECT count(*) FROM tbl_period, tbl_tnpoint WHERE p -|- temp )
WHERE op = '-|-' and leftarg = 'period' and rightarg = 'tnpoint';
UPDATE 1
UPDATE test_tnpoint_boundboxops
SET spgistidx = ( SELECT count(*) FROM tbl_periodset, tbl_tnpoint WHERE ps && temp )
WHERE op = '&&' and leftarg = 'periodset' and rightarg = 'tnpoint';
UPDATE 1
UPDATE test_tnpoint_boundboxops
SET spgistidx = ( SELECT count(*) FROM tbl_periodset, tbl_tnpoint WHERE ps @> temp )
WHERE op = '@>' and leftarg = 'periodset' and rightarg = 'tnpoint';
UPDATE 1
UPDATE test_tnpoint_boundboxops
SET spgistidx = ( SELECT count(*) FROM tbl_periodset, tbl_tnpoint WHERE ps <@ temp )
WHERE op = '<@' and leftarg = 'periodset' and rightarg = 'tnpoint';
UPDATE 1
UPDATE test_tnpoint_boundboxops
SET spgistidx = ( SELECT count(*) FROM tbl_periodset, tbl_tnpoint WHERE ps ~= temp )
WHERE op = '~=' and leftarg = 'periodset' and rightarg = 'tnpoint';
UPDATE 1
UPDATE test_tnpoint_boundboxops
SET spgistidx = ( SELECT count(*) FROM tbl_periodset, tbl_tnpoint WHERE ps -|- temp )
WHERE op = '-|-' and leftarg = 'periodset' and rightarg = 'tnpoint';
UPDATE 1
UPDATE test_tnpoint_boundboxops
SET spgistidx = ( SELECT count(*) FROM tbl_stbox, tbl_tnpoint WHERE SetSRID(b, 5676) && temp )
WHERE op = '&&' and leftarg = 'stbox' and rightarg = 'tnpoint';
UPDATE 1
UPDATE test_tnpoint_boundboxops
SET spgistidx = ( SELECT count(*) FROM tbl_stbox, tbl_tnpoint WHERE SetSRID(b, 5676) @> temp )
WHERE op = '@>' and leftarg = 'stbox' and rightarg = 'tnpoint';
UPDATE 1
UPDATE test_tnpoint_boundboxops
SET spgistidx = ( SELECT count(*) FROM tbl_stbox, tbl_tnpoint WHERE SetSRID(b, 5676) <@ temp )
WHERE op = '<@' and leftarg = 'stbox' and rightarg = 'tnpoint';
UPDATE 1
UPDATE test_tnpoint_boundboxops
SET spgistidx = ( SELECT count(*) FROM tbl_stbox, tbl_tnpoint WHERE SetSRID(b, 5676) ~= temp )
WHERE op = '~=' and leftarg = 'stbox' and rightarg = 'tnpoint';
UPDATE 1
UPDATE test_tnpoint_boundboxops
SET spgistidx = ( SELECT count(*) FROM tbl_stbox, tbl_tnpoint WHERE SetSRID(b, 5676) -|- temp )
WHERE op = '-|-' and leftarg = 'stbox' and rightarg = 'tnpoint';
UPDATE 1
UPDATE test_tnpoint_boundboxops
SET spgistidx = ( SELECT count(*) FROM tbl_tnpoint, tbl_geometry WHERE temp && ST_SetSRID(g, 5676) )
WHERE op = '&&' and leftarg = 'tnpoint' and rightarg = 'geometry';
UPDATE 1
UPDATE test_tnpoint_boundboxops
SET spgistidx = ( SELECT count(*) FROM tbl_tnpoint, tbl_geometry WHERE temp @> ST_SetSRID(g, 5676) )
WHERE op = '@>' and leftarg = 'tnpoint' and rightarg = 'geometry';
UPDATE 1
UPDATE test_tnpoint_boundboxops
SET spgistidx = ( SELECT count(*) FROM tbl_tnpoint, tbl_geometry WHERE temp <@ ST_SetSRID(g, 5676) )
WHERE op = '<@' and leftarg = 'tnpoint' and rightarg = 'geometry';
UPDATE 1
UPDATE test_tnpoint_boundboxops
SET spgistidx = ( SELECT count(*) FROM tbl_tnpoint, tbl_geometry WHERE temp ~= ST_SetSRID(g, 5676) )
WHERE op = '~=' and leftarg = 'tnpoint' and rightarg = 'geometry';
UPDATE 1
UPDATE test_tnpoint_boundboxops
SET spgistidx = ( SELECT count(*) FROM tbl_tnpoint, tbl_geometry WHERE temp -|- ST_SetSRID(g, 5676) )
WHERE op = '-|-' and leftarg = 'tnpoint' and rightarg = 'geometry';
UPDATE 1
UPDATE test_tnpoint_boundboxops
SET spgistidx = ( SELECT count(*) FROM tbl_tnpoint, tbl_timestamptz WHERE temp && t )
WHERE op = '&&' and leftarg = 'tnpoint' and rightarg = 'timestamptz';
UPDATE 1
UPDATE test_tnpoint_boundboxops
SET spgistidx = ( SELECT count(*) FROM tbl_tnpoint, tbl_timestamptz WHERE temp @> t )
WHERE op = '@>' and leftarg = 'tnpoint' and rightarg = 'timestamptz';
UPDATE 1
UPDATE test_tnpoint_boundboxops
SET spgistidx = ( SELECT count(*) FROM tbl_tnpoint, tbl_timestamptz WHERE temp <@ t )
WHERE op = '<@' and leftarg = 'tnpoint' and rightarg = 'timestamptz';
UPDATE 1
UPDATE test_tnpoint_boundboxops
SET spgistidx = ( SELECT count(*) FROM tbl_tnpoint, tbl_timestamptz WHERE temp ~= t )
WHERE op = '~=' and leftarg = 'tnpoint' and rightarg = 'timestamptz';
UPDATE 1
UPDATE test_tnpoint_boundboxops
SET spgistidx = ( SELECT count(*) FROM tbl_tnpoint, tbl_timestamptz WHERE temp -|- t )
WHERE op = '-|-' and leftarg = 'tnpoint' and rightarg = 'timestamptz';
UPDATE 1
UPDATE test_tnpoint_boundboxops
SET spgistidx = ( SELECT count(*) FROM tbl_tnpoint, tbl_timestampset WHERE temp && ts )
WHERE op = '&&' and leftarg = 'tnpoint' and rightarg = 'timestampset';
UPDATE 1
UPDATE test_tnpoint_boundboxops
SET spgistidx = ( SELECT count(*) FROM tbl_tnpoint, tbl_timestampset WHERE temp @> ts )
WHERE op = '@>' and leftarg = 'tnpoint' and rightarg = 'timestampset';
UPDATE 1
UPDATE test_tnpoint_boundboxops
SET spgistidx = ( SELECT count(*) FROM tbl_tnpoint, tbl_timestampset WHERE temp <@ ts )
WHERE op = '<@' and leftarg = 'tnpoint' and rightarg = 'timestampset';
UPDATE 1
UPDATE test_tnpoint_boundboxops
SET spgistidx = ( SELECT count(*) FROM tbl_tnpoint, tbl_timestampset WHERE temp ~= ts )
WHERE op = '~=' and leftarg = 'tnpoint' and rightarg = 'timestampset';
UPDATE 1
UPDATE test_tnpoint_boundboxops
SET spgistidx = ( SELECT count(*) FROM tbl_tnpoint, tbl_timestampset WHERE temp -|- ts )
WHERE op = '-|-' and leftarg = 'tnpoint' and rightarg = 'timestampset';
UPDATE 1
UPDATE test_tnpoint_boundboxops
SET spgistidx = ( SELECT count(*) FROM tbl_tnpoint, tbl_period WHERE temp && p )
WHERE op = '&&' and leftarg = 'tnpoint' and rightarg = 'period';
UPDATE 1
UPDATE test_tnpoint_boundboxops
SET spgistidx = ( SELECT count(*) FROM tbl_tnpoint, tbl_period WHERE temp @> p )
WHERE op = '@>' and leftarg = 'tnpoint' and rightarg = 'period';
UPDATE 1
UPDATE test_tnpoint_boundboxops
SET spgistidx = ( SELECT count(*) FROM tbl_tnpoint, tbl_period WHERE temp <@ p )
WHERE op = '<@' and leftarg = 'tnpoint' and rightarg = 'period';
UPDATE 1
UPDATE test_tnpoint_boundboxops
SET spgistidx = ( SELECT count(*) FROM tbl_tnpoint, tbl_period WHERE temp ~= p )
WHERE op = '~=' and leftarg = 'tnpoint' and rightarg = 'period';
UPDATE 1
UPDATE test_tnpoint_boundboxops
SET spgistidx = ( SELECT count(*) FROM tbl_tnpoint, tbl_period WHERE temp -|- p )
WHERE op = '-|-' and leftarg = 'tnpoint' and rightarg = 'period';
UPDATE 1
UPDATE test_tnpoint_boundboxops
SET spgistidx = ( SELECT count(*) FROM tbl_tnpoint, tbl_periodset WHERE temp && ps )
WHERE op = '&&' and leftarg = 'tnpoint' and rightarg = 'periodset';
UPDATE 1
UPDATE test_tnpoint_boundboxops
SET spgistidx = ( SELECT count(*) FROM tbl_tnpoint, tbl_periodset WHERE temp @> ps )
WHERE op = '@>' and leftarg = 'tnpoint' and rightarg = 'periodset';
UPDATE 1
UPDATE test_tnpoint_boundboxops
SET spgistidx = ( SELECT count(*) FROM tbl_tnpoint, tbl_periodset WHERE temp <@ ps )
WHERE op = '<@' and leftarg = 'tnpoint' and rightarg = 'periodset';
UPDATE 1
UPDATE test_tnpoint_boundboxops
SET spgistidx = ( SELECT count(*) FROM tbl_tnpoint, tbl_periodset WHERE temp ~= ps )
WHERE op = '~=' and leftarg = 'tnpoint' and rightarg = 'periodset';
UPDATE 1
UPDATE test_tnpoint_boundboxops
SET spgistidx = ( SELECT count(*) FROM tbl_tnpoint, tbl_periodset WHERE temp -|- ps )
WHERE op = '-|-' and leftarg = 'tnpoint' and rightarg = 'periodset';
UPDATE 1
UPDATE test_tnpoint_boundboxops
SET spgistidx = ( SELECT count(*) FROM tbl_tnpoint, tbl_stbox WHERE temp && SetSRID(b, 5676) )
WHERE op = '&&' and leftarg = 'tnpoint' and rightarg = 'stbox';
UPDATE 1
UPDATE test_tnpoint_boundboxops
SET spgistidx = ( SELECT count(*) FROM tbl_tnpoint, tbl_stbox WHERE temp @> SetSRID(b, 5676) )
WHERE op = '@>' and leftarg = 'tnpoint' and rightarg = 'stbox';
UPDATE 1
UPDATE test_tnpoint_boundboxops
SET spgistidx = ( SELECT count(*) FROM tbl_tnpoint, tbl_stbox WHERE temp <@ SetSRID(b, 5676) )
WHERE op = '<@' and leftarg = 'tnpoint' and rightarg = 'stbox';
UPDATE 1
UPDATE test_tnpoint_boundboxops
SET spgistidx = ( SELECT count(*) FROM tbl_tnpoint, tbl_stbox WHERE temp ~= SetSRID(b, 5676) )
WHERE op = '~=' and leftarg = 'tnpoint' and rightarg = 'stbox';
UPDATE 1
UPDATE test_tnpoint_boundboxops
SET spgistidx = ( SELECT count(*) FROM tbl_tnpoint, tbl_stbox WHERE temp -|- SetSRID(b, 5676) )
WHERE op = '-|-' and leftarg = 'tnpoint' and rightarg = 'stbox';
UPDATE 1
UPDATE test_tnpoint_boundboxops
SET spgistidx = ( SELECT count(*) FROM tbl_tnpoint t1, tbl_tnpoint t2 WHERE t1.temp && t2.temp )
WHERE op = '&&' and leftarg = 'tnpoint' and rightarg = 'tnpoint';
UPDATE 1
UPDATE test_tnpoint_boundboxops
SET spgistidx = ( SELECT count(*) FROM tbl_tnpoint t1, tbl_tnpoint t2 WHERE t1.temp @> t2.temp )
WHERE op = '@>' and leftarg = 'tnpoint' and rightarg = 'tnpoint';
UPDATE 1
UPDATE test_tnpoint_boundboxops
SET spgistidx = ( SELECT count(*) FROM tbl_tnpoint t1, tbl_tnpoint t2 WHERE t1.temp <@ t2.temp )
WHERE op = '<@' and leftarg = 'tnpoint' and rightarg = 'tnpoint';
UPDATE 1
UPDATE test_tnpoint_boundboxops
SET spgistidx = ( SELECT count(*) FROM tbl_tnpoint t1, tbl_tnpoint t2 WHERE t1.temp ~= t2.temp )
WHERE op = '~=' and leftarg = 'tnpoint' and rightarg = 'tnpoint';
UPDATE 1
UPDATE test_tnpoint_boundboxops
SET spgistidx = ( SELECT count(*) FROM tbl_tnpoint t1, tbl_tnpoint t2 WHERE t1.temp -|- t2.temp )
WHERE op = '-|-' and leftarg = 'tnpoint' and rightarg = 'tnpoint';
UPDATE 1
SELECT * FROM test_tnpoint_boundboxops
WHERE noidx <> spgistidx;
 op | leftarg | rightarg | noidx | gistidx | spgistidx 
----+---------+----------+-------+---------+-----------
(0 rows)

DROP INDEX IF EXISTS test_tnpoint_spgist_idx;
DROP INDEX
DROP TABLE if exists test_tnpoint_boundboxops;
DROP TABLE
