SELECT setPrecision(floatrange '[1.123456789,2.123456789]',6);
    setprecision     
---------------------
 [1.123457,2.123457]
(1 row)

SELECT setPrecision(floatrange '[,2.123456789]',6);
 setprecision 
--------------
 (,2.123457]
(1 row)

SELECT setPrecision(floatrange '[-inf,2.123456789]',6);
     setprecision     
----------------------
 [-Infinity,2.123457]
(1 row)

select setPrecision(floatrange '[1.123456789,inf]',6);
    setprecision     
---------------------
 [1.123457,Infinity]
(1 row)

SELECT setPrecision(floatrange '[1.123456789,]',6);
 setprecision 
--------------
 [1.123457,)
(1 row)

SELECT intrange 'empty' << 5;
 ?column? 
----------
 f
(1 row)

SELECT intrange '[3,5)' << 5;
 ?column? 
----------
 t
(1 row)

SELECT 5 << intrange 'empty';
 ?column? 
----------
 f
(1 row)

SELECT 5 << intrange '[3,5)';
 ?column? 
----------
 f
(1 row)

SELECT intrange 'empty' >> 5;
 ?column? 
----------
 f
(1 row)

SELECT intrange '[3,5)' >> 5;
 ?column? 
----------
 f
(1 row)

SELECT 5 >> intrange 'empty';
 ?column? 
----------
 f
(1 row)

SELECT 5 >> intrange '[3,5)';
 ?column? 
----------
 t
(1 row)

SELECT intrange 'empty' &< 5;
 ?column? 
----------
 f
(1 row)

SELECT intrange '[3,5)' &< 5;
 ?column? 
----------
 t
(1 row)

SELECT 5 &< intrange 'empty';
 ?column? 
----------
 f
(1 row)

SELECT 5 &< intrange '[3,5)';
 ?column? 
----------
 t
(1 row)

SELECT intrange 'empty' &> 5;
 ?column? 
----------
 f
(1 row)

SELECT intrange '[3,5)' &> 5;
 ?column? 
----------
 f
(1 row)

SELECT 5 &> intrange 'empty';
 ?column? 
----------
 f
(1 row)

SELECT 5 &> intrange '[3,5)';
 ?column? 
----------
 t
(1 row)

SELECT intrange 'empty' -|- 5;
 ?column? 
----------
 f
(1 row)

SELECT intrange '[3,5)' -|- 5;
 ?column? 
----------
 t
(1 row)

SELECT 5 -|- intrange 'empty';
 ?column? 
----------
 f
(1 row)

SELECT 5 -|- intrange '[3,5)';
 ?column? 
----------
 t
(1 row)

SELECT floatrange 'empty' << 5.5;
 ?column? 
----------
 f
(1 row)

SELECT floatrange '[3.5, 5.5]' << 5.5;
 ?column? 
----------
 f
(1 row)

SELECT 5.5 << floatrange 'empty';
 ?column? 
----------
 f
(1 row)

SELECT 5.5 << floatrange '[3.5, 5.5]';
 ?column? 
----------
 f
(1 row)

SELECT floatrange 'empty' >> 5.5;
 ?column? 
----------
 f
(1 row)

SELECT floatrange '[3.5, 5.5]' >> 5.5;
 ?column? 
----------
 f
(1 row)

SELECT 5.5 >> floatrange 'empty';
 ?column? 
----------
 f
(1 row)

SELECT 5.5 >> floatrange '[3.5, 5.5]';
 ?column? 
----------
 f
(1 row)

SELECT floatrange 'empty' &< 5.5;
 ?column? 
----------
 f
(1 row)

SELECT floatrange '[3.5, 5.5]' &< 5.5;
 ?column? 
----------
 t
(1 row)

SELECT 5.5 &< floatrange 'empty';
 ?column? 
----------
 f
(1 row)

SELECT 5.5 &< floatrange '[3.5, 5.5]';
 ?column? 
----------
 t
(1 row)

SELECT floatrange 'empty' &> 5.5;
 ?column? 
----------
 f
(1 row)

SELECT floatrange '[3.5, 5.5]' &> 5.5;
 ?column? 
----------
 f
(1 row)

SELECT 5.5 &> floatrange 'empty';
 ?column? 
----------
 f
(1 row)

SELECT 5.5 &> floatrange '[3.5, 5.5]';
 ?column? 
----------
 t
(1 row)

SELECT floatrange 'empty' -|- 5.5;
 ?column? 
----------
 f
(1 row)

SELECT floatrange '[3.5, 5.5]' -|- 5.5;
 ?column? 
----------
 f
(1 row)

SELECT 5.5 -|- floatrange 'empty';
 ?column? 
----------
 f
(1 row)

SELECT 5.5 -|- floatrange '[3.5, 5.5]';
 ?column? 
----------
 f
(1 row)

