CREATE INDEX tbl_timestampset_big_gist_idx ON tbl_timestampset_big USING gist(ts);
CREATE INDEX
CREATE INDEX tbl_period_big_gist_idx ON tbl_period_big USING gist(p);
CREATE INDEX
CREATE INDEX tbl_periodset_big_gist_idx ON tbl_periodset_big USING gist(ps);
CREATE INDEX
SELECT COUNT(*) FROM tbl_timestampset_big WHERE ts && timestampset '{2001-06-01, 2001-07-01}';
 count 
-------
     0
(1 row)

SELECT COUNT(*) FROM tbl_period_big WHERE p && timestampset '{2001-06-01, 2001-07-01}';
 count 
-------
     0
(1 row)

SELECT COUNT(*) FROM tbl_periodset_big WHERE ps && timestampset '{2001-06-01, 2001-07-01}';
 count 
-------
     1
(1 row)

SELECT COUNT(*) FROM tbl_timestampset_big WHERE ts && period '[2001-06-01, 2001-07-01]';
 count 
-------
   994
(1 row)

SELECT COUNT(*) FROM tbl_period_big WHERE p && period '[2001-06-01, 2001-07-01]';
 count 
-------
  1000
(1 row)

SELECT COUNT(*) FROM tbl_periodset_big WHERE ps && period '[2001-06-01, 2001-07-01]';
 count 
-------
   983
(1 row)

SELECT COUNT(*) FROM tbl_timestampset_big WHERE ts && periodset '{[2001-06-01, 2001-07-01]}';
 count 
-------
   994
(1 row)

SELECT COUNT(*) FROM tbl_period_big WHERE p && periodset '{[2001-06-01, 2001-07-01]}';
 count 
-------
  1000
(1 row)

SELECT COUNT(*) FROM tbl_periodset_big WHERE ps && periodset '{[2001-06-01, 2001-07-01]}';
 count 
-------
   983
(1 row)

SELECT COUNT(*) FROM tbl_timestampset_big WHERE ts @> timestamptz '2001-06-01';
 count 
-------
     0
(1 row)

SELECT COUNT(*) FROM tbl_period_big WHERE p @> timestamptz '2001-06-01';
 count 
-------
     0
(1 row)

SELECT COUNT(*) FROM tbl_periodset_big WHERE ps @> timestamptz '2001-06-01';
 count 
-------
     1
(1 row)

SELECT COUNT(*) FROM tbl_timestampset_big WHERE ts @> timestampset '{2001-06-01, 2001-07-01}';
 count 
-------
     0
(1 row)

SELECT COUNT(*) FROM tbl_period_big WHERE p @> timestampset '{2001-06-01, 2001-07-01}';
 count 
-------
     0
(1 row)

SELECT COUNT(*) FROM tbl_periodset_big WHERE ps @> timestampset '{2001-06-01, 2001-07-01}';
 count 
-------
     0
(1 row)

SELECT COUNT(*) FROM tbl_period_big WHERE p @> period '[2001-06-01, 2001-07-01]';
 count 
-------
     0
(1 row)

SELECT COUNT(*) FROM tbl_periodset_big WHERE ps @> period '[2001-06-01, 2001-07-01]';
 count 
-------
     0
(1 row)

SELECT COUNT(*) FROM tbl_period_big WHERE p @> periodset '{[2001-06-01, 2001-07-01]}';
 count 
-------
     0
(1 row)

SELECT COUNT(*) FROM tbl_periodset_big WHERE ps @> periodset '{[2001-06-01, 2001-07-01]}';
 count 
-------
     0
(1 row)

SELECT COUNT(*) FROM tbl_timestampset_big WHERE timestamptz '2001-06-01' <@ ts;
 count 
-------
     0
(1 row)

SELECT COUNT(*) FROM tbl_period_big WHERE timestamptz '2001-06-01' <@ p;
 count 
-------
     0
(1 row)

SELECT COUNT(*) FROM tbl_periodset_big WHERE timestamptz '2001-06-01' <@ ps;
 count 
-------
     1
(1 row)

SELECT COUNT(*) FROM tbl_timestampset_big WHERE timestampset '{2001-06-01, 2001-07-01}' <@ ts;
 count 
-------
     0
(1 row)

SELECT COUNT(*) FROM tbl_period_big WHERE timestampset '{2001-06-01, 2001-07-01}' <@ p;
 count 
-------
     0
(1 row)

SELECT COUNT(*) FROM tbl_periodset_big WHERE timestampset '{2001-06-01, 2001-07-01}' <@ ps;
 count 
-------
     0
(1 row)

SELECT COUNT(*) FROM tbl_period_big WHERE period '[2001-06-01, 2001-07-01]' <@ p;
 count 
-------
     0
(1 row)

SELECT COUNT(*) FROM tbl_periodset_big WHERE period '[2001-06-01, 2001-07-01]' <@ ps;
 count 
-------
     0
(1 row)

SELECT COUNT(*) FROM tbl_period_big WHERE periodset '{[2001-06-01, 2001-07-01]}' <@ p;
 count 
-------
     0
(1 row)

SELECT COUNT(*) FROM tbl_periodset_big WHERE periodset '{[2001-06-01, 2001-07-01]}' <@ ps;
 count 
-------
     0
(1 row)

DROP INDEX tbl_timestampset_big_gist_idx;
DROP INDEX
DROP INDEX tbl_period_big_gist_idx;
DROP INDEX
DROP INDEX tbl_periodset_big_gist_idx;
DROP INDEX
CREATE INDEX tbl_timestampset_gist_idx ON tbl_timestampset USING gist(ts);
CREATE INDEX
CREATE INDEX tbl_period_gist_idx ON tbl_period USING gist(p);
CREATE INDEX
CREATE INDEX tbl_periodset_gist_idx ON tbl_periodset USING gist(ps);
CREATE INDEX
SELECT COUNT(*) FROM tbl_timestampset t1, tbl_timestampset t2 WHERE t1.ts && t2.ts;
 count 
-------
    99
(1 row)

SELECT COUNT(*) FROM tbl_period t1, tbl_timestampset t2 WHERE t1.p && t2.ts;
 count 
-------
     0
(1 row)

SELECT COUNT(*) FROM tbl_periodset t1, tbl_timestampset t2 WHERE t1.ps && t2.ts;
 count 
-------
     1
(1 row)

SELECT COUNT(*) FROM tbl_timestampset t1, tbl_period t2 WHERE t1.ts && t2.p;
 count 
-------
     0
(1 row)

SELECT COUNT(*) FROM tbl_period t1, tbl_period t2 WHERE t1.p && t2.p;
 count 
-------
    99
(1 row)

SELECT COUNT(*) FROM tbl_periodset t1, tbl_period t2 WHERE t1.ps && t2.p;
 count 
-------
     0
(1 row)

SELECT COUNT(*) FROM tbl_timestampset t1, tbl_periodset t2 WHERE t1.ts && t2.ps;
 count 
-------
     1
(1 row)

SELECT COUNT(*) FROM tbl_period t1, tbl_periodset t2 WHERE t1.p && t2.ps;
 count 
-------
     0
(1 row)

SELECT COUNT(*) FROM tbl_periodset t1, tbl_periodset t2 WHERE t1.ps && t2.ps;
 count 
-------
    99
(1 row)

SELECT COUNT(*) FROM tbl_timestampset t1, tbl_timestampset t2 WHERE t1.ts @> t2.ts;
 count 
-------
    99
(1 row)

SELECT COUNT(*) FROM tbl_period t1, tbl_timestampset t2 WHERE t1.p @> t2.ts;
 count 
-------
     0
(1 row)

SELECT COUNT(*) FROM tbl_periodset t1, tbl_timestampset t2 WHERE t1.ps @> t2.ts;
 count 
-------
     0
(1 row)

SELECT COUNT(*) FROM tbl_period t1, tbl_period t2 WHERE t1.p @> t2.p;
 count 
-------
    99
(1 row)

SELECT COUNT(*) FROM tbl_periodset t1, tbl_period t2 WHERE t1.ps @> t2.p;
 count 
-------
     0
(1 row)

SELECT COUNT(*) FROM tbl_period t1, tbl_periodset t2 WHERE t1.p @> t2.ps;
 count 
-------
     0
(1 row)

SELECT COUNT(*) FROM tbl_periodset t1, tbl_periodset t2 WHERE t1.ps @> t2.ps;
 count 
-------
    99
(1 row)

SELECT COUNT(*) FROM tbl_timestampset t1, tbl_timestampset t2 WHERE t1.ts <@ t2.ts;
 count 
-------
    99
(1 row)

SELECT COUNT(*) FROM tbl_timestampset t1, tbl_period t2 WHERE t1.ts <@ t2.p;
 count 
-------
     0
(1 row)

SELECT COUNT(*) FROM tbl_period t1, tbl_period t2 WHERE t1.p <@ t2.p;
 count 
-------
    99
(1 row)

SELECT COUNT(*) FROM tbl_periodset t1, tbl_period t2 WHERE t1.ps <@ t2.p;
 count 
-------
     0
(1 row)

SELECT COUNT(*) FROM tbl_period t1, tbl_periodset t2 WHERE t1.p <@ t2.ps;
 count 
-------
     0
(1 row)

SELECT COUNT(*) FROM tbl_periodset t1, tbl_periodset t2 WHERE t1.ps <@ t2.ps;
 count 
-------
    99
(1 row)

DROP INDEX tbl_timestampset_gist_idx;
DROP INDEX
DROP INDEX tbl_period_gist_idx;
DROP INDEX
DROP INDEX tbl_periodset_gist_idx;
DROP INDEX
CREATE INDEX tbl_timestampset_big_spgist_idx ON tbl_timestampset_big USING spgist(ts);
CREATE INDEX
CREATE INDEX tbl_period_big_spgist_idx ON tbl_period_big USING spgist(p);
CREATE INDEX
CREATE INDEX tbl_periodset_big_spgist_idx ON tbl_periodset_big USING spgist(ps);
CREATE INDEX
SELECT COUNT(*) FROM tbl_timestampset_big WHERE ts && timestampset '{2001-06-01, 2001-07-01}';
 count 
-------
     0
(1 row)

SELECT COUNT(*) FROM tbl_period_big WHERE p && timestampset '{2001-06-01, 2001-07-01}';
 count 
-------
     0
(1 row)

SELECT COUNT(*) FROM tbl_periodset_big WHERE ps && timestampset '{2001-06-01, 2001-07-01}';
 count 
-------
     1
(1 row)

SELECT COUNT(*) FROM tbl_timestampset_big WHERE ts && period '[2001-06-01, 2001-07-01]';
 count 
-------
   994
(1 row)

SELECT COUNT(*) FROM tbl_period_big WHERE p && period '[2001-06-01, 2001-07-01]';
 count 
-------
  1000
(1 row)

SELECT COUNT(*) FROM tbl_periodset_big WHERE ps && period '[2001-06-01, 2001-07-01]';
 count 
-------
   983
(1 row)

SELECT COUNT(*) FROM tbl_timestampset_big WHERE ts && periodset '{[2001-06-01, 2001-07-01]}';
 count 
-------
   994
(1 row)

SELECT COUNT(*) FROM tbl_period_big WHERE p && periodset '{[2001-06-01, 2001-07-01]}';
 count 
-------
  1000
(1 row)

SELECT COUNT(*) FROM tbl_periodset_big WHERE ps && periodset '{[2001-06-01, 2001-07-01]}';
 count 
-------
   983
(1 row)

SELECT COUNT(*) FROM tbl_timestampset_big WHERE ts @> timestamptz '2001-06-01';
 count 
-------
     0
(1 row)

SELECT COUNT(*) FROM tbl_period_big WHERE p @> timestamptz '2001-06-01';
 count 
-------
     0
(1 row)

SELECT COUNT(*) FROM tbl_periodset_big WHERE ps @> timestamptz '2001-06-01';
 count 
-------
     1
(1 row)

SELECT COUNT(*) FROM tbl_timestampset_big WHERE ts @> timestampset '{2001-06-01, 2001-07-01}';
 count 
-------
     0
(1 row)

SELECT COUNT(*) FROM tbl_period_big WHERE p @> timestampset '{2001-06-01, 2001-07-01}';
 count 
-------
     0
(1 row)

SELECT COUNT(*) FROM tbl_periodset_big WHERE ps @> timestampset '{2001-06-01, 2001-07-01}';
 count 
-------
     0
(1 row)

SELECT COUNT(*) FROM tbl_period_big WHERE p @> period '[2001-06-01, 2001-07-01]';
 count 
-------
     0
(1 row)

SELECT COUNT(*) FROM tbl_periodset_big WHERE ps @> period '[2001-06-01, 2001-07-01]';
 count 
-------
     0
(1 row)

SELECT COUNT(*) FROM tbl_period_big WHERE p @> periodset '{[2001-06-01, 2001-07-01]}';
 count 
-------
     0
(1 row)

SELECT COUNT(*) FROM tbl_periodset_big WHERE ps @> periodset '{[2001-06-01, 2001-07-01]}';
 count 
-------
     0
(1 row)

SELECT COUNT(*) FROM tbl_timestampset_big WHERE timestamptz '2001-06-01' <@ ts;
 count 
-------
     0
(1 row)

SELECT COUNT(*) FROM tbl_period_big WHERE timestamptz '2001-06-01' <@ p;
 count 
-------
     0
(1 row)

SELECT COUNT(*) FROM tbl_periodset_big WHERE timestamptz '2001-06-01' <@ ps;
 count 
-------
     1
(1 row)

SELECT COUNT(*) FROM tbl_timestampset_big WHERE timestampset '{2001-06-01, 2001-07-01}' <@ ts;
 count 
-------
     0
(1 row)

SELECT COUNT(*) FROM tbl_period_big WHERE timestampset '{2001-06-01, 2001-07-01}' <@ p;
 count 
-------
     0
(1 row)

SELECT COUNT(*) FROM tbl_periodset_big WHERE timestampset '{2001-06-01, 2001-07-01}' <@ ps;
 count 
-------
     0
(1 row)

SELECT COUNT(*) FROM tbl_period_big WHERE period '[2001-06-01, 2001-07-01]' <@ p;
 count 
-------
     0
(1 row)

SELECT COUNT(*) FROM tbl_periodset_big WHERE period '[2001-06-01, 2001-07-01]' <@ ps;
 count 
-------
     0
(1 row)

SELECT COUNT(*) FROM tbl_period_big WHERE periodset '{[2001-06-01, 2001-07-01]}' <@ p;
 count 
-------
     0
(1 row)

SELECT COUNT(*) FROM tbl_periodset_big WHERE periodset '{[2001-06-01, 2001-07-01]}' <@ ps;
 count 
-------
     0
(1 row)

DROP INDEX tbl_timestampset_big_spgist_idx;
DROP INDEX
DROP INDEX tbl_period_big_spgist_idx;
DROP INDEX
DROP INDEX tbl_periodset_big_spgist_idx;
DROP INDEX
CREATE INDEX tbl_timestampset_spgist_idx ON tbl_timestampset USING gist(ts);
CREATE INDEX
CREATE INDEX tbl_period_spgist_idx ON tbl_period USING gist(p);
CREATE INDEX
CREATE INDEX tbl_periodset_spgist_idx ON tbl_periodset USING gist(ps);
CREATE INDEX
SELECT COUNT(*) FROM tbl_timestampset t1, tbl_timestampset t2 WHERE t1.ts && t2.ts;
 count 
-------
    99
(1 row)

SELECT COUNT(*) FROM tbl_period t1, tbl_period t2 WHERE t1.p && t2.p;
 count 
-------
    99
(1 row)

SELECT COUNT(*) FROM tbl_periodset t1, tbl_periodset t2 WHERE t1.ps && t2.ps;
 count 
-------
    99
(1 row)

SELECT COUNT(*) FROM tbl_timestampset t1, tbl_timestampset t2 WHERE t1.ts && t2.ts;
 count 
-------
    99
(1 row)

SELECT COUNT(*) FROM tbl_period t1, tbl_period t2 WHERE t1.p && t2.p;
 count 
-------
    99
(1 row)

SELECT COUNT(*) FROM tbl_periodset t1, tbl_periodset t2 WHERE t1.ps && t2.ps;
 count 
-------
    99
(1 row)

SELECT COUNT(*) FROM tbl_timestampset t1, tbl_timestampset t2 WHERE t1.ts && t2.ts;
 count 
-------
    99
(1 row)

SELECT COUNT(*) FROM tbl_period t1, tbl_period t2 WHERE t1.p && t2.p;
 count 
-------
    99
(1 row)

SELECT COUNT(*) FROM tbl_periodset t1, tbl_periodset t2 WHERE t1.ps && t2.ps;
 count 
-------
    99
(1 row)

SELECT COUNT(*) FROM tbl_timestampset t1, tbl_timestampset t2 WHERE t1.ts && t2.ts;
 count 
-------
    99
(1 row)

SELECT COUNT(*) FROM tbl_period t1, tbl_period t2 WHERE t1.p && t2.p;
 count 
-------
    99
(1 row)

SELECT COUNT(*) FROM tbl_periodset t1, tbl_periodset t2 WHERE t1.ps && t2.ps;
 count 
-------
    99
(1 row)

SELECT COUNT(*) FROM tbl_timestampset t1, tbl_timestampset t2 WHERE t1.ts @> t2.ts;
 count 
-------
    99
(1 row)

SELECT COUNT(*) FROM tbl_period t1, tbl_period t2 WHERE t1.p @> t2.p;
 count 
-------
    99
(1 row)

SELECT COUNT(*) FROM tbl_periodset t1, tbl_periodset t2 WHERE t1.ps @> t2.ps;
 count 
-------
    99
(1 row)

SELECT COUNT(*) FROM tbl_timestampset t1, tbl_timestampset t2 WHERE t1.ts @> t2.ts;
 count 
-------
    99
(1 row)

SELECT COUNT(*) FROM tbl_period t1, tbl_period t2 WHERE t1.p @> t2.p;
 count 
-------
    99
(1 row)

SELECT COUNT(*) FROM tbl_periodset t1, tbl_periodset t2 WHERE t1.ps @> t2.ps;
 count 
-------
    99
(1 row)

SELECT COUNT(*) FROM tbl_period t1, tbl_period t2 WHERE t1.p @> t2.p;
 count 
-------
    99
(1 row)

SELECT COUNT(*) FROM tbl_periodset t1, tbl_periodset t2 WHERE t1.ps @> t2.ps;
 count 
-------
    99
(1 row)

SELECT COUNT(*) FROM tbl_period t1, tbl_period t2 WHERE t1.p @> t2.p;
 count 
-------
    99
(1 row)

SELECT COUNT(*) FROM tbl_periodset t1, tbl_periodset t2 WHERE t1.ps @> t2.ps;
 count 
-------
    99
(1 row)

SELECT COUNT(*) FROM tbl_timestampset t1, tbl_timestampset t2 WHERE t1.ts <@ t2.ts;
 count 
-------
    99
(1 row)

SELECT COUNT(*) FROM tbl_period t1, tbl_period t2 WHERE t1.p <@ t2.p;
 count 
-------
    99
(1 row)

SELECT COUNT(*) FROM tbl_periodset t1, tbl_periodset t2 WHERE t1.ps <@ t2.ps;
 count 
-------
    99
(1 row)

SELECT COUNT(*) FROM tbl_timestampset t1, tbl_timestampset t2 WHERE t1.ts <@ t2.ts;
 count 
-------
    99
(1 row)

SELECT COUNT(*) FROM tbl_period t1, tbl_period t2 WHERE t1.p <@ t2.p;
 count 
-------
    99
(1 row)

SELECT COUNT(*) FROM tbl_periodset t1, tbl_periodset t2 WHERE t1.ps <@ t2.ps;
 count 
-------
    99
(1 row)

SELECT COUNT(*) FROM tbl_period t1, tbl_period t2 WHERE t1.p <@ t2.p;
 count 
-------
    99
(1 row)

SELECT COUNT(*) FROM tbl_periodset t1, tbl_periodset t2 WHERE t1.ps <@ t2.ps;
 count 
-------
    99
(1 row)

SELECT COUNT(*) FROM tbl_period t1, tbl_period t2 WHERE t1.p <@ t2.p;
 count 
-------
    99
(1 row)

SELECT COUNT(*) FROM tbl_periodset t1, tbl_periodset t2 WHERE t1.ps <@ t2.ps;
 count 
-------
    99
(1 row)

DROP INDEX tbl_timestampset_spgist_idx;
DROP INDEX
DROP INDEX tbl_period_spgist_idx;
DROP INDEX
DROP INDEX tbl_periodset_spgist_idx;
DROP INDEX
CREATE INDEX tbl_timestampset_spgist_idx ON tbl_timestampset USING spgist(ts);
CREATE INDEX
CREATE INDEX tbl_period_spgist_idx ON tbl_period USING spgist(p);
CREATE INDEX
CREATE INDEX tbl_periodset_spgist_idx ON tbl_periodset USING spgist(ps);
CREATE INDEX
SELECT COUNT(*) FROM tbl_timestampset t1, tbl_timestampset t2 WHERE t1.ts && t2.ts;
 count 
-------
    99
(1 row)

SELECT COUNT(*) FROM tbl_period t1, tbl_timestampset t2 WHERE t1.p && t2.ts;
 count 
-------
     0
(1 row)

SELECT COUNT(*) FROM tbl_periodset t1, tbl_timestampset t2 WHERE t1.ps && t2.ts;
 count 
-------
     1
(1 row)

SELECT COUNT(*) FROM tbl_timestampset t1, tbl_period t2 WHERE t1.ts && t2.p;
 count 
-------
     0
(1 row)

SELECT COUNT(*) FROM tbl_period t1, tbl_period t2 WHERE t1.p && t2.p;
 count 
-------
    99
(1 row)

SELECT COUNT(*) FROM tbl_periodset t1, tbl_period t2 WHERE t1.ps && t2.p;
 count 
-------
     0
(1 row)

SELECT COUNT(*) FROM tbl_timestampset t1, tbl_periodset t2 WHERE t1.ts && t2.ps;
 count 
-------
     1
(1 row)

SELECT COUNT(*) FROM tbl_period t1, tbl_periodset t2 WHERE t1.p && t2.ps;
 count 
-------
     0
(1 row)

SELECT COUNT(*) FROM tbl_periodset t1, tbl_periodset t2 WHERE t1.ps && t2.ps;
 count 
-------
    99
(1 row)

SELECT COUNT(*) FROM tbl_timestampset t1, tbl_timestampset t2 WHERE t1.ts @> t2.ts;
 count 
-------
    99
(1 row)

SELECT COUNT(*) FROM tbl_period t1, tbl_timestampset t2 WHERE t1.p @> t2.ts;
 count 
-------
     0
(1 row)

SELECT COUNT(*) FROM tbl_periodset t1, tbl_timestampset t2 WHERE t1.ps @> t2.ts;
 count 
-------
     0
(1 row)

SELECT COUNT(*) FROM tbl_period t1, tbl_period t2 WHERE t1.p @> t2.p;
 count 
-------
    99
(1 row)

SELECT COUNT(*) FROM tbl_periodset t1, tbl_period t2 WHERE t1.ps @> t2.p;
 count 
-------
     0
(1 row)

SELECT COUNT(*) FROM tbl_period t1, tbl_periodset t2 WHERE t1.p @> t2.ps;
 count 
-------
     0
(1 row)

SELECT COUNT(*) FROM tbl_periodset t1, tbl_periodset t2 WHERE t1.ps @> t2.ps;
 count 
-------
    99
(1 row)

SELECT COUNT(*) FROM tbl_timestampset t1, tbl_timestampset t2 WHERE t1.ts <@ t2.ts;
 count 
-------
    99
(1 row)

SELECT COUNT(*) FROM tbl_timestampset t1, tbl_period t2 WHERE t1.ts <@ t2.p;
 count 
-------
     0
(1 row)

SELECT COUNT(*) FROM tbl_period t1, tbl_period t2 WHERE t1.p <@ t2.p;
 count 
-------
    99
(1 row)

SELECT COUNT(*) FROM tbl_periodset t1, tbl_period t2 WHERE t1.ps <@ t2.p;
 count 
-------
     0
(1 row)

SELECT COUNT(*) FROM tbl_period t1, tbl_periodset t2 WHERE t1.p <@ t2.ps;
 count 
-------
     0
(1 row)

SELECT COUNT(*) FROM tbl_periodset t1, tbl_periodset t2 WHERE t1.ps <@ t2.ps;
 count 
-------
    99
(1 row)

DROP INDEX tbl_timestampset_spgist_idx;
DROP INDEX
DROP INDEX tbl_period_spgist_idx;
DROP INDEX
DROP INDEX tbl_periodset_spgist_idx;
DROP INDEX
