SELECT stbox 'STBOX((1.0, 2.0), (3.0, 4.0))';
       stbox        
--------------------
 STBOX((1,2),(3,4))
(1 row)

SELECT stbox 'STBOX Z((1.0, 2.0, 3.0), (4.0, 5.0, 6.0))';
          stbox           
--------------------------
 STBOX Z((1,2,3),(4,5,6))
(1 row)

SELECT stbox 'STBOX T((1.0, 2.0, 2001-01-01), (3.0, 4.0, 2001-01-02))';
                               stbox                                
--------------------------------------------------------------------
 STBOX T((1,2,2001-01-01 00:00:00+00),(3,4,2001-01-02 00:00:00+00))
(1 row)

SELECT stbox 'STBOX ZT((1.0, 2.0, 3.0, 2001-01-01), (4.0, 5.0, 6.0, 2001-01-02))';
                                  stbox                                  
-------------------------------------------------------------------------
 STBOX ZT((1,2,3,2001-01-01 00:00:00+00),(4,5,6,2001-01-02 00:00:00+00))
(1 row)

SELECT stbox 'STBOX T(( , , 2001-01-01), ( , , 2001-01-02))';
                             stbox                              
----------------------------------------------------------------
 STBOX T((,,2001-01-01 00:00:00+00),(,,2001-01-02 00:00:00+00))
(1 row)

SELECT stbox 'GEODSTBOX((1.0, 2.0, 3.0), (1.0, 2.0, 3.0))';
           stbox            
----------------------------
 GEODSTBOX((1,2,3),(1,2,3))
(1 row)

SELECT stbox 'GEODSTBOX T((1.0, 2.0, 3.0, 2001-01-04), (1.0, 2.0, 3.0, 2001-01-03))';
                                   stbox                                    
----------------------------------------------------------------------------
 GEODSTBOX T((1,2,3,2001-01-03 00:00:00+00),(1,2,3,2001-01-04 00:00:00+00))
(1 row)

SELECT stbox 'GEODSTBOX T(( , , 2001-01-03), ( , , 2001-01-03))';
                               stbox                                
--------------------------------------------------------------------
 GEODSTBOX T((,,2001-01-03 00:00:00+00),(,,2001-01-03 00:00:00+00))
(1 row)

SELECT stbox 'STBOX ZT((5,6,7,2001-01-08), (1,2,3,2001-01-04))';
                                  stbox                                  
-------------------------------------------------------------------------
 STBOX ZT((1,2,3,2001-01-04 00:00:00+00),(5,6,7,2001-01-08 00:00:00+00))
(1 row)

/* Errors */
SELECT stbox 'AAA(1, 2, 3)';
ERROR:  Could not parse STBOX
LINE 2: SELECT stbox 'AAA(1, 2, 3)';
                     ^
SELECT stbox 'stbox(1, 2, 3)';
ERROR:  Could not parse STBOX: Missing opening parenthesis
LINE 1: SELECT stbox 'stbox(1, 2, 3)';
                     ^
SELECT stbox 'stbox((AA, 2, 3))';
ERROR:  Could not parse STBOX: Invalid input syntax for type double
LINE 1: SELECT stbox 'stbox((AA, 2, 3))';
                     ^
SELECT stbox 'stbox((1, AA, 3))';
ERROR:  Could not parse STBOX: Invalid input syntax for type double
LINE 1: SELECT stbox 'stbox((1, AA, 3))';
                     ^
SELECT stbox 'stbox z((1, 2, AA))';
ERROR:  Could not parse STBOX: Invalid input syntax for type double
LINE 1: SELECT stbox 'stbox z((1, 2, AA))';
                     ^
SELECT stbox 'stbox t((1, 2, AA))';
ERROR:  invalid input syntax for type timestamp with time zone: "AA"
LINE 1: SELECT stbox 'stbox t((1, 2, AA))';
                     ^
SELECT stbox 'stbox((1, 2, 3))';
ERROR:  Could not parse STBOX: Missing closing parenthesis
LINE 1: SELECT stbox 'stbox((1, 2, 3))';
                     ^
SELECT stbox 'stbox t((1, 2, 2001-01-03))';
ERROR:  Could not parse STBOX: Missing opening parenthesis
LINE 1: SELECT stbox 'stbox t((1, 2, 2001-01-03))';
                     ^
SELECT stbox 'stbox t((1, 2, 2001-01-03),()';
ERROR:  Could not parse STBOX: Invalid input syntax for type double
LINE 1: SELECT stbox 'stbox t((1, 2, 2001-01-03),()';
                     ^
SELECT stbox 'stbox t((1, 2, 2001-01-03),(1)';
ERROR:  Could not parse STBOX: Invalid input syntax for type double
LINE 1: SELECT stbox 'stbox t((1, 2, 2001-01-03),(1)';
                     ^
SELECT stbox 'stbox z((1, 2, 3),(1,2)';
ERROR:  Could not parse STBOX: Invalid input syntax for type double
LINE 1: SELECT stbox 'stbox z((1, 2, 3),(1,2)';
                     ^
SELECT stbox 'stbox t((1, 2, 2001-01-03),(1,2)';
ERROR:  invalid input syntax for type timestamp with time zone: ""
LINE 1: SELECT stbox 'stbox t((1, 2, 2001-01-03),(1,2)';
                     ^
SELECT stbox 'stbox t((1, 2, 2001-01-03),(1,2,2001-01-03)';
ERROR:  Could not parse STBOX: Missing closing parenthesis
LINE 1: SELECT stbox 'stbox t((1, 2, 2001-01-03),(1,2,2001-01-03)';
                     ^
SELECT stbox(1,2,3,4);
       stbox        
--------------------
 STBOX((1,2),(3,4))
(1 row)

SELECT stbox(1,2,3,4,5,6);
          stbox           
--------------------------
 STBOX Z((1,2,3),(4,5,6))
(1 row)

SELECT stbox(1,2,3,'2001-01-04',5,6,7,'2001-01-08');
                                  stbox                                  
-------------------------------------------------------------------------
 STBOX ZT((1,2,3,2001-01-04 00:00:00+00),(5,6,7,2001-01-08 00:00:00+00))
(1 row)

SELECT stboxt(1,2,'2001-01-03',4,5,'2001-01-06');
                               stboxt                               
--------------------------------------------------------------------
 STBOX T((1,2,2001-01-03 00:00:00+00),(4,5,2001-01-06 00:00:00+00))
(1 row)

SELECT geodstbox(1,2,3,4,5,6);
         geodstbox          
----------------------------
 GEODSTBOX((1,2,3),(4,5,6))
(1 row)

SELECT geodstbox(1,2,3,'2001-01-04',5,6,7,'2001-01-08');
                                 geodstbox                                  
----------------------------------------------------------------------------
 GEODSTBOX T((1,2,3,2001-01-04 00:00:00+00),(5,6,7,2001-01-08 00:00:00+00))
(1 row)

SELECT stbox(8,7,6,'2001-01-05',4,3,2,'2001-01-01');
                                  stbox                                  
-------------------------------------------------------------------------
 STBOX ZT((4,3,2,2001-01-01 00:00:00+00),(8,7,6,2001-01-05 00:00:00+00))
(1 row)

SELECT stboxt(6,5,'2001-01-04',3,2,'2001-01-01');
                               stboxt                               
--------------------------------------------------------------------
 STBOX T((3,2,2001-01-01 00:00:00+00),(6,5,2001-01-04 00:00:00+00))
(1 row)

SELECT geodstbox(8,7,6,'2001-01-05',4,3,2,'2001-01-01');
                                 geodstbox                                  
----------------------------------------------------------------------------
 GEODSTBOX T((4,3,2,2001-01-01 00:00:00+00),(8,7,6,2001-01-05 00:00:00+00))
(1 row)

SELECT st_astext(minPoint(stbox 'STBOX((1.0, 2.0), (3.0, 4.0))'));
 st_astext  
------------
 POINT(1 2)
(1 row)

SELECT st_astext(maxPoint(stbox 'STBOX((1.0, 2.0), (3.0, 4.0))'));
 st_astext  
------------
 POINT(3 4)
(1 row)

SELECT minTimestamp(stbox 'STBOX((1.0, 2.0), (3.0, 4.0))');
 mintimestamp 
--------------
 
(1 row)

SELECT maxTimestamp(stbox 'STBOX((1.0, 2.0), (3.0, 4.0))');
 maxtimestamp 
--------------
 
(1 row)

SELECT st_astext(minPoint(stbox 'STBOX Z((1.0, 2.0, 3.0), (4.0, 5.0, 6.0))'));
    st_astext    
-----------------
 POINT Z (1 2 3)
(1 row)

SELECT st_astext(maxPoint(stbox 'STBOX Z((1.0, 2.0, 3.0), (4.0, 5.0, 6.0))'));
    st_astext    
-----------------
 POINT Z (4 5 6)
(1 row)

SELECT minTimestamp(stbox 'STBOX Z((1.0, 2.0, 3.0), (4.0, 5.0, 6.0))');
 mintimestamp 
--------------
 
(1 row)

SELECT maxTimestamp(stbox 'STBOX Z((1.0, 2.0, 3.0), (4.0, 5.0, 6.0))');
 maxtimestamp 
--------------
 
(1 row)

SELECT st_astext(minPoint(stbox 'STBOX T((1.0, 2.0, 2000-01-01), (3.0, 4.0, 2000-01-02))'));
 st_astext  
------------
 POINT(1 2)
(1 row)

SELECT st_astext(maxPoint(stbox 'STBOX T((1.0, 2.0, 2000-01-01), (3.0, 4.0, 2000-01-02))'));
 st_astext  
------------
 POINT(3 4)
(1 row)

SELECT minTimestamp(stbox 'STBOX T((1.0, 2.0, 2000-01-01), (3.0, 4.0, 2000-01-02))');
      mintimestamp      
------------------------
 2000-01-01 00:00:00+00
(1 row)

SELECT maxTimestamp(stbox 'STBOX T((1.0, 2.0, 2000-01-01), (3.0, 4.0, 2000-01-02))');
      maxtimestamp      
------------------------
 2000-01-02 00:00:00+00
(1 row)

SELECT st_astext(minPoint(stbox 'STBOX ZT((1.0, 2.0, 3.0, 2000-01-01), (4.0, 5.0, 6.0, 2000-01-02))'));
    st_astext    
-----------------
 POINT Z (1 2 3)
(1 row)

SELECT st_astext(maxPoint(stbox 'STBOX ZT((1.0, 2.0, 3.0, 2000-01-01), (4.0, 5.0, 6.0, 2000-01-02))'));
    st_astext    
-----------------
 POINT Z (4 5 6)
(1 row)

SELECT minTimestamp(stbox 'STBOX ZT((1.0, 2.0, 3.0, 2000-01-01), (4.0, 5.0, 6.0, 2000-01-02))');
      mintimestamp      
------------------------
 2000-01-01 00:00:00+00
(1 row)

SELECT maxTimestamp(stbox 'STBOX ZT((1.0, 2.0, 3.0, 2000-01-01), (4.0, 5.0, 6.0, 2000-01-02))');
      maxtimestamp      
------------------------
 2000-01-02 00:00:00+00
(1 row)

SELECT minPoint(stbox 'STBOX T((, , 2000-01-01), (, , 2000-01-02))');
 minpoint 
----------
 
(1 row)

SELECT maxPoint(stbox 'STBOX T((, , 2000-01-01), (, , 2000-01-02))');
 maxpoint 
----------
 
(1 row)

SELECT minTimestamp(stbox 'STBOX T((, , 2000-01-01), (, , 2000-01-02))');
      mintimestamp      
------------------------
 2000-01-01 00:00:00+00
(1 row)

SELECT maxTimestamp(stbox 'STBOX T((, , 2000-01-01), (, , 2000-01-02))');
      maxtimestamp      
------------------------
 2000-01-02 00:00:00+00
(1 row)

SELECT stbox 'STBOX((1.0, 2.0), (3.0, 4.0))'::period;
 period 
--------
 
(1 row)

SELECT stbox 'STBOX Z((1.0, 2.0, 3.0), (4.0, 5.0, 6.0))'::period;
 period 
--------
 
(1 row)

SELECT stbox 'STBOX T((1.0, 2.0, 2000-01-01), (3.0, 4.0, 2000-01-02))'::period;
                      period                      
--------------------------------------------------
 [2000-01-01 00:00:00+00, 2000-01-02 00:00:00+00]
(1 row)

SELECT stbox 'STBOX ZT((1.0, 2.0, 3.0, 2000-01-01), (4.0, 5.0, 6.0, 2000-01-02))'::period;
                      period                      
--------------------------------------------------
 [2000-01-01 00:00:00+00, 2000-01-02 00:00:00+00]
(1 row)

SELECT stbox 'STBOX T((, , 2000-01-01), (, , 2000-01-02))'::period;
                      period                      
--------------------------------------------------
 [2000-01-01 00:00:00+00, 2000-01-02 00:00:00+00]
(1 row)

SELECT stbox_cmp(stbox 'STBOX ZT((1,2,3,2001-01-04), (1,2,3,2001-01-04))', stbox 'STBOX ZT((2,2,3,2001-01-04), (2,2,3,2001-01-04))');
 stbox_cmp 
-----------
        -1
(1 row)

SELECT stbox_cmp(stbox 'STBOX ZT((2,2,3,2001-01-04), (2,2,3,2001-01-04))', stbox 'STBOX ZT((1,2,3,2001-01-04), (1,2,3,2001-01-04))');
 stbox_cmp 
-----------
         1
(1 row)

SELECT stbox_cmp(stbox 'STBOX ZT((1,2,3,2001-01-04), (1,2,3,2001-01-04))', stbox 'STBOX ZT((1,3,3,2001-01-04), (1,3,3,2001-01-04))');
 stbox_cmp 
-----------
        -1
(1 row)

SELECT stbox_cmp(stbox 'STBOX ZT((1,3,3,2001-01-04), (1,3,3,2001-01-04))', stbox 'STBOX ZT((1,2,3,2001-01-04), (1,2,3,2001-01-04))');
 stbox_cmp 
-----------
         1
(1 row)

SELECT stbox_cmp(stbox 'STBOX ZT((1,2,3,2001-01-04), (1,2,3,2001-01-04))', stbox 'STBOX ZT((1,2,4,2001-01-04), (1,2,4,2001-01-04))');
 stbox_cmp 
-----------
        -1
(1 row)

SELECT stbox_cmp(stbox 'STBOX ZT((1,2,4,2001-01-04), (1,2,4,2001-01-04))', stbox 'STBOX ZT((1,2,3,2001-01-04), (1,2,3,2001-01-04))');
 stbox_cmp 
-----------
         1
(1 row)

SELECT stbox_cmp(stbox 'STBOX ZT((1,2,3,2001-01-04), (1,2,3,2001-01-04))', stbox 'STBOX ZT((1,2,3,2001-01-05), (1,2,3,2001-01-05))');
 stbox_cmp 
-----------
        -1
(1 row)

SELECT stbox_cmp(stbox 'STBOX ZT((1,2,3,2001-01-05), (1,2,3,2001-01-05))', stbox 'STBOX ZT((1,2,3,2001-01-04), (1,2,3,2001-01-04))');
 stbox_cmp 
-----------
         1
(1 row)

SELECT stbox_cmp(stbox 'STBOX ZT((1,2,3,2001-01-04), (1,2,3,2001-01-04))', stbox 'STBOX ZT((1,2,3,2001-01-04), (2,2,3,2001-01-04))');
 stbox_cmp 
-----------
        -1
(1 row)

SELECT stbox_cmp(stbox 'STBOX ZT((1,2,3,2001-01-04), (2,2,3,2001-01-04))', stbox 'STBOX ZT((1,2,3,2001-01-04), (1,2,3,2001-01-04))');
 stbox_cmp 
-----------
         1
(1 row)

SELECT stbox_cmp(stbox 'STBOX ZT((1,2,3,2001-01-04), (1,2,3,2001-01-04))', stbox 'STBOX ZT((1,2,3,2001-01-04), (1,3,3,2001-01-04))');
 stbox_cmp 
-----------
        -1
(1 row)

SELECT stbox_cmp(stbox 'STBOX ZT((1,2,3,2001-01-04), (1,3,3,2001-01-04))', stbox 'STBOX ZT((1,2,3,2001-01-04), (1,2,3,2001-01-04))');
 stbox_cmp 
-----------
         1
(1 row)

SELECT stbox_cmp(stbox 'STBOX ZT((1,2,3,2001-01-04), (1,2,3,2001-01-04))', stbox 'STBOX ZT((1,2,3,2001-01-04), (1,2,4,2001-01-04))');
 stbox_cmp 
-----------
        -1
(1 row)

SELECT stbox_cmp(stbox 'STBOX ZT((1,2,3,2001-01-04), (1,2,4,2001-01-04))', stbox 'STBOX ZT((1,2,3,2001-01-04), (1,2,3,2001-01-04))');
 stbox_cmp 
-----------
         1
(1 row)

SELECT stbox_cmp(stbox 'STBOX ZT((1,2,3,2001-01-04), (1,2,3,2001-01-04))', stbox 'STBOX ZT((1,2,3,2001-01-04), (1,2,3,2001-01-05))');
 stbox_cmp 
-----------
        -1
(1 row)

SELECT stbox_cmp(stbox 'STBOX ZT((1,2,3,2001-01-04), (1,2,3,2001-01-05))', stbox 'STBOX ZT((1,2,3,2001-01-04), (1,2,3,2001-01-04))');
 stbox_cmp 
-----------
         1
(1 row)

SELECT stbox_cmp(stbox 'STBOX ZT((1,2,3,2001-01-04), (1,2,3,2001-01-04))', stbox 'STBOX ZT((1,2,3,2001-01-04), (1,2,3,2001-01-04))');
 stbox_cmp 
-----------
         0
(1 row)

SELECT count(*) FROM tbl_stbox t1, tbl_stbox t2 where t1.b = t2.b;
 count 
-------
   100
(1 row)

SELECT count(*) FROM tbl_stbox t1, tbl_stbox t2 where t1.b <> t2.b;
 count 
-------
  9900
(1 row)

SELECT count(*) FROM tbl_stbox t1, tbl_stbox t2 where t1.b < t2.b;
 count 
-------
  4950
(1 row)

SELECT count(*) FROM tbl_stbox t1, tbl_stbox t2 where t1.b <= t2.b;
 count 
-------
  5050
(1 row)

SELECT count(*) FROM tbl_stbox t1, tbl_stbox t2 where t1.b > t2.b;
 count 
-------
  4950
(1 row)

SELECT count(*) FROM tbl_stbox t1, tbl_stbox t2 where t1.b >= t2.b;
 count 
-------
  5050
(1 row)

