SELECT astext(tgeompoint 'Point(1 1)@2000-01-01');
              astext               
-----------------------------------
 POINT(1 1)@2000-01-01 00:00:00+00
(1 row)

SELECT astext(tgeompoint '{Point(1 1)@2000-01-01, Point(2 2)@2000-01-02, Point(1 1)@2000-01-03}');
                                                  astext                                                   
-----------------------------------------------------------------------------------------------------------
 {POINT(1 1)@2000-01-01 00:00:00+00, POINT(2 2)@2000-01-02 00:00:00+00, POINT(1 1)@2000-01-03 00:00:00+00}
(1 row)

SELECT astext(tgeompoint '[Point(1 1)@2000-01-01, Point(2 2)@2000-01-02, Point(1 1)@2000-01-03]');
                                                  astext                                                   
-----------------------------------------------------------------------------------------------------------
 [POINT(1 1)@2000-01-01 00:00:00+00, POINT(2 2)@2000-01-02 00:00:00+00, POINT(1 1)@2000-01-03 00:00:00+00]
(1 row)

SELECT astext(tgeompoint '{[Point(1 1)@2000-01-01, Point(2 2)@2000-01-02, Point(1 1)@2000-01-03],[Point(3 3)@2000-01-04, Point(3 3)@2000-01-05]}');
                                                                                       astext                                                                                        
-------------------------------------------------------------------------------------------------------------------------------------------------------------------------------------
 {[POINT(1 1)@2000-01-01 00:00:00+00, POINT(2 2)@2000-01-02 00:00:00+00, POINT(1 1)@2000-01-03 00:00:00+00], [POINT(3 3)@2000-01-04 00:00:00+00, POINT(3 3)@2000-01-05 00:00:00+00]}
(1 row)

SELECT astext(tgeogpoint 'Point(1.5 1.5)@2000-01-01');
                astext                 
---------------------------------------
 POINT(1.5 1.5)@2000-01-01 00:00:00+00
(1 row)

SELECT astext(tgeogpoint '{Point(1.5 1.5)@2000-01-01, Point(2.5 2.5)@2000-01-02, Point(1.5 1.5)@2000-01-03}');
                                                        astext                                                         
-----------------------------------------------------------------------------------------------------------------------
 {POINT(1.5 1.5)@2000-01-01 00:00:00+00, POINT(2.5 2.5)@2000-01-02 00:00:00+00, POINT(1.5 1.5)@2000-01-03 00:00:00+00}
(1 row)

SELECT astext(tgeogpoint '[Point(1.5 1.5)@2000-01-01, Point(2.5 2.5)@2000-01-02, Point(1.5 1.5)@2000-01-03]');
                                                        astext                                                         
-----------------------------------------------------------------------------------------------------------------------
 [POINT(1.5 1.5)@2000-01-01 00:00:00+00, POINT(2.5 2.5)@2000-01-02 00:00:00+00, POINT(1.5 1.5)@2000-01-03 00:00:00+00]
(1 row)

SELECT astext(tgeogpoint '{[Point(1.5 1.5)@2000-01-01, Point(2.5 2.5)@2000-01-02, Point(1.5 1.5)@2000-01-03],[Point(3.5 3.5)@2000-01-04, Point(3.5 3.5)@2000-01-05]}');
                                                                                                 astext                                                                                                  
---------------------------------------------------------------------------------------------------------------------------------------------------------------------------------------------------------
 {[POINT(1.5 1.5)@2000-01-01 00:00:00+00, POINT(2.5 2.5)@2000-01-02 00:00:00+00, POINT(1.5 1.5)@2000-01-03 00:00:00+00], [POINT(3.5 3.5)@2000-01-04 00:00:00+00, POINT(3.5 3.5)@2000-01-05 00:00:00+00]}
(1 row)

SELECT astext(tgeompoint 'Point(1 1 1)@2000-01-01');
                 astext                 
----------------------------------------
 POINT Z (1 1 1)@2000-01-01 00:00:00+00
(1 row)

SELECT astext(tgeompoint '{Point(1 1 1)@2000-01-01, Point(2 2 2)@2000-01-02, Point(1 1 1)@2000-01-03}');
                                                          astext                                                          
--------------------------------------------------------------------------------------------------------------------------
 {POINT Z (1 1 1)@2000-01-01 00:00:00+00, POINT Z (2 2 2)@2000-01-02 00:00:00+00, POINT Z (1 1 1)@2000-01-03 00:00:00+00}
(1 row)

SELECT astext(tgeompoint '[Point(1 1 1)@2000-01-01, Point(2 2 2)@2000-01-02, Point(1 1 1)@2000-01-03]');
                                                          astext                                                          
--------------------------------------------------------------------------------------------------------------------------
 [POINT Z (1 1 1)@2000-01-01 00:00:00+00, POINT Z (2 2 2)@2000-01-02 00:00:00+00, POINT Z (1 1 1)@2000-01-03 00:00:00+00]
(1 row)

SELECT astext(tgeompoint '{[Point(1 1 1)@2000-01-01, Point(2 2 2)@2000-01-02, Point(1 1 1)@2000-01-03],[Point(3 3 3)@2000-01-04, Point(3 3 3)@2000-01-05]}');
                                                                                                    astext                                                                                                    
--------------------------------------------------------------------------------------------------------------------------------------------------------------------------------------------------------------
 {[POINT Z (1 1 1)@2000-01-01 00:00:00+00, POINT Z (2 2 2)@2000-01-02 00:00:00+00, POINT Z (1 1 1)@2000-01-03 00:00:00+00], [POINT Z (3 3 3)@2000-01-04 00:00:00+00, POINT Z (3 3 3)@2000-01-05 00:00:00+00]}
(1 row)

SELECT astext(tgeogpoint 'Point(1.5 1.5 1.5)@2000-01-01');
                    astext                    
----------------------------------------------
 POINT Z (1.5 1.5 1.5)@2000-01-01 00:00:00+00
(1 row)

SELECT astext(tgeogpoint '{Point(1.5 1.5 1.5)@2000-01-01, Point(2.5 2.5 2.5)@2000-01-02, Point(1.5 1.5 1.5)@2000-01-03}');
                                                                   astext                                                                   
--------------------------------------------------------------------------------------------------------------------------------------------
 {POINT Z (1.5 1.5 1.5)@2000-01-01 00:00:00+00, POINT Z (2.5 2.5 2.5)@2000-01-02 00:00:00+00, POINT Z (1.5 1.5 1.5)@2000-01-03 00:00:00+00}
(1 row)

SELECT astext(tgeogpoint '[Point(1.5 1.5 1.5)@2000-01-01, Point(2.5 2.5 2.5)@2000-01-02, Point(1.5 1.5 1.5)@2000-01-03]');
                                                                   astext                                                                   
--------------------------------------------------------------------------------------------------------------------------------------------
 [POINT Z (1.5 1.5 1.5)@2000-01-01 00:00:00+00, POINT Z (2.5 2.5 2.5)@2000-01-02 00:00:00+00, POINT Z (1.5 1.5 1.5)@2000-01-03 00:00:00+00]
(1 row)

SELECT astext(tgeogpoint '{[Point(1.5 1.5 1.5)@2000-01-01, Point(2.5 2.5 2.5)@2000-01-02, Point(1.5 1.5 1.5)@2000-01-03],[Point(3.5 3.5 3.5)@2000-01-04, Point(3.5 3.5 3.5)@2000-01-05]}');
                                                                                                                   astext                                                                                                                   
--------------------------------------------------------------------------------------------------------------------------------------------------------------------------------------------------------------------------------------------
 {[POINT Z (1.5 1.5 1.5)@2000-01-01 00:00:00+00, POINT Z (2.5 2.5 2.5)@2000-01-02 00:00:00+00, POINT Z (1.5 1.5 1.5)@2000-01-03 00:00:00+00], [POINT Z (3.5 3.5 3.5)@2000-01-04 00:00:00+00, POINT Z (3.5 3.5 3.5)@2000-01-05 00:00:00+00]}
(1 row)

SELECT astext('{}'::tgeompoint[]);
 astext 
--------
 
(1 row)

SELECT astext(ARRAY[tgeompoint 'Point(1 1)@2000-01-01']);
                astext                 
---------------------------------------
 {"POINT(1 1)@2000-01-01 00:00:00+00"}
(1 row)

SELECT asEWKT(tgeompoint 'Point(1 1)@2000-01-01');
              asewkt               
-----------------------------------
 POINT(1 1)@2000-01-01 00:00:00+00
(1 row)

SELECT asEWKT(tgeompoint '{Point(1 1)@2000-01-01, Point(2 2)@2000-01-02, Point(1 1)@2000-01-03}');
                                                  asewkt                                                   
-----------------------------------------------------------------------------------------------------------
 {POINT(1 1)@2000-01-01 00:00:00+00, POINT(2 2)@2000-01-02 00:00:00+00, POINT(1 1)@2000-01-03 00:00:00+00}
(1 row)

SELECT asEWKT(tgeompoint '[Point(1 1)@2000-01-01, Point(2 2)@2000-01-02, Point(1 1)@2000-01-03]');
                                                  asewkt                                                   
-----------------------------------------------------------------------------------------------------------
 [POINT(1 1)@2000-01-01 00:00:00+00, POINT(2 2)@2000-01-02 00:00:00+00, POINT(1 1)@2000-01-03 00:00:00+00]
(1 row)

SELECT asEWKT(tgeompoint '{[Point(1 1)@2000-01-01, Point(2 2)@2000-01-02, Point(1 1)@2000-01-03],[Point(3 3)@2000-01-04, Point(3 3)@2000-01-05]}');
                                                                                       asewkt                                                                                        
-------------------------------------------------------------------------------------------------------------------------------------------------------------------------------------
 {[POINT(1 1)@2000-01-01 00:00:00+00, POINT(2 2)@2000-01-02 00:00:00+00, POINT(1 1)@2000-01-03 00:00:00+00], [POINT(3 3)@2000-01-04 00:00:00+00, POINT(3 3)@2000-01-05 00:00:00+00]}
(1 row)

SELECT asEWKT(tgeogpoint 'Point(1.5 1.5)@2000-01-01');
                     asewkt                      
-------------------------------------------------
 SRID=4326;POINT(1.5 1.5)@2000-01-01 00:00:00+00
(1 row)

SELECT asEWKT(tgeogpoint '{Point(1.5 1.5)@2000-01-01, Point(2.5 2.5)@2000-01-02, Point(1.5 1.5)@2000-01-03}');
                                                             asewkt                                                              
---------------------------------------------------------------------------------------------------------------------------------
 SRID=4326;{POINT(1.5 1.5)@2000-01-01 00:00:00+00, POINT(2.5 2.5)@2000-01-02 00:00:00+00, POINT(1.5 1.5)@2000-01-03 00:00:00+00}
(1 row)

SELECT asEWKT(tgeogpoint '[Point(1.5 1.5)@2000-01-01, Point(2.5 2.5)@2000-01-02, Point(1.5 1.5)@2000-01-03]');
                                                             asewkt                                                              
---------------------------------------------------------------------------------------------------------------------------------
 SRID=4326;[POINT(1.5 1.5)@2000-01-01 00:00:00+00, POINT(2.5 2.5)@2000-01-02 00:00:00+00, POINT(1.5 1.5)@2000-01-03 00:00:00+00]
(1 row)

SELECT asEWKT(tgeogpoint '{[Point(1.5 1.5)@2000-01-01, Point(2.5 2.5)@2000-01-02, Point(1.5 1.5)@2000-01-03],[Point(3.5 3.5)@2000-01-04, Point(3.5 3.5)@2000-01-05]}');
                                                                                                      asewkt                                                                                                       
-------------------------------------------------------------------------------------------------------------------------------------------------------------------------------------------------------------------
 SRID=4326;{[POINT(1.5 1.5)@2000-01-01 00:00:00+00, POINT(2.5 2.5)@2000-01-02 00:00:00+00, POINT(1.5 1.5)@2000-01-03 00:00:00+00], [POINT(3.5 3.5)@2000-01-04 00:00:00+00, POINT(3.5 3.5)@2000-01-05 00:00:00+00]}
(1 row)

SELECT asEWKT(tgeompoint 'Point(1 1 1)@2000-01-01');
                 asewkt                 
----------------------------------------
 POINT Z (1 1 1)@2000-01-01 00:00:00+00
(1 row)

SELECT asEWKT(tgeompoint '{Point(1 1 1)@2000-01-01, Point(2 2 2)@2000-01-02, Point(1 1 1)@2000-01-03}');
                                                          asewkt                                                          
--------------------------------------------------------------------------------------------------------------------------
 {POINT Z (1 1 1)@2000-01-01 00:00:00+00, POINT Z (2 2 2)@2000-01-02 00:00:00+00, POINT Z (1 1 1)@2000-01-03 00:00:00+00}
(1 row)

SELECT asEWKT(tgeompoint '[Point(1 1 1)@2000-01-01, Point(2 2 2)@2000-01-02, Point(1 1 1)@2000-01-03]');
                                                          asewkt                                                          
--------------------------------------------------------------------------------------------------------------------------
 [POINT Z (1 1 1)@2000-01-01 00:00:00+00, POINT Z (2 2 2)@2000-01-02 00:00:00+00, POINT Z (1 1 1)@2000-01-03 00:00:00+00]
(1 row)

SELECT asEWKT(tgeompoint '{[Point(1 1 1)@2000-01-01, Point(2 2 2)@2000-01-02, Point(1 1 1)@2000-01-03],[Point(3 3 3)@2000-01-04, Point(3 3 3)@2000-01-05]}');
                                                                                                    asewkt                                                                                                    
--------------------------------------------------------------------------------------------------------------------------------------------------------------------------------------------------------------
 {[POINT Z (1 1 1)@2000-01-01 00:00:00+00, POINT Z (2 2 2)@2000-01-02 00:00:00+00, POINT Z (1 1 1)@2000-01-03 00:00:00+00], [POINT Z (3 3 3)@2000-01-04 00:00:00+00, POINT Z (3 3 3)@2000-01-05 00:00:00+00]}
(1 row)

SELECT asEWKT(tgeogpoint 'Point(1.5 1.5 1.5)@2000-01-01');
                         asewkt                         
--------------------------------------------------------
 SRID=4326;POINT Z (1.5 1.5 1.5)@2000-01-01 00:00:00+00
(1 row)

SELECT asEWKT(tgeogpoint '{Point(1.5 1.5 1.5)@2000-01-01, Point(2.5 2.5 2.5)@2000-01-02, Point(1.5 1.5 1.5)@2000-01-03}');
                                                                        asewkt                                                                        
------------------------------------------------------------------------------------------------------------------------------------------------------
 SRID=4326;{POINT Z (1.5 1.5 1.5)@2000-01-01 00:00:00+00, POINT Z (2.5 2.5 2.5)@2000-01-02 00:00:00+00, POINT Z (1.5 1.5 1.5)@2000-01-03 00:00:00+00}
(1 row)

SELECT asEWKT(tgeogpoint '[Point(1.5 1.5 1.5)@2000-01-01, Point(2.5 2.5 2.5)@2000-01-02, Point(1.5 1.5 1.5)@2000-01-03]');
                                                                        asewkt                                                                        
------------------------------------------------------------------------------------------------------------------------------------------------------
 SRID=4326;[POINT Z (1.5 1.5 1.5)@2000-01-01 00:00:00+00, POINT Z (2.5 2.5 2.5)@2000-01-02 00:00:00+00, POINT Z (1.5 1.5 1.5)@2000-01-03 00:00:00+00]
(1 row)

SELECT asEWKT(tgeogpoint '{[Point(1.5 1.5 1.5)@2000-01-01, Point(2.5 2.5 2.5)@2000-01-02, Point(1.5 1.5 1.5)@2000-01-03],[Point(3.5 3.5 3.5)@2000-01-04, Point(3.5 3.5 3.5)@2000-01-05]}');
                                                                                                                        asewkt                                                                                                                        
------------------------------------------------------------------------------------------------------------------------------------------------------------------------------------------------------------------------------------------------------
 SRID=4326;{[POINT Z (1.5 1.5 1.5)@2000-01-01 00:00:00+00, POINT Z (2.5 2.5 2.5)@2000-01-02 00:00:00+00, POINT Z (1.5 1.5 1.5)@2000-01-03 00:00:00+00], [POINT Z (3.5 3.5 3.5)@2000-01-04 00:00:00+00, POINT Z (3.5 3.5 3.5)@2000-01-05 00:00:00+00]}
(1 row)

SELECT asewkt('{}'::tgeompoint[]);
 asewkt 
--------
 
(1 row)

SELECT asewkt(ARRAY[tgeompoint 'Point(1 1)@2000-01-01']);
                asewkt                 
---------------------------------------
 {"POINT(1 1)@2000-01-01 00:00:00+00"}
(1 row)
