SELECT multidimGrid(tgeompoint '[Point(3 3)@2000-01-15, Point(15 15)@2000-01-25]'::stbox, 2.0) LIMIT 3;
          multidimgrid          
--------------------------------
 ("{1,1}","STBOX((2,2),(4,4))")
 ("{2,1}","STBOX((4,2),(6,4))")
 ("{3,1}","STBOX((6,2),(8,4))")
(3 rows)

SELECT multidimGrid(tgeompoint 'SRID=3812;[Point(3 3)@2000-01-15, Point(15 15)@2000-01-25]'::stbox, 2.0, geometry 'Point(3 3)') LIMIT 3;
               multidimgrid               
------------------------------------------
 ("{0,0}","SRID=3812;STBOX((3,3),(5,5))")
 ("{1,0}","SRID=3812;STBOX((5,3),(7,5))")
 ("{2,0}","SRID=3812;STBOX((7,3),(9,5))")
(3 rows)

SELECT multidimGrid(tgeompoint '[Point(3 3 3)@2000-01-15, Point(15 15 15)@2000-01-25]'::stbox, 2.0, geometry 'Point(3 3 3)') LIMIT 3;
              multidimgrid              
----------------------------------------
 ("{0,0,0}","STBOX Z((3,3,3),(5,5,5))")
 ("{1,0,0}","STBOX Z((5,3,3),(7,5,5))")
 ("{2,0,0}","STBOX Z((7,3,3),(9,5,5))")
(3 rows)

SELECT multidimGrid(tgeompoint '[Point(3 3)@2000-01-15, Point(15 15)@2000-01-25]'::stbox, 2.0, '2 days', 'Point(3 3)', '2000-01-15') LIMIT 3;
                                   multidimgrid                                   
----------------------------------------------------------------------------------
 ("{0,0,0}","STBOX T((3,3,2000-01-15 00:00:00+00),(5,5,2000-01-17 00:00:00+00))")
 ("{1,0,0}","STBOX T((5,3,2000-01-15 00:00:00+00),(7,5,2000-01-17 00:00:00+00))")
 ("{2,0,0}","STBOX T((7,3,2000-01-15 00:00:00+00),(9,5,2000-01-17 00:00:00+00))")
(3 rows)

SELECT multidimGrid(tgeompoint '[Point(3 3 3)@2000-01-15, Point(15 15 15)@2000-01-25]'::stbox, 2.0, '2 days', 'Point(3 3 3)', '2000-01-15') LIMIT 3;
                                      multidimgrid                                       
-----------------------------------------------------------------------------------------
 ("{0,0,0,0}","STBOX ZT((3,3,3,2000-01-15 00:00:00+00),(5,5,5,2000-01-17 00:00:00+00))")
 ("{1,0,0,0}","STBOX ZT((5,3,3,2000-01-15 00:00:00+00),(7,5,5,2000-01-17 00:00:00+00))")
 ("{2,0,0,0}","STBOX ZT((7,3,3,2000-01-15 00:00:00+00),(9,5,5,2000-01-17 00:00:00+00))")
(3 rows)

SELECT multidimTileStbox(ARRAY[2,0], 2.0);
 multidimtilestbox  
--------------------
 STBOX((4,0),(6,2))
(1 row)

SELECT multidimTileStbox(ARRAY[2,0,0], 2.0);
    multidimtilestbox     
--------------------------
 STBOX Z((4,0,0),(6,2,2))
(1 row)

SELECT multidimTileStbox(ARRAY[2,0,0], 2.0, interval '2 days');
                         multidimtilestbox                          
--------------------------------------------------------------------
 STBOX T((4,0,2000-01-03 00:00:00+00),(6,2,2000-01-05 00:00:00+00))
(1 row)

SELECT multidimTileStbox(ARRAY[2,0,0,0], 2.0, interval '2 days');
                            multidimtilestbox                            
-------------------------------------------------------------------------
 STBOX ZT((4,0,0,2000-01-03 00:00:00+00),(6,2,2,2000-01-05 00:00:00+00))
(1 row)

SELECT multidimTileStbox(ARRAY[2,0,0,0], 2.0, interval '2 days', geometry 'Point(1 1 1)', '2020-06-15');
                            multidimtilestbox                            
-------------------------------------------------------------------------
 STBOX ZT((5,1,1,2020-06-15 00:00:00+00),(7,3,3,2020-06-17 00:00:00+00))
(1 row)

