DROP INDEX IF EXISTS tbl_tgeompoint_spgist_idx;
NOTICE:  index "tbl_tgeompoint_spgist_idx" does not exist, skipping
DROP INDEX
DROP INDEX IF EXISTS tbl_tgeogpoint_spgist_idx;
NOTICE:  index "tbl_tgeogpoint_spgist_idx" does not exist, skipping
DROP INDEX
ALTER TABLE test_geoboundboxops ADD spgistidx bigint ;
ALTER TABLE
CREATE INDEX tbl_tgeompoint_spgist_idx ON tbl_tgeompoint USING SPGIST(temp);
CREATE INDEX
CREATE INDEX tbl_tgeogpoint_spgist_idx ON tbl_tgeogpoint USING SPGIST(temp);
CREATE INDEX
UPDATE test_geoboundboxops
SET spgistidx = ( SELECT count(*) FROM tbl_geometry, tbl_tgeompoint WHERE g && temp )
WHERE op = '&&' and leftarg = 'geometry' and rightarg = 'tgeompoint';
UPDATE 1
UPDATE test_geoboundboxops
SET spgistidx = ( SELECT count(*) FROM tbl_geometry, tbl_tgeompoint WHERE g @> temp )
WHERE op = '@>' and leftarg = 'geometry' and rightarg = 'tgeompoint';
UPDATE 1
UPDATE test_geoboundboxops
SET spgistidx = ( SELECT count(*) FROM tbl_geometry, tbl_tgeompoint WHERE g <@ temp )
WHERE op = '<@' and leftarg = 'geometry' and rightarg = 'tgeompoint';
UPDATE 1
UPDATE test_geoboundboxops
SET spgistidx = ( SELECT count(*) FROM tbl_geometry, tbl_tgeompoint WHERE g -|- temp )
WHERE op = '-|-' and leftarg = 'geometry' and rightarg = 'tgeompoint';
UPDATE 1
UPDATE test_geoboundboxops
SET spgistidx = ( SELECT count(*) FROM tbl_geometry, tbl_tgeompoint WHERE g ~= temp )
WHERE op = '~=' and leftarg = 'geometry' and rightarg = 'tgeompoint';
UPDATE 1
UPDATE test_geoboundboxops
SET spgistidx = ( SELECT count(*) FROM tbl_timestamptz, tbl_tgeompoint WHERE t && temp )
WHERE op = '&&' and leftarg = 'timestamptz' and rightarg = 'tgeompoint';
UPDATE 1
UPDATE test_geoboundboxops
SET spgistidx = ( SELECT count(*) FROM tbl_timestamptz, tbl_tgeompoint WHERE t @> temp )
WHERE op = '@>' and leftarg = 'timestamptz' and rightarg = 'tgeompoint';
UPDATE 1
UPDATE test_geoboundboxops
SET spgistidx = ( SELECT count(*) FROM tbl_timestamptz, tbl_tgeompoint WHERE t <@ temp )
WHERE op = '<@' and leftarg = 'timestamptz' and rightarg = 'tgeompoint';
UPDATE 1
UPDATE test_geoboundboxops
SET spgistidx = ( SELECT count(*) FROM tbl_timestamptz, tbl_tgeompoint WHERE t -|- temp )
WHERE op = '-|-' and leftarg = 'timestamptz' and rightarg = 'tgeompoint';
UPDATE 1
UPDATE test_geoboundboxops
SET spgistidx = ( SELECT count(*) FROM tbl_timestamptz, tbl_tgeompoint WHERE t ~= temp )
WHERE op = '~=' and leftarg = 'timestamptz' and rightarg = 'tgeompoint';
UPDATE 1
UPDATE test_geoboundboxops
SET spgistidx = ( SELECT count(*) FROM tbl_timestampset, tbl_tgeompoint WHERE ts && temp )
WHERE op = '&&' and leftarg = 'timestampset' and rightarg = 'tgeompoint';
UPDATE 1
UPDATE test_geoboundboxops
SET spgistidx = ( SELECT count(*) FROM tbl_timestampset, tbl_tgeompoint WHERE ts @> temp )
WHERE op = '@>' and leftarg = 'timestampset' and rightarg = 'tgeompoint';
UPDATE 1
UPDATE test_geoboundboxops
SET spgistidx = ( SELECT count(*) FROM tbl_timestampset, tbl_tgeompoint WHERE ts <@ temp )
WHERE op = '<@' and leftarg = 'timestampset' and rightarg = 'tgeompoint';
UPDATE 1
UPDATE test_geoboundboxops
SET spgistidx = ( SELECT count(*) FROM tbl_timestampset, tbl_tgeompoint WHERE ts -|- temp )
WHERE op = '-|-' and leftarg = 'timestampset' and rightarg = 'tgeompoint';
UPDATE 1
UPDATE test_geoboundboxops
SET spgistidx = ( SELECT count(*) FROM tbl_timestampset, tbl_tgeompoint WHERE ts ~= temp )
WHERE op = '~=' and leftarg = 'timestampset' and rightarg = 'tgeompoint';
UPDATE 1
UPDATE test_geoboundboxops
SET spgistidx = ( SELECT count(*) FROM tbl_period, tbl_tgeompoint WHERE p && temp )
WHERE op = '&&' and leftarg = 'period' and rightarg = 'tgeompoint';
UPDATE 1
UPDATE test_geoboundboxops
SET spgistidx = ( SELECT count(*) FROM tbl_period, tbl_tgeompoint WHERE p @> temp )
WHERE op = '@>' and leftarg = 'period' and rightarg = 'tgeompoint';
UPDATE 1
UPDATE test_geoboundboxops
SET spgistidx = ( SELECT count(*) FROM tbl_period, tbl_tgeompoint WHERE p <@ temp )
WHERE op = '<@' and leftarg = 'period' and rightarg = 'tgeompoint';
UPDATE 1
UPDATE test_geoboundboxops
SET spgistidx = ( SELECT count(*) FROM tbl_period, tbl_tgeompoint WHERE p -|- temp )
WHERE op = '-|-' and leftarg = 'period' and rightarg = 'tgeompoint';
UPDATE 1
UPDATE test_geoboundboxops
SET spgistidx = ( SELECT count(*) FROM tbl_period, tbl_tgeompoint WHERE p ~= temp )
WHERE op = '~=' and leftarg = 'period' and rightarg = 'tgeompoint';
UPDATE 1
UPDATE test_geoboundboxops
SET spgistidx = ( SELECT count(*) FROM tbl_periodset, tbl_tgeompoint WHERE ps && temp )
WHERE op = '&&' and leftarg = 'periodset' and rightarg = 'tgeompoint';
UPDATE 1
UPDATE test_geoboundboxops
SET spgistidx = ( SELECT count(*) FROM tbl_periodset, tbl_tgeompoint WHERE ps @> temp )
WHERE op = '@>' and leftarg = 'periodset' and rightarg = 'tgeompoint';
UPDATE 1
UPDATE test_geoboundboxops
SET spgistidx = ( SELECT count(*) FROM tbl_periodset, tbl_tgeompoint WHERE ps <@ temp )
WHERE op = '<@' and leftarg = 'periodset' and rightarg = 'tgeompoint';
UPDATE 1
UPDATE test_geoboundboxops
SET spgistidx = ( SELECT count(*) FROM tbl_periodset, tbl_tgeompoint WHERE ps -|- temp )
WHERE op = '-|-' and leftarg = 'periodset' and rightarg = 'tgeompoint';
UPDATE 1
UPDATE test_geoboundboxops
SET spgistidx = ( SELECT count(*) FROM tbl_periodset, tbl_tgeompoint WHERE ps ~= temp )
WHERE op = '~=' and leftarg = 'periodset' and rightarg = 'tgeompoint';
UPDATE 1
UPDATE test_geoboundboxops
SET spgistidx = ( SELECT count(*) FROM tbl_stbox, tbl_tgeompoint WHERE b && temp )
WHERE op = '&&' and leftarg = 'stbox' and rightarg = 'tgeompoint';
UPDATE 1
UPDATE test_geoboundboxops
SET spgistidx = ( SELECT count(*) FROM tbl_stbox, tbl_tgeompoint WHERE b @> temp )
WHERE op = '@>' and leftarg = 'stbox' and rightarg = 'tgeompoint';
UPDATE 1
UPDATE test_geoboundboxops
SET spgistidx = ( SELECT count(*) FROM tbl_stbox, tbl_tgeompoint WHERE b <@ temp )
WHERE op = '<@' and leftarg = 'stbox' and rightarg = 'tgeompoint';
UPDATE 1
UPDATE test_geoboundboxops
SET spgistidx = ( SELECT count(*) FROM tbl_stbox, tbl_tgeompoint WHERE b -|- temp )
WHERE op = '-|-' and leftarg = 'stbox' and rightarg = 'tgeompoint';
UPDATE 1
UPDATE test_geoboundboxops
SET spgistidx = ( SELECT count(*) FROM tbl_stbox, tbl_tgeompoint WHERE b ~= temp )
WHERE op = '~=' and leftarg = 'stbox' and rightarg = 'tgeompoint';
UPDATE 1
UPDATE test_geoboundboxops
SET spgistidx = ( SELECT count(*) FROM tbl_geography, tbl_tgeogpoint WHERE g && temp )
WHERE op = '&&' and leftarg = 'geogcollection' and rightarg = 'tgeogpoint';
UPDATE 1
UPDATE test_geoboundboxops
SET spgistidx = ( SELECT count(*) FROM tbl_geography, tbl_tgeogpoint WHERE g @> temp )
WHERE op = '@>' and leftarg = 'geogcollection' and rightarg = 'tgeogpoint';
UPDATE 1
UPDATE test_geoboundboxops
SET spgistidx = ( SELECT count(*) FROM tbl_geography, tbl_tgeogpoint WHERE g <@ temp )
WHERE op = '<@' and leftarg = 'geogcollection' and rightarg = 'tgeogpoint';
UPDATE 1
UPDATE test_geoboundboxops
SET spgistidx = ( SELECT count(*) FROM tbl_geography, tbl_tgeogpoint WHERE g -|- temp )
WHERE op = '-|-' and leftarg = 'geogcollection' and rightarg = 'tgeogpoint';
UPDATE 1
UPDATE test_geoboundboxops
SET spgistidx = ( SELECT count(*) FROM tbl_geography, tbl_tgeogpoint WHERE g ~= temp )
WHERE op = '~=' and leftarg = 'geogcollection' and rightarg = 'tgeogpoint';
UPDATE 1
UPDATE test_geoboundboxops
SET spgistidx = ( SELECT count(*) FROM tbl_timestamptz, tbl_tgeogpoint WHERE t && temp )
WHERE op = '&&' and leftarg = 'timestamptz' and rightarg = 'tgeogpoint';
UPDATE 1
UPDATE test_geoboundboxops
SET spgistidx = ( SELECT count(*) FROM tbl_timestamptz, tbl_tgeogpoint WHERE t @> temp )
WHERE op = '@>' and leftarg = 'timestamptz' and rightarg = 'tgeogpoint';
UPDATE 1
UPDATE test_geoboundboxops
SET spgistidx = ( SELECT count(*) FROM tbl_timestamptz, tbl_tgeogpoint WHERE t <@ temp )
WHERE op = '<@' and leftarg = 'timestamptz' and rightarg = 'tgeogpoint';
UPDATE 1
UPDATE test_geoboundboxops
SET spgistidx = ( SELECT count(*) FROM tbl_timestamptz, tbl_tgeogpoint WHERE t -|- temp )
WHERE op = '-|-' and leftarg = 'timestamptz' and rightarg = 'tgeogpoint';
UPDATE 1
UPDATE test_geoboundboxops
SET spgistidx = ( SELECT count(*) FROM tbl_timestamptz, tbl_tgeogpoint WHERE t ~= temp )
WHERE op = '~=' and leftarg = 'timestamptz' and rightarg = 'tgeogpoint';
UPDATE 1
UPDATE test_geoboundboxops
SET spgistidx = ( SELECT count(*) FROM tbl_timestampset, tbl_tgeogpoint WHERE ts && temp )
WHERE op = '&&' and leftarg = 'timestampset' and rightarg = 'tgeogpoint';
UPDATE 1
UPDATE test_geoboundboxops
SET spgistidx = ( SELECT count(*) FROM tbl_timestampset, tbl_tgeogpoint WHERE ts @> temp )
WHERE op = '@>' and leftarg = 'timestampset' and rightarg = 'tgeogpoint';
UPDATE 1
UPDATE test_geoboundboxops
SET spgistidx = ( SELECT count(*) FROM tbl_timestampset, tbl_tgeogpoint WHERE ts <@ temp )
WHERE op = '<@' and leftarg = 'timestampset' and rightarg = 'tgeogpoint';
UPDATE 1
UPDATE test_geoboundboxops
SET spgistidx = ( SELECT count(*) FROM tbl_timestampset, tbl_tgeogpoint WHERE ts -|- temp )
WHERE op = '-|-' and leftarg = 'timestampset' and rightarg = 'tgeogpoint';
UPDATE 1
UPDATE test_geoboundboxops
SET spgistidx = ( SELECT count(*) FROM tbl_timestampset, tbl_tgeogpoint WHERE ts ~= temp )
WHERE op = '~=' and leftarg = 'timestampset' and rightarg = 'tgeogpoint';
UPDATE 1
UPDATE test_geoboundboxops
SET spgistidx = ( SELECT count(*) FROM tbl_period, tbl_tgeogpoint WHERE p && temp )
WHERE op = '&&' and leftarg = 'period' and rightarg = 'tgeogpoint';
UPDATE 1
UPDATE test_geoboundboxops
SET spgistidx = ( SELECT count(*) FROM tbl_period, tbl_tgeogpoint WHERE p @> temp )
WHERE op = '@>' and leftarg = 'period' and rightarg = 'tgeogpoint';
UPDATE 1
UPDATE test_geoboundboxops
SET spgistidx = ( SELECT count(*) FROM tbl_period, tbl_tgeogpoint WHERE p <@ temp )
WHERE op = '<@' and leftarg = 'period' and rightarg = 'tgeogpoint';
UPDATE 1
UPDATE test_geoboundboxops
SET spgistidx = ( SELECT count(*) FROM tbl_period, tbl_tgeogpoint WHERE p -|- temp )
WHERE op = '-|-' and leftarg = 'period' and rightarg = 'tgeogpoint';
UPDATE 1
UPDATE test_geoboundboxops
SET spgistidx = ( SELECT count(*) FROM tbl_period, tbl_tgeogpoint WHERE p ~= temp )
WHERE op = '~=' and leftarg = 'period' and rightarg = 'tgeogpoint';
UPDATE 1
UPDATE test_geoboundboxops
SET spgistidx = ( SELECT count(*) FROM tbl_periodset, tbl_tgeogpoint WHERE ps && temp )
WHERE op = '&&' and leftarg = 'periodset' and rightarg = 'tgeogpoint';
UPDATE 1
UPDATE test_geoboundboxops
SET spgistidx = ( SELECT count(*) FROM tbl_periodset, tbl_tgeogpoint WHERE ps @> temp )
WHERE op = '@>' and leftarg = 'periodset' and rightarg = 'tgeogpoint';
UPDATE 1
UPDATE test_geoboundboxops
SET spgistidx = ( SELECT count(*) FROM tbl_periodset, tbl_tgeogpoint WHERE ps <@ temp )
WHERE op = '<@' and leftarg = 'periodset' and rightarg = 'tgeogpoint';
UPDATE 1
UPDATE test_geoboundboxops
SET spgistidx = ( SELECT count(*) FROM tbl_periodset, tbl_tgeogpoint WHERE ps -|- temp )
WHERE op = '-|-' and leftarg = 'periodset' and rightarg = 'tgeogpoint';
UPDATE 1
UPDATE test_geoboundboxops
SET spgistidx = ( SELECT count(*) FROM tbl_periodset, tbl_tgeogpoint WHERE ps ~= temp )
WHERE op = '~=' and leftarg = 'periodset' and rightarg = 'tgeogpoint';
UPDATE 1
UPDATE test_geoboundboxops
SET spgistidx = ( SELECT count(*) FROM tbl_geodstbox, tbl_tgeogpoint WHERE b && temp )
WHERE op = '&&' and leftarg = 'stbox' and rightarg = 'tgeogpoint';
UPDATE 1
UPDATE test_geoboundboxops
SET spgistidx = ( SELECT count(*) FROM tbl_geodstbox, tbl_tgeogpoint WHERE b @> temp )
WHERE op = '@>' and leftarg = 'stbox' and rightarg = 'tgeogpoint';
UPDATE 1
UPDATE test_geoboundboxops
SET spgistidx = ( SELECT count(*) FROM tbl_geodstbox, tbl_tgeogpoint WHERE b <@ temp )
WHERE op = '<@' and leftarg = 'stbox' and rightarg = 'tgeogpoint';
UPDATE 1
UPDATE test_geoboundboxops
SET spgistidx = ( SELECT count(*) FROM tbl_geodstbox, tbl_tgeogpoint WHERE b -|- temp )
WHERE op = '-|-' and leftarg = 'stbox' and rightarg = 'tgeogpoint';
UPDATE 1
UPDATE test_geoboundboxops
SET spgistidx = ( SELECT count(*) FROM tbl_geodstbox, tbl_tgeogpoint WHERE b ~= temp )
WHERE op = '~=' and leftarg = 'stbox' and rightarg = 'tgeogpoint';
UPDATE 1
UPDATE test_geoboundboxops
SET spgistidx = ( SELECT count(*) FROM tbl_tgeompoint, tbl_geometry WHERE temp && g )
WHERE op = '&&' and leftarg = 'tgeompoint' and rightarg = 'geometry';
UPDATE 1
UPDATE test_geoboundboxops
SET spgistidx = ( SELECT count(*) FROM tbl_tgeompoint, tbl_geometry WHERE temp @> g )
WHERE op = '@>' and leftarg = 'tgeompoint' and rightarg = 'geometry';
UPDATE 1
UPDATE test_geoboundboxops
SET spgistidx = ( SELECT count(*) FROM tbl_tgeompoint, tbl_geometry WHERE temp <@ g )
WHERE op = '<@' and leftarg = 'tgeompoint' and rightarg = 'geometry';
UPDATE 1
UPDATE test_geoboundboxops
SET spgistidx = ( SELECT count(*) FROM tbl_tgeompoint, tbl_geometry WHERE temp -|- g )
WHERE op = '-|-' and leftarg = 'tgeompoint' and rightarg = 'geometry';
UPDATE 1
UPDATE test_geoboundboxops
SET spgistidx = ( SELECT count(*) FROM tbl_tgeompoint, tbl_geometry WHERE temp ~= g )
WHERE op = '~=' and leftarg = 'tgeompoint' and rightarg = 'geometry';
UPDATE 1
UPDATE test_geoboundboxops
SET spgistidx = ( SELECT count(*) FROM tbl_tgeompoint, tbl_timestamptz WHERE temp && t )
WHERE op = '&&' and leftarg = 'tgeompoint' and rightarg = 'timestamptz';
UPDATE 1
UPDATE test_geoboundboxops
SET spgistidx = ( SELECT count(*) FROM tbl_tgeompoint, tbl_timestamptz WHERE temp @> t )
WHERE op = '@>' and leftarg = 'tgeompoint' and rightarg = 'timestamptz';
UPDATE 1
UPDATE test_geoboundboxops
SET spgistidx = ( SELECT count(*) FROM tbl_tgeompoint, tbl_timestamptz WHERE temp <@ t )
WHERE op = '<@' and leftarg = 'tgeompoint' and rightarg = 'timestamptz';
UPDATE 1
UPDATE test_geoboundboxops
SET spgistidx = ( SELECT count(*) FROM tbl_tgeompoint, tbl_timestamptz WHERE temp -|- t )
WHERE op = '-|-' and leftarg = 'tgeompoint' and rightarg = 'timestamptz';
UPDATE 1
UPDATE test_geoboundboxops
SET spgistidx = ( SELECT count(*) FROM tbl_tgeompoint, tbl_timestamptz WHERE temp ~= t )
WHERE op = '~=' and leftarg = 'tgeompoint' and rightarg = 'timestamptz';
UPDATE 1
UPDATE test_geoboundboxops
SET spgistidx = ( SELECT count(*) FROM tbl_tgeompoint, tbl_timestampset WHERE temp && ts )
WHERE op = '&&' and leftarg = 'tgeompoint' and rightarg = 'timestampset';
UPDATE 1
UPDATE test_geoboundboxops
SET spgistidx = ( SELECT count(*) FROM tbl_tgeompoint, tbl_timestampset WHERE temp @> ts )
WHERE op = '@>' and leftarg = 'tgeompoint' and rightarg = 'timestampset';
UPDATE 1
UPDATE test_geoboundboxops
SET spgistidx = ( SELECT count(*) FROM tbl_tgeompoint, tbl_timestampset WHERE temp <@ ts )
WHERE op = '<@' and leftarg = 'tgeompoint' and rightarg = 'timestampset';
UPDATE 1
UPDATE test_geoboundboxops
SET spgistidx = ( SELECT count(*) FROM tbl_tgeompoint, tbl_timestampset WHERE temp -|- ts )
WHERE op = '-|-' and leftarg = 'tgeompoint' and rightarg = 'timestampset';
UPDATE 1
UPDATE test_geoboundboxops
SET spgistidx = ( SELECT count(*) FROM tbl_tgeompoint, tbl_timestampset WHERE temp ~= ts )
WHERE op = '~=' and leftarg = 'tgeompoint' and rightarg = 'timestampset';
UPDATE 1
UPDATE test_geoboundboxops
SET spgistidx = ( SELECT count(*) FROM tbl_tgeompoint, tbl_period WHERE temp && p )
WHERE op = '&&' and leftarg = 'tgeompoint' and rightarg = 'period';
UPDATE 1
UPDATE test_geoboundboxops
SET spgistidx = ( SELECT count(*) FROM tbl_tgeompoint, tbl_period WHERE temp @> p )
WHERE op = '@>' and leftarg = 'tgeompoint' and rightarg = 'period';
UPDATE 1
UPDATE test_geoboundboxops
SET spgistidx = ( SELECT count(*) FROM tbl_tgeompoint, tbl_period WHERE temp <@ p )
WHERE op = '<@' and leftarg = 'tgeompoint' and rightarg = 'period';
UPDATE 1
UPDATE test_geoboundboxops
SET spgistidx = ( SELECT count(*) FROM tbl_tgeompoint, tbl_period WHERE temp -|- p )
WHERE op = '-|-' and leftarg = 'tgeompoint' and rightarg = 'period';
UPDATE 1
UPDATE test_geoboundboxops
SET spgistidx = ( SELECT count(*) FROM tbl_tgeompoint, tbl_period WHERE temp ~= p )
WHERE op = '~=' and leftarg = 'tgeompoint' and rightarg = 'period';
UPDATE 1
UPDATE test_geoboundboxops
SET spgistidx = ( SELECT count(*) FROM tbl_tgeompoint, tbl_periodset WHERE temp && ps )
WHERE op = '&&' and leftarg = 'tgeompoint' and rightarg = 'periodset';
UPDATE 1
UPDATE test_geoboundboxops
SET spgistidx = ( SELECT count(*) FROM tbl_tgeompoint, tbl_periodset WHERE temp @> ps )
WHERE op = '@>' and leftarg = 'tgeompoint' and rightarg = 'periodset';
UPDATE 1
UPDATE test_geoboundboxops
SET spgistidx = ( SELECT count(*) FROM tbl_tgeompoint, tbl_periodset WHERE temp <@ ps )
WHERE op = '<@' and leftarg = 'tgeompoint' and rightarg = 'periodset';
UPDATE 1
UPDATE test_geoboundboxops
SET spgistidx = ( SELECT count(*) FROM tbl_tgeompoint, tbl_periodset WHERE temp -|- ps )
WHERE op = '-|-' and leftarg = 'tgeompoint' and rightarg = 'periodset';
UPDATE 1
UPDATE test_geoboundboxops
SET spgistidx = ( SELECT count(*) FROM tbl_tgeompoint, tbl_periodset WHERE temp ~= ps )
WHERE op = '~=' and leftarg = 'tgeompoint' and rightarg = 'periodset';
UPDATE 1
UPDATE test_geoboundboxops
SET spgistidx = ( SELECT count(*) FROM tbl_tgeompoint, tbl_stbox WHERE temp && b )
WHERE op = '&&' and leftarg = 'tgeompoint' and rightarg = 'stbox';
UPDATE 1
UPDATE test_geoboundboxops
SET spgistidx = ( SELECT count(*) FROM tbl_tgeompoint, tbl_stbox WHERE temp @> b )
WHERE op = '@>' and leftarg = 'tgeompoint' and rightarg = 'stbox';
UPDATE 1
UPDATE test_geoboundboxops
SET spgistidx = ( SELECT count(*) FROM tbl_tgeompoint, tbl_stbox WHERE temp <@ b )
WHERE op = '<@' and leftarg = 'tgeompoint' and rightarg = 'stbox';
UPDATE 1
UPDATE test_geoboundboxops
SET spgistidx = ( SELECT count(*) FROM tbl_tgeompoint, tbl_stbox WHERE temp -|- b )
WHERE op = '-|-' and leftarg = 'tgeompoint' and rightarg = 'stbox';
UPDATE 1
UPDATE test_geoboundboxops
SET spgistidx = ( SELECT count(*) FROM tbl_tgeompoint, tbl_stbox WHERE temp ~= b )
WHERE op = '~=' and leftarg = 'tgeompoint' and rightarg = 'stbox';
UPDATE 1
UPDATE test_geoboundboxops
SET spgistidx = ( SELECT count(*) FROM tbl_tgeompoint t1, tbl_tgeompoint t2 WHERE t1.temp && t2.temp )
WHERE op = '&&' and leftarg = 'tgeompoint' and rightarg = 'tgeompoint';
UPDATE 1
UPDATE test_geoboundboxops
SET spgistidx = ( SELECT count(*) FROM tbl_tgeompoint t1, tbl_tgeompoint t2 WHERE t1.temp @> t2.temp )
WHERE op = '@>' and leftarg = 'tgeompoint' and rightarg = 'tgeompoint';
UPDATE 1
UPDATE test_geoboundboxops
SET spgistidx = ( SELECT count(*) FROM tbl_tgeompoint t1, tbl_tgeompoint t2 WHERE t1.temp <@ t2.temp )
WHERE op = '<@' and leftarg = 'tgeompoint' and rightarg = 'tgeompoint';
UPDATE 1
UPDATE test_geoboundboxops
SET spgistidx = ( SELECT count(*) FROM tbl_tgeompoint t1, tbl_tgeompoint t2 WHERE t1.temp -|- t2.temp )
WHERE op = '-|-' and leftarg = 'tgeompoint' and rightarg = 'tgeompoint';
UPDATE 1
UPDATE test_geoboundboxops
SET spgistidx = ( SELECT count(*) FROM tbl_tgeompoint t1, tbl_tgeompoint t2 WHERE t1.temp ~= t2.temp )
WHERE op = '~=' and leftarg = 'tgeompoint' and rightarg = 'tgeompoint';
UPDATE 1
UPDATE test_geoboundboxops
SET spgistidx = ( SELECT count(*) FROM tbl_tgeogpoint, tbl_geography WHERE temp && g )
WHERE op = '&&' and leftarg = 'tgeogpoint' and rightarg = 'geogcollection';
UPDATE 1
UPDATE test_geoboundboxops
SET spgistidx = ( SELECT count(*) FROM tbl_tgeogpoint, tbl_geography WHERE temp @> g )
WHERE op = '@>' and leftarg = 'tgeogpoint' and rightarg = 'geogcollection';
UPDATE 1
UPDATE test_geoboundboxops
SET spgistidx = ( SELECT count(*) FROM tbl_tgeogpoint, tbl_geography WHERE temp <@ g )
WHERE op = '<@' and leftarg = 'tgeogpoint' and rightarg = 'geogcollection';
UPDATE 1
UPDATE test_geoboundboxops
SET spgistidx = ( SELECT count(*) FROM tbl_tgeogpoint, tbl_geography WHERE temp -|- g )
WHERE op = '-|-' and leftarg = 'tgeogpoint' and rightarg = 'geogcollection';
UPDATE 1
UPDATE test_geoboundboxops
SET spgistidx = ( SELECT count(*) FROM tbl_tgeogpoint, tbl_geography WHERE temp ~= g )
WHERE op = '~=' and leftarg = 'tgeogpoint' and rightarg = 'geogcollection';
UPDATE 1
UPDATE test_geoboundboxops
SET spgistidx = ( SELECT count(*) FROM tbl_tgeogpoint, tbl_timestamptz WHERE temp && t )
WHERE op = '&&' and leftarg = 'tgeogpoint' and rightarg = 'timestamptz';
UPDATE 1
UPDATE test_geoboundboxops
SET spgistidx = ( SELECT count(*) FROM tbl_tgeogpoint, tbl_timestamptz WHERE temp @> t )
WHERE op = '@>' and leftarg = 'tgeogpoint' and rightarg = 'timestamptz';
UPDATE 1
UPDATE test_geoboundboxops
SET spgistidx = ( SELECT count(*) FROM tbl_tgeogpoint, tbl_timestamptz WHERE temp <@ t )
WHERE op = '<@' and leftarg = 'tgeogpoint' and rightarg = 'timestamptz';
UPDATE 1
UPDATE test_geoboundboxops
SET spgistidx = ( SELECT count(*) FROM tbl_tgeogpoint, tbl_timestamptz WHERE temp -|- t )
WHERE op = '-|-' and leftarg = 'tgeogpoint' and rightarg = 'timestamptz';
UPDATE 1
UPDATE test_geoboundboxops
SET spgistidx = ( SELECT count(*) FROM tbl_tgeogpoint, tbl_timestamptz WHERE temp ~= t )
WHERE op = '~=' and leftarg = 'tgeogpoint' and rightarg = 'timestamptz';
UPDATE 1
UPDATE test_geoboundboxops
SET spgistidx = ( SELECT count(*) FROM tbl_tgeogpoint, tbl_timestampset WHERE temp && ts )
WHERE op = '&&' and leftarg = 'tgeogpoint' and rightarg = 'timestampset';
UPDATE 1
UPDATE test_geoboundboxops
SET spgistidx = ( SELECT count(*) FROM tbl_tgeogpoint, tbl_timestampset WHERE temp @> ts )
WHERE op = '@>' and leftarg = 'tgeogpoint' and rightarg = 'timestampset';
UPDATE 1
UPDATE test_geoboundboxops
SET spgistidx = ( SELECT count(*) FROM tbl_tgeogpoint, tbl_timestampset WHERE temp <@ ts )
WHERE op = '<@' and leftarg = 'tgeogpoint' and rightarg = 'timestampset';
UPDATE 1
UPDATE test_geoboundboxops
SET spgistidx = ( SELECT count(*) FROM tbl_tgeogpoint, tbl_timestampset WHERE temp -|- ts )
WHERE op = '-|-' and leftarg = 'tgeogpoint' and rightarg = 'timestampset';
UPDATE 1
UPDATE test_geoboundboxops
SET spgistidx = ( SELECT count(*) FROM tbl_tgeogpoint, tbl_timestampset WHERE temp ~= ts )
WHERE op = '~=' and leftarg = 'tgeogpoint' and rightarg = 'timestampset';
UPDATE 1
UPDATE test_geoboundboxops
SET spgistidx = ( SELECT count(*) FROM tbl_tgeogpoint, tbl_period WHERE temp && p )
WHERE op = '&&' and leftarg = 'tgeogpoint' and rightarg = 'period';
UPDATE 1
UPDATE test_geoboundboxops
SET spgistidx = ( SELECT count(*) FROM tbl_tgeogpoint, tbl_period WHERE temp @> p )
WHERE op = '@>' and leftarg = 'tgeogpoint' and rightarg = 'period';
UPDATE 1
UPDATE test_geoboundboxops
SET spgistidx = ( SELECT count(*) FROM tbl_tgeogpoint, tbl_period WHERE temp <@ p )
WHERE op = '<@' and leftarg = 'tgeogpoint' and rightarg = 'period';
UPDATE 1
UPDATE test_geoboundboxops
SET spgistidx = ( SELECT count(*) FROM tbl_tgeogpoint, tbl_period WHERE temp -|- p )
WHERE op = '-|-' and leftarg = 'tgeogpoint' and rightarg = 'period';
UPDATE 1
UPDATE test_geoboundboxops
SET spgistidx = ( SELECT count(*) FROM tbl_tgeogpoint, tbl_period WHERE temp ~= p )
WHERE op = '~=' and leftarg = 'tgeogpoint' and rightarg = 'period';
UPDATE 1
UPDATE test_geoboundboxops
SET spgistidx = ( SELECT count(*) FROM tbl_tgeogpoint, tbl_periodset WHERE temp && ps )
WHERE op = '&&' and leftarg = 'tgeogpoint' and rightarg = 'periodset';
UPDATE 1
UPDATE test_geoboundboxops
SET spgistidx = ( SELECT count(*) FROM tbl_tgeogpoint, tbl_periodset WHERE temp @> ps )
WHERE op = '@>' and leftarg = 'tgeogpoint' and rightarg = 'periodset';
UPDATE 1
UPDATE test_geoboundboxops
SET spgistidx = ( SELECT count(*) FROM tbl_tgeogpoint, tbl_periodset WHERE temp <@ ps )
WHERE op = '<@' and leftarg = 'tgeogpoint' and rightarg = 'periodset';
UPDATE 1
UPDATE test_geoboundboxops
SET spgistidx = ( SELECT count(*) FROM tbl_tgeogpoint, tbl_periodset WHERE temp -|- ps )
WHERE op = '-|-' and leftarg = 'tgeogpoint' and rightarg = 'periodset';
UPDATE 1
UPDATE test_geoboundboxops
SET spgistidx = ( SELECT count(*) FROM tbl_tgeogpoint, tbl_periodset WHERE temp ~= ps )
WHERE op = '~=' and leftarg = 'tgeogpoint' and rightarg = 'periodset';
UPDATE 1
UPDATE test_geoboundboxops
SET spgistidx = ( SELECT count(*) FROM tbl_tgeogpoint, tbl_geodstbox WHERE temp && b )
WHERE op = '&&' and leftarg = 'tgeogpoint' and rightarg = 'stbox';
UPDATE 1
UPDATE test_geoboundboxops
SET spgistidx = ( SELECT count(*) FROM tbl_tgeogpoint, tbl_geodstbox WHERE temp @> b )
WHERE op = '@>' and leftarg = 'tgeogpoint' and rightarg = 'stbox';
UPDATE 1
UPDATE test_geoboundboxops
SET spgistidx = ( SELECT count(*) FROM tbl_tgeogpoint, tbl_geodstbox WHERE temp <@ b )
WHERE op = '<@' and leftarg = 'tgeogpoint' and rightarg = 'stbox';
UPDATE 1
UPDATE test_geoboundboxops
SET spgistidx = ( SELECT count(*) FROM tbl_tgeogpoint, tbl_geodstbox WHERE temp -|- b )
WHERE op = '-|-' and leftarg = 'tgeogpoint' and rightarg = 'stbox';
UPDATE 1
UPDATE test_geoboundboxops
SET spgistidx = ( SELECT count(*) FROM tbl_tgeogpoint, tbl_geodstbox WHERE temp ~= b )
WHERE op = '~=' and leftarg = 'tgeogpoint' and rightarg = 'stbox';
UPDATE 1
UPDATE test_geoboundboxops
SET spgistidx = ( SELECT count(*) FROM tbl_tgeogpoint t1, tbl_tgeogpoint t2 WHERE t1.temp && t2.temp )
WHERE op = '&&' and leftarg = 'tgeogpoint' and rightarg = 'tgeogpoint';
UPDATE 1
UPDATE test_geoboundboxops
SET spgistidx = ( SELECT count(*) FROM tbl_tgeogpoint t1, tbl_tgeogpoint t2 WHERE t1.temp @> t2.temp )
WHERE op = '@>' and leftarg = 'tgeogpoint' and rightarg = 'tgeogpoint';
UPDATE 1
UPDATE test_geoboundboxops
SET spgistidx = ( SELECT count(*) FROM tbl_tgeogpoint t1, tbl_tgeogpoint t2 WHERE t1.temp <@ t2.temp )
WHERE op = '<@' and leftarg = 'tgeogpoint' and rightarg = 'tgeogpoint';
UPDATE 1
UPDATE test_geoboundboxops
SET spgistidx = ( SELECT count(*) FROM tbl_tgeogpoint t1, tbl_tgeogpoint t2 WHERE t1.temp -|- t2.temp )
WHERE op = '-|-' and leftarg = 'tgeogpoint' and rightarg = 'tgeogpoint';
UPDATE 1
UPDATE test_geoboundboxops
SET spgistidx = ( SELECT count(*) FROM tbl_tgeogpoint t1, tbl_tgeogpoint t2 WHERE t1.temp ~= t2.temp )
WHERE op = '~=' and leftarg = 'tgeogpoint' and rightarg = 'tgeogpoint';
UPDATE 1
DROP INDEX IF EXISTS tbl_tgeompoint_spgist_idx;
DROP INDEX
DROP INDEX IF EXISTS tbl_tgeogpoint_spgist_idx;
DROP INDEX
SELECT * FROM test_geoboundboxops
WHERE noidx <> spgistidx
ORDER BY op, leftarg, rightarg;
 op | leftarg | rightarg | noidx | gistidx | spgistidx 
----+---------+----------+-------+---------+-----------
(0 rows)

DROP TABLE test_geoboundboxops;
DROP TABLE
