DROP INDEX IF EXISTS tbl_tgeompoint3D_spgist_idx;
NOTICE:  index "tbl_tgeompoint3d_spgist_idx" does not exist, skipping
DROP INDEX
ALTER TABLE test_georelativeposops3d ADD spgistidx BIGINT;
ALTER TABLE
CREATE INDEX tbl_tgeompoint3D_spgist_idx ON tbl_tgeompoint3D USING SPGIST(temp);
CREATE INDEX
UPDATE test_georelativeposops3d
SET spgistidx = ( SELECT count(*) FROM tbl_geometry3D, tbl_tgeompoint3D WHERE g << temp )
WHERE op = '<<' and leftarg = 'geomcollection3D' and rightarg = 'tgeompoint3D';
UPDATE 1
UPDATE test_georelativeposops3d
SET spgistidx = ( SELECT count(*) FROM tbl_geometry3D, tbl_tgeompoint3D WHERE g >> temp )
WHERE op = '>>' and leftarg = 'geomcollection3D' and rightarg = 'tgeompoint3D';
UPDATE 1
UPDATE test_georelativeposops3d
SET spgistidx = ( SELECT count(*) FROM tbl_geometry3D, tbl_tgeompoint3D WHERE g &< temp )
WHERE op = '&<' and leftarg = 'geomcollection3D' and rightarg = 'tgeompoint3D';
UPDATE 1
UPDATE test_georelativeposops3d
SET spgistidx = ( SELECT count(*) FROM tbl_geometry3D, tbl_tgeompoint3D WHERE g &> temp )
WHERE op = '&>' and leftarg = 'geomcollection3D' and rightarg = 'tgeompoint3D';
UPDATE 1
UPDATE test_georelativeposops3d
SET spgistidx = ( SELECT count(*) FROM tbl_geometry3D, tbl_tgeompoint3D WHERE g <<| temp )
WHERE op = '<<|' and leftarg = 'geomcollection3D' and rightarg = 'tgeompoint3D';
UPDATE 1
UPDATE test_georelativeposops3d
SET spgistidx = ( SELECT count(*) FROM tbl_geometry3D, tbl_tgeompoint3D WHERE g |>> temp )
WHERE op = '|>>' and leftarg = 'geomcollection3D' and rightarg = 'tgeompoint3D';
UPDATE 1
UPDATE test_georelativeposops3d
SET spgistidx = ( SELECT count(*) FROM tbl_geometry3D, tbl_tgeompoint3D WHERE g &<| temp )
WHERE op = '&<|' and leftarg = 'geomcollection3D' and rightarg = 'tgeompoint3D';
UPDATE 1
UPDATE test_georelativeposops3d
SET spgistidx = ( SELECT count(*) FROM tbl_geometry3D, tbl_tgeompoint3D WHERE g |&> temp )
WHERE op = '|&>' and leftarg = 'geomcollection3D' and rightarg = 'tgeompoint3D';
UPDATE 1
UPDATE test_georelativeposops3d
SET spgistidx = ( SELECT count(*) FROM tbl_geometry3D, tbl_tgeompoint3D WHERE g <</ temp )
WHERE op = '<</' and leftarg = 'geomcollection3D' and rightarg = 'tgeompoint3D';
UPDATE 1
UPDATE test_georelativeposops3d
SET spgistidx = ( SELECT count(*) FROM tbl_geometry3D, tbl_tgeompoint3D WHERE g />> temp )
WHERE op = '/>>' and leftarg = 'geomcollection3D' and rightarg = 'tgeompoint3D';
UPDATE 1
UPDATE test_georelativeposops3d
SET spgistidx = ( SELECT count(*) FROM tbl_geometry3D, tbl_tgeompoint3D WHERE g &</ temp )
WHERE op = '&</' and leftarg = 'geomcollection3D' and rightarg = 'tgeompoint3D';
UPDATE 1
UPDATE test_georelativeposops3d
SET spgistidx = ( SELECT count(*) FROM tbl_geometry3D, tbl_tgeompoint3D WHERE g /&> temp )
WHERE op = '/&>' and leftarg = 'geomcollection3D' and rightarg = 'tgeompoint3D';
UPDATE 1
UPDATE test_georelativeposops3d
SET spgistidx = ( SELECT count(*) FROM tbl_timestamptz, tbl_tgeompoint3D WHERE t <<# temp )
WHERE op = '<<#' and leftarg = 'timestamptz' and rightarg = 'tgeompoint3D';
UPDATE 1
UPDATE test_georelativeposops3d
SET spgistidx = ( SELECT count(*) FROM tbl_timestamptz, tbl_tgeompoint3D WHERE t #>> temp )
WHERE op = '#>>' and leftarg = 'timestamptz' and rightarg = 'tgeompoint3D';
UPDATE 1
UPDATE test_georelativeposops3d
SET spgistidx = ( SELECT count(*) FROM tbl_timestamptz, tbl_tgeompoint3D WHERE t &<# temp )
WHERE op = '&<#' and leftarg = 'timestamptz' and rightarg = 'tgeompoint3D';
UPDATE 1
UPDATE test_georelativeposops3d
SET spgistidx = ( SELECT count(*) FROM tbl_timestamptz, tbl_tgeompoint3D WHERE t #&> temp )
WHERE op = '#&>' and leftarg = 'timestamptz' and rightarg = 'tgeompoint3D';
UPDATE 1
UPDATE test_georelativeposops3d
SET spgistidx = ( SELECT count(*) FROM tbl_timestampset, tbl_tgeompoint3D WHERE ts <<# temp )
WHERE op = '<<#' and leftarg = 'timestampset' and rightarg = 'tgeompoint3D';
UPDATE 1
UPDATE test_georelativeposops3d
SET spgistidx = ( SELECT count(*) FROM tbl_timestampset, tbl_tgeompoint3D WHERE ts #>> temp )
WHERE op = '#>>' and leftarg = 'timestampset' and rightarg = 'tgeompoint3D';
UPDATE 1
UPDATE test_georelativeposops3d
SET spgistidx = ( SELECT count(*) FROM tbl_timestampset, tbl_tgeompoint3D WHERE ts &<# temp )
WHERE op = '&<#' and leftarg = 'timestampset' and rightarg = 'tgeompoint3D';
UPDATE 1
UPDATE test_georelativeposops3d
SET spgistidx = ( SELECT count(*) FROM tbl_timestampset, tbl_tgeompoint3D WHERE ts #&> temp )
WHERE op = '#&>' and leftarg = 'timestampset' and rightarg = 'tgeompoint3D';
UPDATE 1
UPDATE test_georelativeposops3d
SET spgistidx = ( SELECT count(*) FROM tbl_period, tbl_tgeompoint3D WHERE p <<# temp )
WHERE op = '<<#' and leftarg = 'period' and rightarg = 'tgeompoint3D';
UPDATE 1
UPDATE test_georelativeposops3d
SET spgistidx = ( SELECT count(*) FROM tbl_period, tbl_tgeompoint3D WHERE p #>> temp )
WHERE op = '#>>' and leftarg = 'period' and rightarg = 'tgeompoint3D';
UPDATE 1
UPDATE test_georelativeposops3d
SET spgistidx = ( SELECT count(*) FROM tbl_period, tbl_tgeompoint3D WHERE p &<# temp )
WHERE op = '&<#' and leftarg = 'period' and rightarg = 'tgeompoint3D';
UPDATE 1
UPDATE test_georelativeposops3d
SET spgistidx = ( SELECT count(*) FROM tbl_period, tbl_tgeompoint3D WHERE p #&> temp )
WHERE op = '#&>' and leftarg = 'period' and rightarg = 'tgeompoint3D';
UPDATE 1
UPDATE test_georelativeposops3d
SET spgistidx = ( SELECT count(*) FROM tbl_periodset, tbl_tgeompoint3D WHERE ps <<# temp )
WHERE op = '<<#' and leftarg = 'periodset' and rightarg = 'tgeompoint3D';
UPDATE 1
UPDATE test_georelativeposops3d
SET spgistidx = ( SELECT count(*) FROM tbl_periodset, tbl_tgeompoint3D WHERE ps #>> temp )
WHERE op = '#>>' and leftarg = 'periodset' and rightarg = 'tgeompoint3D';
UPDATE 1
UPDATE test_georelativeposops3d
SET spgistidx = ( SELECT count(*) FROM tbl_periodset, tbl_tgeompoint3D WHERE ps &<# temp )
WHERE op = '&<#' and leftarg = 'periodset' and rightarg = 'tgeompoint3D';
UPDATE 1
UPDATE test_georelativeposops3d
SET spgistidx = ( SELECT count(*) FROM tbl_periodset, tbl_tgeompoint3D WHERE ps #&> temp )
WHERE op = '#&>' and leftarg = 'periodset' and rightarg = 'tgeompoint3D';
UPDATE 1
UPDATE test_georelativeposops3d
SET spgistidx = ( SELECT count(*) FROM tbl_timestamptz, tbl_tgeogpoint3D WHERE t <<# temp )
WHERE op = '<<#' and leftarg = 'timestamptz' and rightarg = 'tgeogpoint3D';
UPDATE 1
UPDATE test_georelativeposops3d
SET spgistidx = ( SELECT count(*) FROM tbl_timestamptz, tbl_tgeogpoint3D WHERE t #>> temp )
WHERE op = '#>>' and leftarg = 'timestamptz' and rightarg = 'tgeogpoint3D';
UPDATE 1
UPDATE test_georelativeposops3d
SET spgistidx = ( SELECT count(*) FROM tbl_timestamptz, tbl_tgeogpoint3D WHERE t &<# temp )
WHERE op = '&<#' and leftarg = 'timestamptz' and rightarg = 'tgeogpoint3D';
UPDATE 1
UPDATE test_georelativeposops3d
SET spgistidx = ( SELECT count(*) FROM tbl_timestamptz, tbl_tgeogpoint3D WHERE t #&> temp )
WHERE op = '#&>' and leftarg = 'timestamptz' and rightarg = 'tgeogpoint3D';
UPDATE 1
UPDATE test_georelativeposops3d
SET spgistidx = ( SELECT count(*) FROM tbl_timestampset, tbl_tgeogpoint3D WHERE ts <<# temp )
WHERE op = '<<#' and leftarg = 'timestampset' and rightarg = 'tgeogpoint3D';
UPDATE 1
UPDATE test_georelativeposops3d
SET spgistidx = ( SELECT count(*) FROM tbl_timestampset, tbl_tgeogpoint3D WHERE ts #>> temp )
WHERE op = '#>>' and leftarg = 'timestampset' and rightarg = 'tgeogpoint3D';
UPDATE 1
UPDATE test_georelativeposops3d
SET spgistidx = ( SELECT count(*) FROM tbl_timestampset, tbl_tgeogpoint3D WHERE ts &<# temp )
WHERE op = '&<#' and leftarg = 'timestampset' and rightarg = 'tgeogpoint3D';
UPDATE 1
UPDATE test_georelativeposops3d
SET spgistidx = ( SELECT count(*) FROM tbl_timestampset, tbl_tgeogpoint3D WHERE ts #&> temp )
WHERE op = '#&>' and leftarg = 'timestampset' and rightarg = 'tgeogpoint3D';
UPDATE 1
UPDATE test_georelativeposops3d
SET spgistidx = ( SELECT count(*) FROM tbl_period, tbl_tgeogpoint3D WHERE p <<# temp )
WHERE op = '<<#' and leftarg = 'period' and rightarg = 'tgeogpoint3D';
UPDATE 1
UPDATE test_georelativeposops3d
SET spgistidx = ( SELECT count(*) FROM tbl_period, tbl_tgeogpoint3D WHERE p #>> temp )
WHERE op = '#>>' and leftarg = 'period' and rightarg = 'tgeogpoint3D';
UPDATE 1
UPDATE test_georelativeposops3d
SET spgistidx = ( SELECT count(*) FROM tbl_period, tbl_tgeogpoint3D WHERE p &<# temp )
WHERE op = '&<#' and leftarg = 'period' and rightarg = 'tgeogpoint3D';
UPDATE 1
UPDATE test_georelativeposops3d
SET spgistidx = ( SELECT count(*) FROM tbl_period, tbl_tgeogpoint3D WHERE p #&> temp )
WHERE op = '#&>' and leftarg = 'period' and rightarg = 'tgeogpoint3D';
UPDATE 1
UPDATE test_georelativeposops3d
SET spgistidx = ( SELECT count(*) FROM tbl_periodset, tbl_tgeogpoint3D WHERE ps <<# temp )
WHERE op = '<<#' and leftarg = 'periodset' and rightarg = 'tgeogpoint3D';
UPDATE 1
UPDATE test_georelativeposops3d
SET spgistidx = ( SELECT count(*) FROM tbl_periodset, tbl_tgeogpoint3D WHERE ps #>> temp )
WHERE op = '#>>' and leftarg = 'periodset' and rightarg = 'tgeogpoint3D';
UPDATE 1
UPDATE test_georelativeposops3d
SET spgistidx = ( SELECT count(*) FROM tbl_periodset, tbl_tgeogpoint3D WHERE ps &<# temp )
WHERE op = '&<#' and leftarg = 'periodset' and rightarg = 'tgeogpoint3D';
UPDATE 1
UPDATE test_georelativeposops3d
SET spgistidx = ( SELECT count(*) FROM tbl_periodset, tbl_tgeogpoint3D WHERE ps #&> temp )
WHERE op = '#&>' and leftarg = 'periodset' and rightarg = 'tgeogpoint3D';
UPDATE 1
UPDATE test_georelativeposops3d
SET spgistidx = ( SELECT count(*) FROM tbl_tgeompoint3D, tbl_geometry3D WHERE temp << g )
WHERE op = '<<' and leftarg = 'tgeompoint3D' and rightarg = 'geomcollection3D';
UPDATE 1
UPDATE test_georelativeposops3d
SET spgistidx = ( SELECT count(*) FROM tbl_tgeompoint3D, tbl_geometry3D WHERE temp >> g )
WHERE op = '>>' and leftarg = 'tgeompoint3D' and rightarg = 'geomcollection3D';
UPDATE 1
UPDATE test_georelativeposops3d
SET spgistidx = ( SELECT count(*) FROM tbl_tgeompoint3D, tbl_geometry3D WHERE temp &< g )
WHERE op = '&<' and leftarg = 'tgeompoint3D' and rightarg = 'geomcollection3D';
UPDATE 1
UPDATE test_georelativeposops3d
SET spgistidx = ( SELECT count(*) FROM tbl_tgeompoint3D, tbl_geometry3D WHERE temp &> g )
WHERE op = '&>' and leftarg = 'tgeompoint3D' and rightarg = 'geomcollection3D';
UPDATE 1
UPDATE test_georelativeposops3d
SET spgistidx = ( SELECT count(*) FROM tbl_tgeompoint3D, tbl_geometry3D WHERE temp <<| g )
WHERE op = '<<|' and leftarg = 'tgeompoint3D' and rightarg = 'geomcollection3D';
UPDATE 1
UPDATE test_georelativeposops3d
SET spgistidx = ( SELECT count(*) FROM tbl_tgeompoint3D, tbl_geometry3D WHERE temp |>> g )
WHERE op = '|>>' and leftarg = 'tgeompoint3D' and rightarg = 'geomcollection3D';
UPDATE 1
UPDATE test_georelativeposops3d
SET spgistidx = ( SELECT count(*) FROM tbl_tgeompoint3D, tbl_geometry3D WHERE temp &<| g )
WHERE op = '&<|' and leftarg = 'tgeompoint3D' and rightarg = 'geomcollection3D';
UPDATE 1
UPDATE test_georelativeposops3d
SET spgistidx = ( SELECT count(*) FROM tbl_tgeompoint3D, tbl_geometry3D WHERE temp |&> g )
WHERE op = '|&>' and leftarg = 'tgeompoint3D' and rightarg = 'geomcollection3D';
UPDATE 1
UPDATE test_georelativeposops3d
SET spgistidx = ( SELECT count(*) FROM tbl_tgeompoint3D, tbl_geometry3D WHERE temp <</ g )
WHERE op = '<</' and leftarg = 'tgeompoint3D' and rightarg = 'geomcollection3D';
UPDATE 1
UPDATE test_georelativeposops3d
SET spgistidx = ( SELECT count(*) FROM tbl_tgeompoint3D, tbl_geometry3D WHERE temp />> g )
WHERE op = '/>>' and leftarg = 'tgeompoint3D' and rightarg = 'geomcollection3D';
UPDATE 1
UPDATE test_georelativeposops3d
SET spgistidx = ( SELECT count(*) FROM tbl_tgeompoint3D, tbl_geometry3D WHERE temp &</ g )
WHERE op = '&</' and leftarg = 'tgeompoint3D' and rightarg = 'geomcollection3D';
UPDATE 1
UPDATE test_georelativeposops3d
SET spgistidx = ( SELECT count(*) FROM tbl_tgeompoint3D, tbl_geometry3D WHERE temp /&> g )
WHERE op = '/&>' and leftarg = 'tgeompoint3D' and rightarg = 'geomcollection3D';
UPDATE 1
UPDATE test_georelativeposops3d
SET spgistidx = ( SELECT count(*) FROM tbl_tgeompoint3D, tbl_timestamptz WHERE temp <<# t )
WHERE op = '<<#' and leftarg = 'tgeompoint3D' and rightarg = 'timestamptz';
UPDATE 1
UPDATE test_georelativeposops3d
SET spgistidx = ( SELECT count(*) FROM tbl_tgeompoint3D, tbl_timestamptz WHERE temp #>> t )
WHERE op = '#>>' and leftarg = 'tgeompoint3D' and rightarg = 'timestamptz';
UPDATE 1
UPDATE test_georelativeposops3d
SET spgistidx = ( SELECT count(*) FROM tbl_tgeompoint3D, tbl_timestamptz WHERE temp &<# t )
WHERE op = '&<#' and leftarg = 'tgeompoint3D' and rightarg = 'timestamptz';
UPDATE 1
UPDATE test_georelativeposops3d
SET spgistidx = ( SELECT count(*) FROM tbl_tgeompoint3D, tbl_timestamptz WHERE temp #&> t )
WHERE op = '#&>' and leftarg = 'tgeompoint3D' and rightarg = 'timestamptz';
UPDATE 1
UPDATE test_georelativeposops3d
SET spgistidx = ( SELECT count(*) FROM tbl_tgeompoint3D, tbl_timestampset WHERE temp <<# ts )
WHERE op = '<<#' and leftarg = 'tgeompoint3D' and rightarg = 'timestampset';
UPDATE 1
UPDATE test_georelativeposops3d
SET spgistidx = ( SELECT count(*) FROM tbl_tgeompoint3D, tbl_timestampset WHERE temp #>> ts )
WHERE op = '#>>' and leftarg = 'tgeompoint3D' and rightarg = 'timestampset';
UPDATE 1
UPDATE test_georelativeposops3d
SET spgistidx = ( SELECT count(*) FROM tbl_tgeompoint3D, tbl_timestampset WHERE temp &<# ts )
WHERE op = '&<#' and leftarg = 'tgeompoint3D' and rightarg = 'timestampset';
UPDATE 1
UPDATE test_georelativeposops3d
SET spgistidx = ( SELECT count(*) FROM tbl_tgeompoint3D, tbl_timestampset WHERE temp #&> ts )
WHERE op = '#&>' and leftarg = 'tgeompoint3D' and rightarg = 'timestampset';
UPDATE 1
UPDATE test_georelativeposops3d
SET spgistidx = ( SELECT count(*) FROM tbl_tgeompoint3D, tbl_period WHERE temp <<# p )
WHERE op = '<<#' and leftarg = 'tgeompoint3D' and rightarg = 'period';
UPDATE 1
UPDATE test_georelativeposops3d
SET spgistidx = ( SELECT count(*) FROM tbl_tgeompoint3D, tbl_period WHERE temp #>> p )
WHERE op = '#>>' and leftarg = 'tgeompoint3D' and rightarg = 'period';
UPDATE 1
UPDATE test_georelativeposops3d
SET spgistidx = ( SELECT count(*) FROM tbl_tgeompoint3D, tbl_period WHERE temp &<# p )
WHERE op = '&<#' and leftarg = 'tgeompoint3D' and rightarg = 'period';
UPDATE 1
UPDATE test_georelativeposops3d
SET spgistidx = ( SELECT count(*) FROM tbl_tgeompoint3D, tbl_period WHERE temp #&> p )
WHERE op = '#&>' and leftarg = 'tgeompoint3D' and rightarg = 'period';
UPDATE 1
UPDATE test_georelativeposops3d
SET spgistidx = ( SELECT count(*) FROM tbl_tgeompoint3D, tbl_periodset WHERE temp <<# ps )
WHERE op = '<<#' and leftarg = 'tgeompoint3D' and rightarg = 'periodset';
UPDATE 1
UPDATE test_georelativeposops3d
SET spgistidx = ( SELECT count(*) FROM tbl_tgeompoint3D, tbl_periodset WHERE temp #>> ps )
WHERE op = '#>>' and leftarg = 'tgeompoint3D' and rightarg = 'periodset';
UPDATE 1
UPDATE test_georelativeposops3d
SET spgistidx = ( SELECT count(*) FROM tbl_tgeompoint3D, tbl_periodset WHERE temp &<# ps )
WHERE op = '&<#' and leftarg = 'tgeompoint3D' and rightarg = 'periodset';
UPDATE 1
UPDATE test_georelativeposops3d
SET spgistidx = ( SELECT count(*) FROM tbl_tgeompoint3D, tbl_periodset WHERE temp #&> ps )
WHERE op = '#&>' and leftarg = 'tgeompoint3D' and rightarg = 'periodset';
UPDATE 1
UPDATE test_georelativeposops3d
SET spgistidx = ( SELECT count(*) FROM tbl_tgeompoint3D t1, tbl_tgeompoint3D t2 WHERE t1.temp << t2.temp )
WHERE op = '<<' and leftarg = 'tgeompoint3D' and rightarg = 'tgeompoint3D';
UPDATE 1
UPDATE test_georelativeposops3d
SET spgistidx = ( SELECT count(*) FROM tbl_tgeompoint3D t1, tbl_tgeompoint3D t2 WHERE t1.temp >> t2.temp )
WHERE op = '>>' and leftarg = 'tgeompoint3D' and rightarg = 'tgeompoint3D';
UPDATE 1
UPDATE test_georelativeposops3d
SET spgistidx = ( SELECT count(*) FROM tbl_tgeompoint3D t1, tbl_tgeompoint3D t2 WHERE t1.temp &< t2.temp )
WHERE op = '&<' and leftarg = 'tgeompoint3D' and rightarg = 'tgeompoint3D';
UPDATE 1
UPDATE test_georelativeposops3d
SET spgistidx = ( SELECT count(*) FROM tbl_tgeompoint3D t1, tbl_tgeompoint3D t2 WHERE t1.temp &> t2.temp )
WHERE op = '&>' and leftarg = 'tgeompoint3D' and rightarg = 'tgeompoint3D';
UPDATE 1
UPDATE test_georelativeposops3d
SET spgistidx = ( SELECT count(*) FROM tbl_tgeompoint3D t1, tbl_tgeompoint3D t2 WHERE t1.temp <<| t2.temp )
WHERE op = '<<|' and leftarg = 'tgeompoint3D' and rightarg = 'tgeompoint3D';
UPDATE 1
UPDATE test_georelativeposops3d
SET spgistidx = ( SELECT count(*) FROM tbl_tgeompoint3D t1, tbl_tgeompoint3D t2 WHERE t1.temp |>> t2.temp )
WHERE op = '|>>' and leftarg = 'tgeompoint3D' and rightarg = 'tgeompoint3D';
UPDATE 1
UPDATE test_georelativeposops3d
SET spgistidx = ( SELECT count(*) FROM tbl_tgeompoint3D t1, tbl_tgeompoint3D t2 WHERE t1.temp &<| t2.temp )
WHERE op = '&<|' and leftarg = 'tgeompoint3D' and rightarg = 'tgeompoint3D';
UPDATE 1
UPDATE test_georelativeposops3d
SET spgistidx = ( SELECT count(*) FROM tbl_tgeompoint3D t1, tbl_tgeompoint3D t2 WHERE t1.temp |&> t2.temp )
WHERE op = '|&>' and leftarg = 'tgeompoint3D' and rightarg = 'tgeompoint3D';
UPDATE 1
UPDATE test_georelativeposops3d
SET spgistidx = ( SELECT count(*) FROM tbl_tgeompoint3D t1, tbl_tgeompoint3D t2 WHERE t1.temp <</ t2.temp )
WHERE op = '<</' and leftarg = 'tgeompoint3D' and rightarg = 'tgeompoint3D';
UPDATE 1
UPDATE test_georelativeposops3d
SET spgistidx = ( SELECT count(*) FROM tbl_tgeompoint3D t1, tbl_tgeompoint3D t2 WHERE t1.temp />> t2.temp )
WHERE op = '/>>' and leftarg = 'tgeompoint3D' and rightarg = 'tgeompoint3D';
UPDATE 1
UPDATE test_georelativeposops3d
SET spgistidx = ( SELECT count(*) FROM tbl_tgeompoint3D t1, tbl_tgeompoint3D t2 WHERE t1.temp &</ t2.temp )
WHERE op = '&</' and leftarg = 'tgeompoint3D' and rightarg = 'tgeompoint3D';
UPDATE 1
UPDATE test_georelativeposops3d
SET spgistidx = ( SELECT count(*) FROM tbl_tgeompoint3D t1, tbl_tgeompoint3D t2 WHERE t1.temp /&> t2.temp )
WHERE op = '/&>' and leftarg = 'tgeompoint3D' and rightarg = 'tgeompoint3D';
UPDATE 1
UPDATE test_georelativeposops3d
SET spgistidx = ( SELECT count(*) FROM tbl_tgeompoint3D t1, tbl_tgeompoint3D t2 WHERE t1.temp <<# t2.temp )
WHERE op = '<<#' and leftarg = 'tgeompoint3D' and rightarg = 'tgeompoint3D';
UPDATE 1
UPDATE test_georelativeposops3d
SET spgistidx = ( SELECT count(*) FROM tbl_tgeompoint3D t1, tbl_tgeompoint3D t2 WHERE t1.temp #>> t2.temp )
WHERE op = '#>>' and leftarg = 'tgeompoint3D' and rightarg = 'tgeompoint3D';
UPDATE 1
UPDATE test_georelativeposops3d
SET spgistidx = ( SELECT count(*) FROM tbl_tgeompoint3D t1, tbl_tgeompoint3D t2 WHERE t1.temp &<# t2.temp )
WHERE op = '&<#' and leftarg = 'tgeompoint3D' and rightarg = 'tgeompoint3D';
UPDATE 1
UPDATE test_georelativeposops3d
SET spgistidx = ( SELECT count(*) FROM tbl_tgeompoint3D t1, tbl_tgeompoint3D t2 WHERE t1.temp #&> t2.temp )
WHERE op = '#&>' and leftarg = 'tgeompoint3D' and rightarg = 'tgeompoint3D';
UPDATE 1
UPDATE test_georelativeposops3d
SET spgistidx = ( SELECT count(*) FROM tbl_tgeogpoint3D, tbl_timestamptz WHERE temp <<# t )
WHERE op = '<<#' and leftarg = 'tgeogpoint3D' and rightarg = 'timestamptz';
UPDATE 1
UPDATE test_georelativeposops3d
SET spgistidx = ( SELECT count(*) FROM tbl_tgeogpoint3D, tbl_timestamptz WHERE temp #>> t )
WHERE op = '#>>' and leftarg = 'tgeogpoint3D' and rightarg = 'timestamptz';
UPDATE 1
UPDATE test_georelativeposops3d
SET spgistidx = ( SELECT count(*) FROM tbl_tgeogpoint3D, tbl_timestamptz WHERE temp &<# t )
WHERE op = '&<#' and leftarg = 'tgeogpoint3D' and rightarg = 'timestamptz';
UPDATE 1
UPDATE test_georelativeposops3d
SET spgistidx = ( SELECT count(*) FROM tbl_tgeogpoint3D, tbl_timestamptz WHERE temp #&> t )
WHERE op = '#&>' and leftarg = 'tgeogpoint3D' and rightarg = 'timestamptz';
UPDATE 1
UPDATE test_georelativeposops3d
SET spgistidx = ( SELECT count(*) FROM tbl_tgeogpoint3D, tbl_timestampset WHERE temp <<# ts )
WHERE op = '<<#' and leftarg = 'tgeogpoint3D' and rightarg = 'timestampset';
UPDATE 1
UPDATE test_georelativeposops3d
SET spgistidx = ( SELECT count(*) FROM tbl_tgeogpoint3D, tbl_timestampset WHERE temp #>> ts )
WHERE op = '#>>' and leftarg = 'tgeogpoint3D' and rightarg = 'timestampset';
UPDATE 1
UPDATE test_georelativeposops3d
SET spgistidx = ( SELECT count(*) FROM tbl_tgeogpoint3D, tbl_timestampset WHERE temp &<# ts )
WHERE op = '&<#' and leftarg = 'tgeogpoint3D' and rightarg = 'timestampset';
UPDATE 1
UPDATE test_georelativeposops3d
SET spgistidx = ( SELECT count(*) FROM tbl_tgeogpoint3D, tbl_timestampset WHERE temp #&> ts )
WHERE op = '#&>' and leftarg = 'tgeogpoint3D' and rightarg = 'timestampset';
UPDATE 1
UPDATE test_georelativeposops3d
SET spgistidx = ( SELECT count(*) FROM tbl_tgeogpoint3D, tbl_period WHERE temp <<# p )
WHERE op = '<<#' and leftarg = 'tgeogpoint3D' and rightarg = 'period';
UPDATE 1
UPDATE test_georelativeposops3d
SET spgistidx = ( SELECT count(*) FROM tbl_tgeogpoint3D, tbl_period WHERE temp #>> p )
WHERE op = '#>>' and leftarg = 'tgeogpoint3D' and rightarg = 'period';
UPDATE 1
UPDATE test_georelativeposops3d
SET spgistidx = ( SELECT count(*) FROM tbl_tgeogpoint3D, tbl_period WHERE temp &<# p )
WHERE op = '&<#' and leftarg = 'tgeogpoint3D' and rightarg = 'period';
UPDATE 1
UPDATE test_georelativeposops3d
SET spgistidx = ( SELECT count(*) FROM tbl_tgeogpoint3D, tbl_period WHERE temp #&> p )
WHERE op = '#&>' and leftarg = 'tgeogpoint3D' and rightarg = 'period';
UPDATE 1
UPDATE test_georelativeposops3d
SET spgistidx = ( SELECT count(*) FROM tbl_tgeogpoint3D, tbl_periodset WHERE temp <<# ps )
WHERE op = '<<#' and leftarg = 'tgeogpoint3D' and rightarg = 'periodset';
UPDATE 1
UPDATE test_georelativeposops3d
SET spgistidx = ( SELECT count(*) FROM tbl_tgeogpoint3D, tbl_periodset WHERE temp #>> ps )
WHERE op = '#>>' and leftarg = 'tgeogpoint3D' and rightarg = 'periodset';
UPDATE 1
UPDATE test_georelativeposops3d
SET spgistidx = ( SELECT count(*) FROM tbl_tgeogpoint3D, tbl_periodset WHERE temp &<# ps )
WHERE op = '&<#' and leftarg = 'tgeogpoint3D' and rightarg = 'periodset';
UPDATE 1
UPDATE test_georelativeposops3d
SET spgistidx = ( SELECT count(*) FROM tbl_tgeogpoint3D, tbl_periodset WHERE temp #&> ps )
WHERE op = '#&>' and leftarg = 'tgeogpoint3D' and rightarg = 'periodset';
UPDATE 1
DROP INDEX IF EXISTS tbl_tgeompoint3D_spgist_idx;
DROP INDEX
SELECT * FROM test_georelativeposops3d
WHERE noidx <> spgistidx 
ORDER BY op, leftarg, rightarg;
 op | leftarg | rightarg | noidx | gistidx | spgistidx 
----+---------+----------+-------+---------+-----------
(0 rows)

DROP TABLE test_georelativeposops3d;
DROP TABLE
