SELECT version();
                                               version                                                
------------------------------------------------------------------------------------------------------
 PostgreSQL 13.3 on x86_64-pc-linux-gnu, compiled by gcc (Ubuntu 9.3.0-17ubuntu1~20.04) 9.3.0, 64-bit
(1 row)

SELECT postgis_full_version();
                                                                                             postgis_full_version                                                                                              
---------------------------------------------------------------------------------------------------------------------------------------------------------------------------------------------------------------
 POSTGIS="2.5.5" [EXTENSION] PGSQL="130" GEOS="3.9.1dev-CAPI-1.14.1" PROJ="Rel. 6.3.1, February 10th, 2020" GDAL="GDAL 3.0.4, released 2020/01/28" LIBXML="2.9.10" LIBJSON="0.13.1" LIBPROTOBUF="1.3.3" RASTER
(1 row)

SELECT tgeogpoint '[Point(1.5 1.5)@2000-01-01, Point(2.5 2.5)@2000-01-02, Point(1.5 1.5)@2000-01-03]'::period;
                      period                      
--------------------------------------------------
 [2000-01-01 00:00:00+00, 2000-01-03 00:00:00+00]
(1 row)

SELECT tgeogpoint '{Point(1.5 1.5)@2000-01-01, Point(2.5 2.5)@2000-01-02, Point(1.5 1.5)@2000-01-03}'::period;
                      period                      
--------------------------------------------------
 [2000-01-01 00:00:00+00, 2000-01-03 00:00:00+00]
(1 row)

SELECT period_cmp(tgeogpoint '[Point(1.5 1.5)@2000-01-01, Point(2.5 2.5)@2000-01-02, Point(1.5 1.5)@2000-01-03]'::period,
  tgeogpoint '{Point(1.5 1.5)@2000-01-01, Point(2.5 2.5)@2000-01-02, Point(1.5 1.5)@2000-01-03}'::period);
 period_cmp 
------------
          0
(1 row)

SELECT tgeogpoint '[Point(1.5 1.5)@2000-01-01, Point(2.5 2.5)@2000-01-02, Point(1.5 1.5)@2000-01-03]'::stbox;
                                                                                             stbox                                                                                             
-----------------------------------------------------------------------------------------------------------------------------------------------------------------------------------------------
 SRID=4326;GEODSTBOX T((0.9980973490458729,0.026167978121471914,0.02617694830787315,2000-01-01 00:00:00+00),(0.9993147673772869,0.04357787137382909,0.043619387365336,2000-01-03 00:00:00+00))
(1 row)

SELECT tgeogpoint '{Point(1.5 1.5)@2000-01-01, Point(2.5 2.5)@2000-01-02, Point(1.5 1.5)@2000-01-03}'::stbox;
                                                                                             stbox                                                                                             
-----------------------------------------------------------------------------------------------------------------------------------------------------------------------------------------------
 SRID=4326;GEODSTBOX T((0.9980973490458729,0.026167978121471914,0.02617694830787315,2000-01-01 00:00:00+00),(0.9993147673772869,0.04357787137382909,0.043619387365336,2000-01-03 00:00:00+00))
(1 row)

SELECT stbox_cmp(tgeogpoint '[Point(1.5 1.5)@2000-01-01, Point(2.5 2.5)@2000-01-02, Point(1.5 1.5)@2000-01-03]'::stbox,
  tgeogpoint '{Point(1.5 1.5)@2000-01-01, Point(2.5 2.5)@2000-01-02, Point(1.5 1.5)@2000-01-03}'::stbox);
 stbox_cmp 
-----------
         0
(1 row)

SELECT tgeogpoint_hash(tgeogpoint '[Point(1.5 1.5)@2000-01-01, Point(2.5 2.5)@2000-01-02, Point(1.5 1.5)@2000-01-03]');
 tgeogpoint_hash 
-----------------
      2066301127
(1 row)

SELECT tgeogpoint_hash(tgeogpoint '{Point(1.5 1.5)@2000-01-01, Point(2.5 2.5)@2000-01-02, Point(1.5 1.5)@2000-01-03}');
 tgeogpoint_hash 
-----------------
      1513013277
(1 row)

SELECT tgeogpoint_hash(tgeogpoint '[Point(1.5 1.5)@2000-01-01, Point(2.5 2.5)@2000-01-02, Point(1.5 1.5)@2000-01-03]') <
  tgeogpoint_hash(tgeogpoint '{Point(1.5 1.5)@2000-01-01, Point(2.5 2.5)@2000-01-02, Point(1.5 1.5)@2000-01-03}');
 ?column? 
----------
 f
(1 row)

SELECT memsize(tgeogpoint '[Point(1.5 1.5)@2000-01-01, Point(2.5 2.5)@2000-01-02, Point(1.5 1.5)@2000-01-03]');
 memsize 
---------
     408
(1 row)

SELECT memsize(tgeogpoint '{Point(1.5 1.5)@2000-01-01, Point(2.5 2.5)@2000-01-02, Point(1.5 1.5)@2000-01-03}');
 memsize 
---------
     288
(1 row)

SELECT memsize(tgeogpoint '[Point(1.5 1.5)@2000-01-01, Point(2.5 2.5)@2000-01-02, Point(1.5 1.5)@2000-01-03]') <
  memsize(tgeogpoint '{Point(1.5 1.5)@2000-01-01, Point(2.5 2.5)@2000-01-02, Point(1.5 1.5)@2000-01-03}');
 ?column? 
----------
 f
(1 row)

SELECT tempSubtype(tgeogpoint '[Point(1.5 1.5)@2000-01-01, Point(2.5 2.5)@2000-01-02, Point(1.5 1.5)@2000-01-03]');
 tempsubtype 
-------------
 Sequence
(1 row)

SELECT tempSubtype(tgeogpoint '{Point(1.5 1.5)@2000-01-01, Point(2.5 2.5)@2000-01-02, Point(1.5 1.5)@2000-01-03}');
 tempsubtype 
-------------
 InstantSet
(1 row)

SELECT tempSubtype(tgeogpoint '[Point(1.5 1.5)@2000-01-01, Point(2.5 2.5)@2000-01-02, Point(1.5 1.5)@2000-01-03]') <
  tempSubtype(tgeogpoint '{Point(1.5 1.5)@2000-01-01, Point(2.5 2.5)@2000-01-02, Point(1.5 1.5)@2000-01-03}');
 ?column? 
----------
 f
(1 row)

SELECT tgeogpoint '[Point(1.5 1.5)@2000-01-01, Point(2.5 2.5)@2000-01-02, Point(1.5 1.5)@2000-01-03]' < tgeogpoint '{Point(1.5 1.5)@2000-01-01, Point(2.5 2.5)@2000-01-02, Point(1.5 1.5)@2000-01-03}';
 ?column? 
----------
 f
(1 row)

