SELECT round(azimuth(temp), 12) FROM tbl_tgeogpoint WHERE azimuth(temp) IS NOT NULL ORDER BY k LIMIT 10;
                                                                                                                                                round                                                                                                                                                
-----------------------------------------------------------------------------------------------------------------------------------------------------------------------------------------------------------------------------------------------------------------------------------------------------
 Interp=Stepwise;{[4.46614115011@2001-07-26 20:33:00+00, 0.319139005472@2001-07-26 20:39:00+00, 3.680358980894@2001-07-26 20:45:00+00, 3.680358980894@2001-07-26 20:54:00+00]}
 Interp=Stepwise;{(4.972957019669@2001-12-07 15:59:00+00, 4.972957019669@2001-12-07 16:04:00+00]}
 Interp=Stepwise;{[4.46614115011@2001-07-26 20:33:00+00, 0.319139005472@2001-07-26 20:39:00+00, 3.680358980894@2001-07-26 20:45:00+00, 3.680358980894@2001-07-26 20:54:00+00]}
 Interp=Stepwise;{(4.972957019669@2001-12-07 15:59:00+00, 4.972957019669@2001-12-07 16:04:00+00]}
 Interp=Stepwise;{(2.666383221048@2001-11-15 04:55:00+00, 0.436017545208@2001-11-15 04:58:00+00, 0.436017545208@2001-11-15 05:00:00+00)}
 Interp=Stepwise;{[2.319397666273@2001-03-31 13:37:00+00, 2.319397666273@2001-03-31 13:41:00+00]}
 Interp=Stepwise;{(2.66632465188@2001-11-15 04:55:00+00, 0.436021460474@2001-11-15 04:58:00+00, 0.436021460474@2001-11-15 05:00:00+00)}
 Interp=Stepwise;{[2.319325244863@2001-03-31 13:37:00+00, 2.319325244863@2001-03-31 13:41:00+00]}
 Interp=Stepwise;{(3.664991394802@2001-12-17 18:54:00+00, 3.664991394802@2001-12-17 18:56:00+00)}
 Interp=Stepwise;{(5.316129399897@2001-07-12 08:49:00+00, 1.969269422259@2001-07-12 08:56:00+00, 4.347718218226@2001-07-12 09:03:00+00, 5.967469797199@2001-07-12 09:08:00+00, 0.940711268129@2001-07-12 09:12:00+00, 2.439477645259@2001-07-12 09:15:00+00, 2.439477645259@2001-07-12 09:19:00+00)}
(10 rows)

SELECT round(azimuth(temp), 12) FROM tbl_tgeogpoint3D WHERE azimuth(temp) IS NOT NULL ORDER BY k LIMIT 10;
                                                                                                                                                                                       round                                                                                                                                                                                       
-----------------------------------------------------------------------------------------------------------------------------------------------------------------------------------------------------------------------------------------------------------------------------------------------------------------------------------------------------------------------------------
 Interp=Stepwise;{[3.327974612137@2001-11-21 07:08:00+00, 3.718067880374@2001-11-21 07:17:00+00, 3.718067880374@2001-11-21 07:20:00+00)}
 Interp=Stepwise;{[3.327974513373@2001-11-21 07:08:00+00, 3.71806787313@2001-11-21 07:17:00+00, 3.71806787313@2001-11-21 07:20:00+00)}
 Interp=Stepwise;{(3.095143114991@2001-04-14 10:32:00+00, 0.195982611504@2001-04-14 10:33:00+00, 0.195982611504@2001-04-14 10:35:00+00)}
 Interp=Stepwise;{(3.095154360038@2001-04-14 10:32:00+00, 0.195979246773@2001-04-14 10:33:00+00, 0.195979246773@2001-04-14 10:35:00+00)}
 Interp=Stepwise;{[3.682540009288@2001-11-16 01:58:00+00, 0.176277296976@2001-11-16 02:05:00+00, 3.295701712974@2001-11-16 02:09:00+00, 0.019042102606@2001-11-16 02:13:00+00, 3.296756108697@2001-11-16 02:18:00+00, 6.145055230946@2001-11-16 02:26:00+00, 2.006466005304@2001-11-16 02:33:00+00, 0.278606677152@2001-11-16 02:40:00+00, 0.278606677152@2001-11-16 02:43:00+00]}
 Interp=Stepwise;{(3.705448751218@2001-08-30 00:03:00+00, 0.008545998951@2001-08-30 00:05:00+00, 0.008545998951@2001-08-30 00:12:00+00]}
 Interp=Stepwise;{[3.682539887236@2001-11-16 01:13:00+00, 0.176277295851@2001-11-16 01:20:00+00, 3.295701727771@2001-11-16 01:24:00+00, 0.019042104429@2001-11-16 01:28:00+00, 3.296756101801@2001-11-16 01:33:00+00, 6.145055221141@2001-11-16 01:41:00+00, 2.006466032835@2001-11-16 01:48:00+00, 0.27860666398@2001-11-16 01:55:00+00, 0.27860666398@2001-11-16 01:58:00+00]}
 Interp=Stepwise;{(3.705448751218@2001-08-29 23:54:00+00, 0.008545998951@2001-08-29 23:56:00+00, 0.008545998951@2001-08-30 00:03:00+00]}
 Interp=Stepwise;{[5.675014116434@2001-04-12 10:29:00+00, 6.079179065751@2001-04-12 10:36:00+00, 1.911468125262@2001-04-12 10:40:00+00, 4.570147036369@2001-04-12 10:49:00+00, 2.467185280458@2001-04-12 10:51:00+00, 0.409522133222@2001-04-12 10:56:00+00, 0.409522133222@2001-04-12 10:59:00+00]}
 Interp=Stepwise;{(4.05039992908@2001-09-08 14:55:00+00, 0.081361925917@2001-09-08 14:59:00+00, 2.86464661667@2001-09-08 15:06:00+00, 0.129240178194@2001-09-08 15:08:00+00, 0.129240178194@2001-09-08 15:14:00+00)}
(10 rows)

