SELECT round(degrees(azimuth(tgeogpoint 'Point(1.5 1.5)@2000-01-01')), 6);
 round 
-------
 
(1 row)

SELECT round(degrees(azimuth(tgeogpoint '{Point(1.5 1.5)@2000-01-01, Point(2.5 2.5)@2000-01-02, Point(1.5 1.5)@2000-01-03}')), 6);
 round 
-------
 
(1 row)

SELECT round(degrees(azimuth(tgeogpoint '[Point(1.5 1.5)@2000-01-01, Point(2.5 2.5)@2000-01-02, Point(1.5 1.5)@2000-01-03]')), 6);
                                                          round                                                           
--------------------------------------------------------------------------------------------------------------------------
 Interp=Stepwise;{[45.158368@2000-01-01 00:00:00+00, 225.19327@2000-01-02 00:00:00+00, 225.19327@2000-01-03 00:00:00+00]}
(1 row)

SELECT round(degrees(azimuth(tgeogpoint '{[Point(1.5 1.5)@2000-01-01, Point(2.5 2.5)@2000-01-02, Point(1.5 1.5)@2000-01-03],[Point(3.5 3.5)@2000-01-04, Point(3.5 3.5)@2000-01-05]}')), 6);
                                                          round                                                           
--------------------------------------------------------------------------------------------------------------------------
 Interp=Stepwise;{[45.158368@2000-01-01 00:00:00+00, 225.19327@2000-01-02 00:00:00+00, 225.19327@2000-01-03 00:00:00+00]}
(1 row)

SELECT round(degrees(azimuth(tgeogpoint 'Interp=Stepwise;[Point(1.5 1.5)@2000-01-01, Point(2.5 2.5)@2000-01-02, Point(1.5 1.5)@2000-01-03]')), 6);
 round 
-------
 
(1 row)

SELECT round(degrees(azimuth(tgeogpoint 'Interp=Stepwise;{[Point(1.5 1.5)@2000-01-01, Point(2.5 2.5)@2000-01-02, Point(1.5 1.5)@2000-01-03],[Point(3.5 3.5)@2000-01-04, Point(3.5 3.5)@2000-01-05]}')), 6);
 round 
-------
 
(1 row)

SELECT round(degrees(azimuth(tgeogpoint 'Point(1.5 1.5 1.5)@2000-01-01')), 6);
 round 
-------
 
(1 row)

SELECT round(degrees(azimuth(tgeogpoint '{Point(1.5 1.5 1.5)@2000-01-01, Point(2.5 2.5 2.5)@2000-01-02, Point(1.5 1.5 1.5)@2000-01-03}')), 6);
 round 
-------
 
(1 row)

SELECT round(degrees(azimuth(tgeogpoint '[Point(1.5 1.5 1.5)@2000-01-01, Point(2.5 2.5 2.5)@2000-01-02, Point(1.5 1.5 1.5)@2000-01-03]')), 6);
                                                          round                                                           
--------------------------------------------------------------------------------------------------------------------------
 Interp=Stepwise;{[45.158368@2000-01-01 00:00:00+00, 225.19327@2000-01-02 00:00:00+00, 225.19327@2000-01-03 00:00:00+00]}
(1 row)

SELECT round(degrees(azimuth(tgeogpoint '{[Point(1.5 1.5 1.5)@2000-01-01, Point(2.5 2.5 2.5)@2000-01-02, Point(1.5 1.5 1.5)@2000-01-03],[Point(3.5 3.5 3.5)@2000-01-04, Point(3.5 3.5 3.5)@2000-01-05]}')), 6);
                                                          round                                                           
--------------------------------------------------------------------------------------------------------------------------
 Interp=Stepwise;{[45.158368@2000-01-01 00:00:00+00, 225.19327@2000-01-02 00:00:00+00, 225.19327@2000-01-03 00:00:00+00]}
(1 row)

SELECT round(degrees(azimuth(tgeogpoint 'Interp=Stepwise;[Point(1.5 1.5 1.5)@2000-01-01, Point(2.5 2.5 2.5)@2000-01-02, Point(1.5 1.5 1.5)@2000-01-03]')), 6);
 round 
-------
 
(1 row)

SELECT round(degrees(azimuth(tgeogpoint 'Interp=Stepwise;{[Point(1.5 1.5 1.5)@2000-01-01, Point(2.5 2.5 2.5)@2000-01-02, Point(1.5 1.5 1.5)@2000-01-03],[Point(3.5 3.5 3.5)@2000-01-04, Point(3.5 3.5 3.5)@2000-01-05]}')), 6);
 round 
-------
 
(1 row)

SELECT round(degrees(azimuth(tgeogpoint '{[Point(1 1)@2000-01-01, Point(2 2)@2000-01-02, Point(1 1)@2000-01-03]}')), 6);
                                                           round                                                           
---------------------------------------------------------------------------------------------------------------------------
 Interp=Stepwise;{[45.17047@2000-01-01 00:00:00+00, 225.196649@2000-01-02 00:00:00+00, 225.196649@2000-01-03 00:00:00+00]}
(1 row)

SELECT round(degrees(azimuth(tgeogpoint '{[Point(1 1)@2000-01-01], [Point(2 2)@2000-01-02], [Point(1 1)@2000-01-03]}')), 6);
 round 
-------
 
(1 row)

