<<<<<<< HEAD
<<<<<<< HEAD
SELECT MAX(getPosition(startValue(tnpoint_inst(t1.np, t2.t)))) FROM tbl_npoint t1, tbl_timestamptz t2;
=======
SELECT MAX(getPosition(startValue(tnpointinst(t1.np, t2.t)))) FROM tbl_npoint t1, tbl_timestamptz t2;
>>>>>>> Synchronize npoint with latest MobilityDB version
=======
SELECT MAX(getPosition(startValue(tnpoint_inst(t1.np, t2.t)))) FROM tbl_npoint t1, tbl_timestamptz t2;
>>>>>>> Synchronize npoint with latest MobilityDB version
   max    
----------
 0.999506
(1 row)

WITH test(temp) as (
<<<<<<< HEAD
<<<<<<< HEAD
SELECT tnpoint_instset(array_agg(t.inst ORDER BY getTimestamp(t.inst))) FROM tbl_tnpoint_inst t GROUP BY k%10 )
=======
SELECT tnpointi(array_agg(t.inst ORDER BY getTimestamp(t.inst))) FROM tbl_tnpointinst t GROUP BY k%10  )
>>>>>>> Synchronize npoint with latest MobilityDB version
=======
SELECT tnpoint_instset(array_agg(t.inst ORDER BY getTimestamp(t.inst))) FROM tbl_tnpoint_inst t GROUP BY k%10 )
>>>>>>> Synchronize npoint with latest MobilityDB version
SELECT MAX(getPosition(startValue(temp))) FROM test;
   max    
----------
 0.936023
(1 row)

WITH test(temp) as (
<<<<<<< HEAD
<<<<<<< HEAD
SELECT tnpoint_seq(array_agg(t.inst ORDER BY getTimestamp(t.inst))) FROM tbl_tnpoint_inst t GROUP BY route(t.inst) )
=======
SELECT tnpointseq(array_agg(t.inst ORDER BY getTimestamp(t.inst))) FROM tbl_tnpointinst t GROUP BY route(t.inst) )
>>>>>>> Synchronize npoint with latest MobilityDB version
=======
SELECT tnpoint_seq(array_agg(t.inst ORDER BY getTimestamp(t.inst))) FROM tbl_tnpoint_inst t GROUP BY route(t.inst) )
>>>>>>> Synchronize npoint with latest MobilityDB version
SELECT MAX(getPosition(startValue(temp))) FROM test;
   max    
----------
 0.994533
(1 row)

WITH test(temp) as (
<<<<<<< HEAD
<<<<<<< HEAD
SELECT tnpoint_seqset(array_agg(t.seq ORDER BY startTimestamp(t.seq))) FROM tbl_tnpoint_seq t GROUP BY k%10 )
=======
SELECT tnpoints(array_agg(t.seq ORDER BY startTimestamp(t.seq))) FROM tbl_tnpointseq t GROUP BY k%10 )
>>>>>>> Synchronize npoint with latest MobilityDB version
=======
SELECT tnpoint_seqset(array_agg(t.seq ORDER BY startTimestamp(t.seq))) FROM tbl_tnpoint_seq t GROUP BY k%10 )
>>>>>>> Synchronize npoint with latest MobilityDB version
SELECT MAX(getPosition(startValue(temp))) FROM test;
   max    
----------
 0.966244
(1 row)

<<<<<<< HEAD
<<<<<<< HEAD
SELECT DISTINCT tempSubtype(tnpoint_inst(inst)) FROM tbl_tnpoint_inst;
 tempsubtype 
-------------
 Instant
(1 row)

SELECT DISTINCT tempSubtype(tnpoint_instset(inst)) FROM tbl_tnpoint_inst;
 tempsubtype 
-------------
 InstantSet
(1 row)

SELECT DISTINCT tempSubtype(tnpoint_seq(inst)) FROM tbl_tnpoint_inst;
 tempsubtype 
-------------
 Sequence
(1 row)

SELECT DISTINCT tempSubtype(tnpoint_seqset(inst)) FROM tbl_tnpoint_inst;
 tempsubtype 
=======
SELECT DISTINCT duration(tnpointinst(inst)) FROM tbl_tnpointinst;
 duration 
----------
=======
SELECT DISTINCT tempSubtype(tnpoint_inst(inst)) FROM tbl_tnpoint_inst;
 tempsubtype 
-------------
>>>>>>> Synchronize npoint with latest MobilityDB version
 Instant
(1 row)

SELECT DISTINCT tempSubtype(tnpoint_instset(inst)) FROM tbl_tnpoint_inst;
 tempsubtype 
-------------
 InstantSet
(1 row)

SELECT DISTINCT tempSubtype(tnpoint_seq(inst)) FROM tbl_tnpoint_inst;
 tempsubtype 
-------------
 Sequence
(1 row)

<<<<<<< HEAD
SELECT DISTINCT duration(tnpoints(inst)) FROM tbl_tnpointinst;
  duration   
>>>>>>> Synchronize npoint with latest MobilityDB version
=======
SELECT DISTINCT tempSubtype(tnpoint_seqset(inst)) FROM tbl_tnpoint_inst;
 tempsubtype 
>>>>>>> Synchronize npoint with latest MobilityDB version
-------------
 SequenceSet
(1 row)

<<<<<<< HEAD
<<<<<<< HEAD
SELECT DISTINCT tempSubtype(tnpoint_inst(ti)) FROM tbl_tnpoint_instset WHERE numInstants(ti) = 1;
 tempsubtype 
-------------
 Instant
(1 row)

SELECT DISTINCT tempSubtype(tnpoint_instset(ti)) FROM tbl_tnpoint_instset;
 tempsubtype 
-------------
 InstantSet
(1 row)

SELECT DISTINCT tempSubtype(tnpoint_seq(ti)) FROM tbl_tnpoint_instset WHERE numInstants(ti) = 1;
 tempsubtype 
-------------
 Sequence
(1 row)

SELECT DISTINCT tempSubtype(tnpoint_seqset(ti)) FROM tbl_tnpoint_instset;
 tempsubtype 
=======
SELECT DISTINCT duration(tnpointinst(ti)) FROM tbl_tnpointi WHERE numInstants(ti) = 1;
 duration 
----------
=======
SELECT DISTINCT tempSubtype(tnpoint_inst(ti)) FROM tbl_tnpoint_instset WHERE numInstants(ti) = 1;
 tempsubtype 
-------------
>>>>>>> Synchronize npoint with latest MobilityDB version
 Instant
(1 row)

SELECT DISTINCT tempSubtype(tnpoint_instset(ti)) FROM tbl_tnpoint_instset;
 tempsubtype 
-------------
 InstantSet
(1 row)

SELECT DISTINCT tempSubtype(tnpoint_seq(ti)) FROM tbl_tnpoint_instset WHERE numInstants(ti) = 1;
 tempsubtype 
-------------
 Sequence
(1 row)

<<<<<<< HEAD
SELECT DISTINCT duration(tnpoints(ti)) FROM tbl_tnpointi;
  duration   
>>>>>>> Synchronize npoint with latest MobilityDB version
=======
SELECT DISTINCT tempSubtype(tnpoint_seqset(ti)) FROM tbl_tnpoint_instset;
 tempsubtype 
>>>>>>> Synchronize npoint with latest MobilityDB version
-------------
 SequenceSet
(1 row)

<<<<<<< HEAD
<<<<<<< HEAD
SELECT DISTINCT tempSubtype(tnpoint_inst(seq)) FROM tbl_tnpoint_seq WHERE numInstants(seq) = 1;
 tempsubtype 
-------------
 Instant
(1 row)

SELECT DISTINCT tempSubtype(tnpoint_instset(seq)) FROM tbl_tnpoint_seq WHERE numInstants(seq) = 1;
 tempsubtype 
-------------
 InstantSet
(1 row)

SELECT DISTINCT tempSubtype(tnpoint_seq(seq)) FROM tbl_tnpoint_seq;
 tempsubtype 
-------------
 Sequence
(1 row)

SELECT DISTINCT tempSubtype(tnpoint_seqset(seq)) FROM tbl_tnpoint_seq;
 tempsubtype 
=======
SELECT DISTINCT duration(tnpointinst(seq)) FROM tbl_tnpointseq WHERE numInstants(seq) = 1;
 duration 
----------
=======
SELECT DISTINCT tempSubtype(tnpoint_inst(seq)) FROM tbl_tnpoint_seq WHERE numInstants(seq) = 1;
 tempsubtype 
-------------
>>>>>>> Synchronize npoint with latest MobilityDB version
 Instant
(1 row)

SELECT DISTINCT tempSubtype(tnpoint_instset(seq)) FROM tbl_tnpoint_seq WHERE numInstants(seq) = 1;
 tempsubtype 
-------------
 InstantSet
(1 row)

SELECT DISTINCT tempSubtype(tnpoint_seq(seq)) FROM tbl_tnpoint_seq;
 tempsubtype 
-------------
 Sequence
(1 row)

<<<<<<< HEAD
SELECT DISTINCT duration(tnpoints(seq)) FROM tbl_tnpointseq;
  duration   
>>>>>>> Synchronize npoint with latest MobilityDB version
=======
SELECT DISTINCT tempSubtype(tnpoint_seqset(seq)) FROM tbl_tnpoint_seq;
 tempsubtype 
>>>>>>> Synchronize npoint with latest MobilityDB version
-------------
 SequenceSet
(1 row)

<<<<<<< HEAD
<<<<<<< HEAD
SELECT DISTINCT tempSubtype(tnpoint_inst(ts)) FROM tbl_tnpoint_seqset WHERE numInstants(ts) = 1;
 tempsubtype 
-------------
 Instant
(1 row)

SELECT DISTINCT tempSubtype(tnpoint_instset(ts)) FROM tbl_tnpoint_seqset WHERE duration(ts) = '00:00:00';
 tempsubtype 
-------------
 InstantSet
(1 row)

SELECT DISTINCT tempSubtype(tnpoint_seq(ts)) FROM tbl_tnpoint_seqset WHERE numSequences(ts) = 1;
 tempsubtype 
-------------
 Sequence
(1 row)

SELECT DISTINCT tempSubtype(tnpoint_seqset(ts)) FROM tbl_tnpoint_seqset;
 tempsubtype 
=======
SELECT DISTINCT duration(tnpointinst(ts)) FROM tbl_tnpoints WHERE numInstants(ts) = 1;
 duration 
----------
=======
SELECT DISTINCT tempSubtype(tnpoint_inst(ts)) FROM tbl_tnpoint_seqset WHERE numInstants(ts) = 1;
 tempsubtype 
-------------
>>>>>>> Synchronize npoint with latest MobilityDB version
 Instant
(1 row)

SELECT DISTINCT tempSubtype(tnpoint_instset(ts)) FROM tbl_tnpoint_seqset WHERE duration(ts) = '00:00:00';
 tempsubtype 
-------------
 InstantSet
(1 row)

SELECT DISTINCT tempSubtype(tnpoint_seq(ts)) FROM tbl_tnpoint_seqset WHERE numSequences(ts) = 1;
 tempsubtype 
-------------
 Sequence
(1 row)

<<<<<<< HEAD
SELECT DISTINCT duration(tnpoints(ts)) FROM tbl_tnpoints;
  duration   
>>>>>>> Synchronize npoint with latest MobilityDB version
=======
SELECT DISTINCT tempSubtype(tnpoint_seqset(ts)) FROM tbl_tnpoint_seqset;
 tempsubtype 
>>>>>>> Synchronize npoint with latest MobilityDB version
-------------
 SequenceSet
(1 row)

SELECT MAX(numInstants(appendInstant(temp, shift(endInstant(temp), '5 min')))) FROM tbl_tnpoint;
 max 
-----
  57
(1 row)

SELECT count(*) FROM tbl_tnpoint where temp::tgeompoint is not null;
 count 
-------
   100
(1 row)

SELECT count(*) FROM tbl_tnpoint WHERE temp = (temp::tgeompoint)::tnpoint;
 count 
-------
   100
(1 row)

<<<<<<< HEAD
<<<<<<< HEAD
SELECT DISTINCT tempSubtype(temp) FROM tbl_tnpoint ORDER BY 1;
 tempsubtype 
=======
SELECT DISTINCT duration(temp) FROM tbl_tnpoint ORDER BY 1;
  duration   
>>>>>>> Synchronize npoint with latest MobilityDB version
=======
SELECT DISTINCT tempSubtype(temp) FROM tbl_tnpoint ORDER BY 1;
 tempsubtype 
>>>>>>> Synchronize npoint with latest MobilityDB version
-------------
 Instant
 InstantSet
 Sequence
 SequenceSet
(4 rows)

SELECT MAX(memSize(temp)) FROM tbl_tnpoint;
 max  
------
 1944
(1 row)

/*
SELECT stbox(temp) FROM tbl_tnpoint;
*/
<<<<<<< HEAD
<<<<<<< HEAD
SELECT getValue(inst) FROM tbl_tnpoint_inst ORDER BY getValue(inst) LIMIT 1;
=======
SELECT getValue(inst) FROM tbl_tnpointinst ORDER BY getValue(inst) LIMIT 1;
>>>>>>> Synchronize npoint with latest MobilityDB version
=======
SELECT getValue(inst) FROM tbl_tnpoint_inst ORDER BY getValue(inst) LIMIT 1;
>>>>>>> Synchronize npoint with latest MobilityDB version
      getvalue      
--------------------
 NPoint(0,0.658185)
(1 row)

SELECT MAX(array_length(getValues(temp), 1)) FROM tbl_tnpoint;
 max 
-----
  56
(1 row)

SELECT MAX(array_length(positions(temp), 1)) FROM tbl_tnpoint;
 max 
-----
   9
(1 row)

<<<<<<< HEAD
<<<<<<< HEAD
SELECT MAX(route(inst)) FROM tbl_tnpoint_inst;
=======
SELECT MAX(route(inst)) FROM tbl_tnpointinst;
>>>>>>> Synchronize npoint with latest MobilityDB version
=======
SELECT MAX(route(inst)) FROM tbl_tnpoint_inst;
>>>>>>> Synchronize npoint with latest MobilityDB version
 max 
-----
  99
(1 row)

SELECT MAX(array_length(routes(temp), 1)) FROM tbl_tnpoint;
 max 
-----
   9
(1 row)

SELECT MAX(timespan(getTime(temp))) FROM tbl_tnpoint;
   max    
----------
<<<<<<< HEAD
<<<<<<< HEAD
 05:17:00
(1 row)

SELECT MAX(getTimestamp(inst)) FROM tbl_tnpoint_inst;
=======
 04:00:00
(1 row)

SELECT MAX(getTimestamp(inst)) FROM tbl_tnpointinst;
>>>>>>> Synchronize npoint with latest MobilityDB version
=======
 05:17:00
(1 row)

SELECT MAX(getTimestamp(inst)) FROM tbl_tnpoint_inst;
>>>>>>> Synchronize npoint with latest MobilityDB version
          max           
------------------------
 2001-12-30 18:06:00+00
(1 row)

SELECT count(*) FROM tbl_tnpoint t1, tbl_npoint t2 WHERE t1.temp ?= t2.np;
 count 
-------
   101
(1 row)

SELECT count(*) FROM tbl_tnpoint t1, tbl_npoint t2 WHERE t1.temp %= t2.np;
 count 
-------
     0
(1 row)

<<<<<<< HEAD
<<<<<<< HEAD
SELECT count(*) FROM tbl_tnpoint_inst t1, tbl_npoint t2 WHERE ever_eq(t1.inst, t2.np);
=======
SELECT count(*) FROM tbl_tnpointinst t1, tbl_npoint t2 WHERE everEquals(t1.inst, t2.np);
>>>>>>> Synchronize npoint with latest MobilityDB version
=======
SELECT count(*) FROM tbl_tnpoint_inst t1, tbl_npoint t2 WHERE ever_eq(t1.inst, t2.np);
>>>>>>> Synchronize npoint with latest MobilityDB version
 count 
-------
     0
(1 row)

<<<<<<< HEAD
<<<<<<< HEAD
SELECT count(*) FROM tbl_tnpoint_inst t1, tbl_npoint t2 WHERE always_eq(t1.inst, t2.np);
=======
SELECT count(*) FROM tbl_tnpointinst t1, tbl_npoint t2 WHERE always_eq(t1.inst, t2.np);
>>>>>>> Synchronize npoint with latest MobilityDB version
=======
SELECT count(*) FROM tbl_tnpoint_inst t1, tbl_npoint t2 WHERE always_eq(t1.inst, t2.np);
>>>>>>> Synchronize npoint with latest MobilityDB version
 count 
-------
     0
(1 row)

SELECT MAX(startTimestamp(shift(t1.temp, t2.i))) FROM tbl_tnpoint t1, tbl_interval t2;
          max           
------------------------
 2001-12-26 20:38:00+00
(1 row)

SELECT DISTINCT MAX(getPosition(startValue(temp))) FROM tbl_tnpoint;
   max    
----------
 0.999961
(1 row)

SELECT DISTINCT MAX(getPosition(endValue(temp))) FROM tbl_tnpoint;
   max    
----------
 0.995935
(1 row)

<<<<<<< HEAD
<<<<<<< HEAD
SELECT MAX(timespan(temp)) FROM tbl_tnpoint;
=======
SELECT MAX(timespan(period(temp))) FROM tbl_tnpoint;
>>>>>>> Synchronize npoint with latest MobilityDB version
   max    
----------
 05:17:00
(1 row)

<<<<<<< HEAD
=======
=======
>>>>>>> Synchronize npoint with latest MobilityDB version
SELECT MAX(timespan(temp)) FROM tbl_tnpoint;
   max    
----------
 05:17:00
(1 row)

>>>>>>> Synchronize npoint with latest MobilityDB version
SELECT MAX(numInstants(temp)) FROM tbl_tnpoint;
 max 
-----
  56
(1 row)

SELECT MAX(Route(startInstant(temp))) FROM tbl_tnpoint;
 max 
-----
  99
(1 row)

SELECT MAX(Route(endInstant(temp))) FROM tbl_tnpoint;
 max 
-----
  99
(1 row)

SELECT MAX(Route(instantN(temp, 1))) FROM tbl_tnpoint;
 max 
-----
  99
(1 row)

SELECT MAX(array_length(instants(temp),1)) FROM tbl_tnpoint;
 max 
-----
  56
(1 row)

SELECT MAX(numTimestamps(temp)) FROM tbl_tnpoint;
 max 
-----
  56
(1 row)

SELECT MAX(startTimestamp(temp)) FROM tbl_tnpoint;
          max           
------------------------
 2001-12-26 18:59:00+00
(1 row)

SELECT MAX(endTimestamp(temp)) FROM tbl_tnpoint;
          max           
------------------------
 2001-12-26 22:16:00+00
(1 row)

SELECT MAX(timestampN(temp,1)) FROM tbl_tnpoint;
          max           
------------------------
 2001-12-26 18:59:00+00
(1 row)

SELECT MAX(array_length(timestamps(temp),1)) FROM tbl_tnpoint;
 max 
-----
  56
(1 row)

<<<<<<< HEAD
<<<<<<< HEAD
SELECT MAX(numSequences(ts)) FROM tbl_tnpoint_seqset;
=======
SELECT MAX(numSequences(ts)) FROM tbl_tnpoints;
>>>>>>> Synchronize npoint with latest MobilityDB version
=======
SELECT MAX(numSequences(ts)) FROM tbl_tnpoint_seqset;
>>>>>>> Synchronize npoint with latest MobilityDB version
 max 
-----
   9
(1 row)

<<<<<<< HEAD
<<<<<<< HEAD
SELECT MAX(timespan(startSequence(ts))) FROM tbl_tnpoint_seqset;
=======
SELECT MAX(timespan(startSequence(ts))) FROM tbl_tnpoints;
>>>>>>> Synchronize npoint with latest MobilityDB version
=======
SELECT MAX(timespan(startSequence(ts))) FROM tbl_tnpoint_seqset;
>>>>>>> Synchronize npoint with latest MobilityDB version
   max    
----------
 00:50:00
(1 row)

<<<<<<< HEAD
<<<<<<< HEAD
SELECT MAX(timespan(endSequence(ts))) FROM tbl_tnpoint_seqset;
=======
SELECT MAX(timespan(endSequence(ts))) FROM tbl_tnpoints;
>>>>>>> Synchronize npoint with latest MobilityDB version
=======
SELECT MAX(timespan(endSequence(ts))) FROM tbl_tnpoint_seqset;
>>>>>>> Synchronize npoint with latest MobilityDB version
   max    
----------
 00:50:00
(1 row)

<<<<<<< HEAD
<<<<<<< HEAD
SELECT MAX(timespan(sequenceN(ts, numSequences(ts)))) FROM tbl_tnpoint_seqset;
=======
SELECT MAX(timespan(sequenceN(ts, numSequences(ts)))) FROM tbl_tnpoints;
>>>>>>> Synchronize npoint with latest MobilityDB version
=======
SELECT MAX(timespan(sequenceN(ts, numSequences(ts)))) FROM tbl_tnpoint_seqset;
>>>>>>> Synchronize npoint with latest MobilityDB version
   max    
----------
 00:50:00
(1 row)

<<<<<<< HEAD
<<<<<<< HEAD
SELECT MAX(array_length(sequences(ts),1)) FROM tbl_tnpoint_seqset;
=======
SELECT MAX(array_length(sequences(ts),1)) FROM tbl_tnpoints;
>>>>>>> Synchronize npoint with latest MobilityDB version
=======
SELECT MAX(array_length(sequences(ts),1)) FROM tbl_tnpoint_seqset;
>>>>>>> Synchronize npoint with latest MobilityDB version
 max 
-----
   9
(1 row)

SELECT COUNT(*) FROM tbl_tnpoint, tbl_npoint 
WHERE atValue(temp, np) IS NOT NULL;
 count 
-------
   101
(1 row)

SELECT COUNT(*) FROM tbl_tnpoint, tbl_npoint 
WHERE minusValue(temp, np) IS NOT NULL;
 count 
-------
 10000
(1 row)

SELECT COUNT(*) FROM tbl_tnpoint, 
( SELECT array_agg(np) AS valuearr FROM tbl_npoint) tmp 
WHERE atValues(temp, valuearr) IS NOT NULL;
 count 
-------
    30
(1 row)

SELECT COUNT(*) FROM tbl_tnpoint, 
( SELECT array_agg(np) AS valuearr FROM tbl_npoint) tmp 
WHERE minusValues(temp, valuearr) IS NOT NULL;
 count 
-------
   100
(1 row)

SELECT COUNT(*) FROM tbl_tnpoint, tbl_timestamptz
WHERE atTimestamp(temp, t) IS NOT NULL;
 count 
-------
     0
(1 row)

SELECT COUNT(*) FROM tbl_tnpoint, tbl_timestamptz
WHERE minusTimestamp(temp, t) IS NOT NULL;
 count 
-------
  9900
(1 row)

SELECT COUNT(*) FROM tbl_tnpoint, tbl_timestamptz
WHERE valueAtTimestamp(temp, t) IS NOT NULL;
 count 
-------
     0
(1 row)

SELECT COUNT(*) FROM tbl_tnpoint, tbl_timestampset
WHERE atTimestampSet(temp, ts) IS NOT NULL;
 count 
-------
     1
(1 row)

SELECT COUNT(*) FROM tbl_tnpoint, tbl_timestampset
WHERE minusTimestampSet(temp, ts) IS NOT NULL;
 count 
-------
  9900
(1 row)

SELECT COUNT(*) FROM tbl_tnpoint, tbl_period
WHERE atPeriod(temp, p) IS NOT NULL;
 count 
-------
     0
(1 row)

SELECT COUNT(*) FROM tbl_tnpoint, tbl_period
WHERE minusPeriod(temp, p) IS NOT NULL;
 count 
-------
  9900
(1 row)

SELECT COUNT(*) FROM tbl_tnpoint, tbl_periodset
WHERE atPeriodSet(temp, ps) IS NOT NULL;
 count 
-------
     3
(1 row)

SELECT COUNT(*) FROM tbl_tnpoint, tbl_periodset
WHERE minusPeriodSet(temp, ps) IS NOT NULL;
 count 
-------
  9900
(1 row)

SELECT COUNT(*) FROM tbl_tnpoint, tbl_timestamptz
WHERE intersectsTimestamp(temp, t) IS NOT NULL;
 count 
-------
  9900
(1 row)

SELECT COUNT(*) FROM tbl_tnpoint, tbl_timestampset
WHERE intersectsTimestampSet(temp, ts) IS NOT NULL;
 count 
-------
  9900
(1 row)

SELECT COUNT(*) FROM tbl_tnpoint, tbl_period
WHERE intersectsPeriod(temp, p) IS NOT NULL;
 count 
-------
  9900
(1 row)

SELECT COUNT(*) FROM tbl_tnpoint, tbl_periodset
WHERE intersectsPeriodSet(temp, ps) IS NOT NULL;
 count 
-------
  9900
(1 row)

SELECT COUNT(*) FROM tbl_tnpoint t1, tbl_tnpoint t2
WHERE t1.temp = t2.temp;
 count 
-------
   100
(1 row)

SELECT COUNT(*) FROM tbl_tnpoint t1, tbl_tnpoint t2
WHERE t1.temp <> t2.temp;
 count 
-------
  9900
(1 row)

SELECT COUNT(*) FROM tbl_tnpoint t1, tbl_tnpoint t2
WHERE t1.temp < t2.temp;
 count 
-------
  4950
(1 row)

SELECT COUNT(*) FROM tbl_tnpoint t1, tbl_tnpoint t2
WHERE t1.temp <= t2.temp;
 count 
-------
   100
(1 row)

SELECT COUNT(*) FROM tbl_tnpoint t1, tbl_tnpoint t2
WHERE t1.temp > t2.temp;
 count 
-------
  4950
(1 row)

SELECT COUNT(*) FROM tbl_tnpoint t1, tbl_tnpoint t2
WHERE t1.temp >= t2.temp;
 count 
-------
  5050
(1 row)

