<<<<<<< HEAD
<<<<<<< HEAD
=======
>>>>>>> Improve temporal cache
SELECT round(MAX(maxValue(ST_SetSRID(t1.g, 5676) <-> t2.temp))::numeric, 6) FROM tbl_geom_point t1, tbl_tnpoint t2;
   round    
------------
 125.449444
<<<<<<< HEAD
(1 row)

SELECT round(MAX(maxValue(t1.np <-> t2.temp))::numeric, 6) FROM tbl_npoint t1, tbl_tnpoint t2;
   round    
------------
 121.839892
(1 row)

SELECT round(MAX(maxValue(t1.temp <-> ST_SetSRID(t2.g, 5676)))::numeric, 6) FROM tbl_tnpoint t1, tbl_geom_point t2;
   round    
------------
 125.449444
(1 row)

SELECT round(MAX(maxValue(t1.temp <-> t2.np))::numeric, 6) FROM tbl_tnpoint t1, tbl_npoint t2;
   round    
------------
 121.839892
=======
SELECT MAX(maxValue(ST_SetSRID(t1.g, 5676) <-> t2.temp)) FROM tbl_geompoint t1, tbl_tnpoint t2;
       max        
------------------
 125.449443600402
=======
>>>>>>> Improve temporal cache
(1 row)

SELECT round(MAX(maxValue(t1.np <-> t2.temp))::numeric, 6) FROM tbl_npoint t1, tbl_tnpoint t2;
   round    
------------
 121.839892
(1 row)

SELECT round(MAX(maxValue(t1.temp <-> ST_SetSRID(t2.g, 5676)))::numeric, 6) FROM tbl_tnpoint t1, tbl_geom_point t2;
   round    
------------
 125.449444
(1 row)

<<<<<<< HEAD
SELECT MAX(maxValue(t1.temp <-> t2.np)) FROM tbl_tnpoint t1, tbl_npoint t2;
       max        
------------------
 121.839892066468
>>>>>>> Synchronize npoint with latest MobilityDB version
=======
SELECT round(MAX(maxValue(t1.temp <-> t2.np))::numeric, 6) FROM tbl_tnpoint t1, tbl_npoint t2;
   round    
------------
 121.839892
>>>>>>> Improve temporal cache
(1 row)

SELECT count(*) FROM tbl_tnpoint t1, tbl_tnpoint t2 WHERE t1.temp <-> t2.temp IS NOT NULL;
 count 
-------
   100
(1 row)

