select count(*) from tbl_intrange t1, tbl_int t2 where t1.i << t2.i;
 count 
-------
  4805
(1 row)

select count(*) from tbl_intrange t1, tbl_float t2 where t1.i << t2.f;
 count 
-------
  5400
(1 row)

select count(*) from tbl_int t1, tbl_intrange t2 where t1.i << t2.i;
 count 
-------
  4678
(1 row)

select count(*) from tbl_float t1, tbl_intrange t2 where t1.f << t2.i;
 count 
-------
  4600
(1 row)

select count(*) from tbl_intrange t1, tbl_int t2 where t1.i >> t2.i;
 count 
-------
  4678
(1 row)

select count(*) from tbl_intrange t1, tbl_float t2 where t1.i >> t2.f;
 count 
-------
  4600
(1 row)

select count(*) from tbl_int t1, tbl_intrange t2 where t1.i >> t2.i;
 count 
-------
  4805
(1 row)

select count(*) from tbl_float t1, tbl_intrange t2 where t1.f >> t2.i;
 count 
-------
  5400
(1 row)

select count(*) from tbl_intrange t1, tbl_int t2 where t1.i &< t2.i;
 count 
-------
  4805
(1 row)

select count(*) from tbl_intrange t1, tbl_float t2 where t1.i &< t2.f;
 count 
-------
  5400
(1 row)

select count(*) from tbl_int t1, tbl_intrange t2 where t1.i &< t2.i;
 count 
-------
  4770
(1 row)

select count(*) from tbl_float t1, tbl_intrange t2 where t1.f &< t2.i;
 count 
-------
  4600
(1 row)

select count(*) from tbl_intrange t1, tbl_int t2 where t1.i &> t2.i;
 count 
-------
  4770
(1 row)

select count(*) from tbl_intrange t1, tbl_float t2 where t1.i &> t2.f;
 count 
-------
  4600
(1 row)

select count(*) from tbl_int t1, tbl_intrange t2 where t1.i &> t2.i;
 count 
-------
  4805
(1 row)

select count(*) from tbl_float t1, tbl_intrange t2 where t1.f &> t2.i;
 count 
-------
  5400
(1 row)

select count(*) from tbl_intrange t1, tbl_int t2 where t1.i -|- t2.i;
 count 
-------
   211
(1 row)

select count(*) from tbl_intrange t1, tbl_float t2 where t1.i -|- t2.f;
 count 
-------
     0
(1 row)

select count(*) from tbl_int t1, tbl_intrange t2 where t1.i -|- t2.i;
 count 
-------
   211
(1 row)

select count(*) from tbl_float t1, tbl_intrange t2 where t1.f -|- t2.i;
 count 
-------
     0
(1 row)

select count(*) from tbl_floatrange t1, tbl_int t2 where t1.f << t2.i;
 count 
-------
     0
(1 row)

select count(*) from tbl_floatrange t1, tbl_float t2 where t1.f << t2.f;
 count 
-------
  4579
(1 row)

select count(*) from tbl_int t1, tbl_floatrange t2 where t1.i << t2.f;
 count 
-------
 10000
(1 row)

select count(*) from tbl_float t1, tbl_floatrange t2 where t1.f << t2.f;
 count 
-------
  4854
(1 row)

select count(*) from tbl_floatrange t1, tbl_int t2 where t1.f >> t2.i;
 count 
-------
 10000
(1 row)

select count(*) from tbl_floatrange t1, tbl_float t2 where t1.f >> t2.f;
 count 
-------
  4854
(1 row)

select count(*) from tbl_int t1, tbl_floatrange t2 where t1.i >> t2.f;
 count 
-------
     0
(1 row)

select count(*) from tbl_float t1, tbl_floatrange t2 where t1.f >> t2.f;
 count 
-------
  4579
(1 row)

select count(*) from tbl_floatrange t1, tbl_int t2 where t1.f &< t2.i;
 count 
-------
     0
(1 row)

select count(*) from tbl_floatrange t1, tbl_float t2 where t1.f &< t2.f;
 count 
-------
  4579
(1 row)

select count(*) from tbl_int t1, tbl_floatrange t2 where t1.i &< t2.f;
 count 
-------
 10000
(1 row)

select count(*) from tbl_float t1, tbl_floatrange t2 where t1.f &< t2.f;
 count 
-------
  4854
(1 row)

select count(*) from tbl_floatrange t1, tbl_int t2 where t1.f &> t2.i;
 count 
-------
 10000
(1 row)

select count(*) from tbl_floatrange t1, tbl_float t2 where t1.f &> t2.f;
 count 
-------
  4854
(1 row)

select count(*) from tbl_int t1, tbl_floatrange t2 where t1.i &> t2.f;
 count 
-------
     0
(1 row)

select count(*) from tbl_float t1, tbl_floatrange t2 where t1.f &> t2.f;
 count 
-------
  4579
(1 row)

select count(*) from tbl_floatrange t1, tbl_int t2 where t1.f -|- t2.i;
 count 
-------
     0
(1 row)

select count(*) from tbl_floatrange t1, tbl_float t2 where t1.f -|- t2.f;
 count 
-------
     0
(1 row)

select count(*) from tbl_int t1, tbl_floatrange t2 where t1.i -|- t2.f;
 count 
-------
     0
(1 row)

select count(*) from tbl_float t1, tbl_floatrange t2 where t1.f -|- t2.f;
 count 
-------
     0
(1 row)

