select size(ts) from tbl_timestampset;
 size 
------
   72
  136
   88
  120
  152
  104
  136
  120
   72
  136
   72
  120
  120
  120
  152
   88
  184
  104
  168
  136
  184
   72
  168
  120
   72
  200
  120
  216
  152
   72
   88
  168
  200
  136
  216
  184
  136
  120
   88
  200
   88
   72
  200
  200
   88
  104
   88
   72
  184
  104
   88
  120
  184
   88
  120
   72
  120
  168
   72
  104
  216
   72
  184
  184
  168
   88
   72
  104
   72
  200
  104
  184
  168
  120
  136
  184
  184
  200
  152
  104
  136
  200
  184
  136
  168
   88
  120
   88
  216
  168
  168
   88
  152
   72
  168
  168
  120
  168
  120
  136
(100 rows)

select timespan(ts) from tbl_timestampset;
                     timespan                     
--------------------------------------------------
 [2001-12-23 18:11:00+00, 2001-12-23 18:11:00+00]
 [2001-02-03 02:48:00+00, 2001-02-03 03:16:00+00]
 [2001-06-16 01:54:00+00, 2001-06-16 02:02:00+00]
 [2001-11-19 17:25:00+00, 2001-11-19 17:38:00+00]
 [2001-06-16 22:18:00+00, 2001-06-16 22:55:00+00]
 [2001-10-05 09:15:00+00, 2001-10-05 09:23:00+00]
 [2001-10-01 02:27:00+00, 2001-10-01 02:56:00+00]
 [2001-06-03 02:54:00+00, 2001-06-03 03:06:00+00]
 [2001-11-12 09:01:00+00, 2001-11-12 09:01:00+00]
 [2001-09-26 23:28:00+00, 2001-09-26 23:57:00+00]
 [2001-03-13 17:55:00+00, 2001-03-13 17:55:00+00]
 [2001-12-16 05:11:00+00, 2001-12-16 05:32:00+00]
 [2001-07-14 20:53:00+00, 2001-07-14 21:04:00+00]
 [2001-03-10 04:37:00+00, 2001-03-10 04:53:00+00]
 [2001-09-21 18:03:00+00, 2001-09-21 18:31:00+00]
 [2001-06-02 04:24:00+00, 2001-06-02 04:34:00+00]
 [2001-04-14 04:50:00+00, 2001-04-14 05:23:00+00]
 [2001-04-25 16:14:00+00, 2001-04-25 16:27:00+00]
 [2001-03-01 03:24:00+00, 2001-03-01 03:57:00+00]
 [2001-08-21 08:30:00+00, 2001-08-21 08:49:00+00]
 [2001-10-08 18:56:00+00, 2001-10-08 19:37:00+00]
 [2001-02-25 23:42:00+00, 2001-02-25 23:42:00+00]
 [2001-08-27 22:34:00+00, 2001-08-27 23:07:00+00]
 [2001-08-26 18:01:00+00, 2001-08-26 18:06:00+00]
 [2001-08-25 10:35:00+00, 2001-08-25 10:35:00+00]
 [2001-06-03 07:31:00+00, 2001-06-03 08:07:00+00]
 [2001-01-01 04:26:00+00, 2001-01-01 04:49:00+00]
 [2001-04-15 23:43:00+00, 2001-04-16 00:37:00+00]
 [2001-09-05 18:55:00+00, 2001-09-05 19:23:00+00]
 [2001-12-16 01:54:00+00, 2001-12-16 01:54:00+00]
 [2001-12-16 20:31:00+00, 2001-12-16 20:36:00+00]
 [2001-06-05 06:01:00+00, 2001-06-05 06:35:00+00]
 [2001-03-22 10:46:00+00, 2001-03-22 11:24:00+00]
 [2001-10-05 12:45:00+00, 2001-10-05 13:13:00+00]
 [2001-08-02 17:08:00+00, 2001-08-02 18:01:00+00]
 [2001-09-01 11:18:00+00, 2001-09-01 12:00:00+00]
 [2001-01-18 21:55:00+00, 2001-01-18 22:14:00+00]
 [2001-04-14 13:47:00+00, 2001-04-14 14:02:00+00]
 [2001-11-25 10:21:00+00, 2001-11-25 10:31:00+00]
 [2001-10-06 08:40:00+00, 2001-10-06 09:18:00+00]
 [2001-01-17 13:37:00+00, 2001-01-17 13:39:00+00]
 [2001-05-17 07:39:00+00, 2001-05-17 07:39:00+00]
 [2001-01-12 01:37:00+00, 2001-01-12 02:20:00+00]
 [2001-11-13 08:42:00+00, 2001-11-13 09:23:00+00]
 [2001-02-08 21:02:00+00, 2001-02-08 21:09:00+00]
 [2001-04-13 16:41:00+00, 2001-04-13 16:52:00+00]
 [2001-09-11 17:26:00+00, 2001-09-11 17:35:00+00]
 [2001-08-23 13:03:00+00, 2001-08-23 13:03:00+00]
 [2001-07-27 09:16:00+00, 2001-07-27 09:55:00+00]
 [2001-02-17 04:58:00+00, 2001-02-17 05:18:00+00]
 [2001-01-23 15:25:00+00, 2001-01-23 15:29:00+00]
 [2001-08-07 16:42:00+00, 2001-08-07 16:57:00+00]
 [2001-07-06 05:08:00+00, 2001-07-06 05:38:00+00]
 [2001-07-16 13:42:00+00, 2001-07-16 13:47:00+00]
 [2001-11-17 16:14:00+00, 2001-11-17 16:34:00+00]
 [2001-12-14 10:28:00+00, 2001-12-14 10:28:00+00]
 [2001-04-20 00:58:00+00, 2001-04-20 01:28:00+00]
 [2001-09-30 11:16:00+00, 2001-09-30 11:46:00+00]
 [2001-04-20 23:02:00+00, 2001-04-20 23:02:00+00]
 [2001-11-03 15:44:00+00, 2001-11-03 15:51:00+00]
 [2001-02-01 05:34:00+00, 2001-02-01 06:17:00+00]
 [2001-02-19 17:20:00+00, 2001-02-19 17:20:00+00]
 [2001-10-28 17:16:00+00, 2001-10-28 17:50:00+00]
 [2001-06-16 19:34:00+00, 2001-06-16 20:21:00+00]
 [2001-05-18 00:24:00+00, 2001-05-18 00:52:00+00]
 [2001-03-06 19:42:00+00, 2001-03-06 19:44:00+00]
 [2001-09-10 11:59:00+00, 2001-09-10 11:59:00+00]
 [2001-07-09 05:01:00+00, 2001-07-09 05:10:00+00]
 [2001-11-30 20:15:00+00, 2001-11-30 20:15:00+00]
 [2001-11-18 14:02:00+00, 2001-11-18 14:55:00+00]
 [2001-11-02 02:07:00+00, 2001-11-02 02:21:00+00]
 [2001-12-01 22:23:00+00, 2001-12-01 22:55:00+00]
 [2001-03-07 00:33:00+00, 2001-03-07 01:07:00+00]
 [2001-12-29 11:55:00+00, 2001-12-29 12:16:00+00]
 [2001-02-03 08:15:00+00, 2001-02-03 08:37:00+00]
 [2001-12-30 10:07:00+00, 2001-12-30 10:54:00+00]
 [2001-05-19 11:59:00+00, 2001-05-19 12:39:00+00]
 [2001-12-11 04:28:00+00, 2001-12-11 05:28:00+00]
 [2001-08-28 21:21:00+00, 2001-08-28 21:44:00+00]
 [2001-09-26 01:43:00+00, 2001-09-26 01:59:00+00]
 [2001-04-22 19:28:00+00, 2001-04-22 19:52:00+00]
 [2001-04-28 18:03:00+00, 2001-04-28 18:45:00+00]
 [2001-08-21 21:58:00+00, 2001-08-21 22:29:00+00]
 [2001-04-19 22:22:00+00, 2001-04-19 22:50:00+00]
 [2001-08-16 02:13:00+00, 2001-08-16 02:58:00+00]
 [2001-12-04 01:15:00+00, 2001-12-04 01:25:00+00]
 [2001-09-27 03:21:00+00, 2001-09-27 03:43:00+00]
 [2001-01-06 01:16:00+00, 2001-01-06 01:22:00+00]
 [2001-12-30 07:21:00+00, 2001-12-30 08:06:00+00]
 [2001-07-18 00:51:00+00, 2001-07-18 01:18:00+00]
 [2001-01-06 17:19:00+00, 2001-01-06 17:56:00+00]
 [2001-10-17 02:52:00+00, 2001-10-17 02:54:00+00]
 [2001-12-27 14:57:00+00, 2001-12-27 15:24:00+00]
 [2001-12-05 20:13:00+00, 2001-12-05 20:13:00+00]
 [2001-04-03 05:05:00+00, 2001-04-03 05:27:00+00]
 [2001-05-13 02:45:00+00, 2001-05-13 03:12:00+00]
 [2001-01-31 23:00:00+00, 2001-01-31 23:11:00+00]
 [2001-05-07 14:10:00+00, 2001-05-07 14:29:00+00]
 [2001-05-17 00:42:00+00, 2001-05-17 00:59:00+00]
 [2001-01-30 19:52:00+00, 2001-01-30 20:17:00+00]
(100 rows)

select numTimestamps(ts) from tbl_timestampset;
 numtimestamps 
---------------
             1
             5
             2
             4
             6
             3
             5
             4
             1
             5
             1
             4
             4
             4
             6
             2
             8
             3
             7
             5
             8
             1
             7
             4
             1
             9
             4
            10
             6
             1
             2
             7
             9
             5
            10
             8
             5
             4
             2
             9
             2
             1
             9
             9
             2
             3
             2
             1
             8
             3
             2
             4
             8
             2
             4
             1
             4
             7
             1
             3
            10
             1
             8
             8
             7
             2
             1
             3
             1
             9
             3
             8
             7
             4
             5
             8
             8
             9
             6
             3
             5
             9
             8
             5
             7
             2
             4
             2
            10
             7
             7
             2
             6
             1
             7
             7
             4
             7
             4
             5
(100 rows)

select startTimestamp(ts) from tbl_timestampset;
     starttimestamp     
------------------------
 2001-12-23 18:11:00+00
 2001-02-03 02:48:00+00
 2001-06-16 01:54:00+00
 2001-11-19 17:25:00+00
 2001-06-16 22:18:00+00
 2001-10-05 09:15:00+00
 2001-10-01 02:27:00+00
 2001-06-03 02:54:00+00
 2001-11-12 09:01:00+00
 2001-09-26 23:28:00+00
 2001-03-13 17:55:00+00
 2001-12-16 05:11:00+00
 2001-07-14 20:53:00+00
 2001-03-10 04:37:00+00
 2001-09-21 18:03:00+00
 2001-06-02 04:24:00+00
 2001-04-14 04:50:00+00
 2001-04-25 16:14:00+00
 2001-03-01 03:24:00+00
 2001-08-21 08:30:00+00
 2001-10-08 18:56:00+00
 2001-02-25 23:42:00+00
 2001-08-27 22:34:00+00
 2001-08-26 18:01:00+00
 2001-08-25 10:35:00+00
 2001-06-03 07:31:00+00
 2001-01-01 04:26:00+00
 2001-04-15 23:43:00+00
 2001-09-05 18:55:00+00
 2001-12-16 01:54:00+00
 2001-12-16 20:31:00+00
 2001-06-05 06:01:00+00
 2001-03-22 10:46:00+00
 2001-10-05 12:45:00+00
 2001-08-02 17:08:00+00
 2001-09-01 11:18:00+00
 2001-01-18 21:55:00+00
 2001-04-14 13:47:00+00
 2001-11-25 10:21:00+00
 2001-10-06 08:40:00+00
 2001-01-17 13:37:00+00
 2001-05-17 07:39:00+00
 2001-01-12 01:37:00+00
 2001-11-13 08:42:00+00
 2001-02-08 21:02:00+00
 2001-04-13 16:41:00+00
 2001-09-11 17:26:00+00
 2001-08-23 13:03:00+00
 2001-07-27 09:16:00+00
 2001-02-17 04:58:00+00
 2001-01-23 15:25:00+00
 2001-08-07 16:42:00+00
 2001-07-06 05:08:00+00
 2001-07-16 13:42:00+00
 2001-11-17 16:14:00+00
 2001-12-14 10:28:00+00
 2001-04-20 00:58:00+00
 2001-09-30 11:16:00+00
 2001-04-20 23:02:00+00
 2001-11-03 15:44:00+00
 2001-02-01 05:34:00+00
 2001-02-19 17:20:00+00
 2001-10-28 17:16:00+00
 2001-06-16 19:34:00+00
 2001-05-18 00:24:00+00
 2001-03-06 19:42:00+00
 2001-09-10 11:59:00+00
 2001-07-09 05:01:00+00
 2001-11-30 20:15:00+00
 2001-11-18 14:02:00+00
 2001-11-02 02:07:00+00
 2001-12-01 22:23:00+00
 2001-03-07 00:33:00+00
 2001-12-29 11:55:00+00
 2001-02-03 08:15:00+00
 2001-12-30 10:07:00+00
 2001-05-19 11:59:00+00
 2001-12-11 04:28:00+00
 2001-08-28 21:21:00+00
 2001-09-26 01:43:00+00
 2001-04-22 19:28:00+00
 2001-04-28 18:03:00+00
 2001-08-21 21:58:00+00
 2001-04-19 22:22:00+00
 2001-08-16 02:13:00+00
 2001-12-04 01:15:00+00
 2001-09-27 03:21:00+00
 2001-01-06 01:16:00+00
 2001-12-30 07:21:00+00
 2001-07-18 00:51:00+00
 2001-01-06 17:19:00+00
 2001-10-17 02:52:00+00
 2001-12-27 14:57:00+00
 2001-12-05 20:13:00+00
 2001-04-03 05:05:00+00
 2001-05-13 02:45:00+00
 2001-01-31 23:00:00+00
 2001-05-07 14:10:00+00
 2001-05-17 00:42:00+00
 2001-01-30 19:52:00+00
(100 rows)

select endTimestamp(ts) from tbl_timestampset;
      endtimestamp      
------------------------
 2001-12-23 18:11:00+00
 2001-02-03 03:16:00+00
 2001-06-16 02:02:00+00
 2001-11-19 17:38:00+00
 2001-06-16 22:55:00+00
 2001-10-05 09:23:00+00
 2001-10-01 02:56:00+00
 2001-06-03 03:06:00+00
 2001-11-12 09:01:00+00
 2001-09-26 23:57:00+00
 2001-03-13 17:55:00+00
 2001-12-16 05:32:00+00
 2001-07-14 21:04:00+00
 2001-03-10 04:53:00+00
 2001-09-21 18:31:00+00
 2001-06-02 04:34:00+00
 2001-04-14 05:23:00+00
 2001-04-25 16:27:00+00
 2001-03-01 03:57:00+00
 2001-08-21 08:49:00+00
 2001-10-08 19:37:00+00
 2001-02-25 23:42:00+00
 2001-08-27 23:07:00+00
 2001-08-26 18:06:00+00
 2001-08-25 10:35:00+00
 2001-06-03 08:07:00+00
 2001-01-01 04:49:00+00
 2001-04-16 00:37:00+00
 2001-09-05 19:23:00+00
 2001-12-16 01:54:00+00
 2001-12-16 20:36:00+00
 2001-06-05 06:35:00+00
 2001-03-22 11:24:00+00
 2001-10-05 13:13:00+00
 2001-08-02 18:01:00+00
 2001-09-01 12:00:00+00
 2001-01-18 22:14:00+00
 2001-04-14 14:02:00+00
 2001-11-25 10:31:00+00
 2001-10-06 09:18:00+00
 2001-01-17 13:39:00+00
 2001-05-17 07:39:00+00
 2001-01-12 02:20:00+00
 2001-11-13 09:23:00+00
 2001-02-08 21:09:00+00
 2001-04-13 16:52:00+00
 2001-09-11 17:35:00+00
 2001-08-23 13:03:00+00
 2001-07-27 09:55:00+00
 2001-02-17 05:18:00+00
 2001-01-23 15:29:00+00
 2001-08-07 16:57:00+00
 2001-07-06 05:38:00+00
 2001-07-16 13:47:00+00
 2001-11-17 16:34:00+00
 2001-12-14 10:28:00+00
 2001-04-20 01:28:00+00
 2001-09-30 11:46:00+00
 2001-04-20 23:02:00+00
 2001-11-03 15:51:00+00
 2001-02-01 06:17:00+00
 2001-02-19 17:20:00+00
 2001-10-28 17:50:00+00
 2001-06-16 20:21:00+00
 2001-05-18 00:52:00+00
 2001-03-06 19:44:00+00
 2001-09-10 11:59:00+00
 2001-07-09 05:10:00+00
 2001-11-30 20:15:00+00
 2001-11-18 14:55:00+00
 2001-11-02 02:21:00+00
 2001-12-01 22:55:00+00
 2001-03-07 01:07:00+00
 2001-12-29 12:16:00+00
 2001-02-03 08:37:00+00
 2001-12-30 10:54:00+00
 2001-05-19 12:39:00+00
 2001-12-11 05:28:00+00
 2001-08-28 21:44:00+00
 2001-09-26 01:59:00+00
 2001-04-22 19:52:00+00
 2001-04-28 18:45:00+00
 2001-08-21 22:29:00+00
 2001-04-19 22:50:00+00
 2001-08-16 02:58:00+00
 2001-12-04 01:25:00+00
 2001-09-27 03:43:00+00
 2001-01-06 01:22:00+00
 2001-12-30 08:06:00+00
 2001-07-18 01:18:00+00
 2001-01-06 17:56:00+00
 2001-10-17 02:54:00+00
 2001-12-27 15:24:00+00
 2001-12-05 20:13:00+00
 2001-04-03 05:27:00+00
 2001-05-13 03:12:00+00
 2001-01-31 23:11:00+00
 2001-05-07 14:29:00+00
 2001-05-17 00:59:00+00
 2001-01-30 20:17:00+00
(100 rows)

select timestampN(ts, 0) from tbl_timestampset;
 timestampn 
------------
 
 
 
 
 
 
 
 
 
 
 
 
 
 
 
 
 
 
 
 
 
 
 
 
 
 
 
 
 
 
 
 
 
 
 
 
 
 
 
 
 
 
 
 
 
 
 
 
 
 
 
 
 
 
 
 
 
 
 
 
 
 
 
 
 
 
 
 
 
 
 
 
 
 
 
 
 
 
 
 
 
 
 
 
 
 
 
 
 
 
 
 
 
 
 
 
 
 
 
 
(100 rows)

select timestamps(ts) from tbl_timestampset;
                                                                                                                         timestamps                                                                                                                          
-------------------------------------------------------------------------------------------------------------------------------------------------------------------------------------------------------------------------------------------------------------
 {"2001-12-23 18:11:00+00"}
 {"2001-02-03 02:48:00+00","2001-02-03 02:54:00+00","2001-02-03 03:04:00+00","2001-02-03 03:08:00+00","2001-02-03 03:16:00+00"}
 {"2001-06-16 01:54:00+00","2001-06-16 02:02:00+00"}
 {"2001-11-19 17:25:00+00","2001-11-19 17:27:00+00","2001-11-19 17:34:00+00","2001-11-19 17:38:00+00"}
 {"2001-06-16 22:18:00+00","2001-06-16 22:26:00+00","2001-06-16 22:36:00+00","2001-06-16 22:43:00+00","2001-06-16 22:49:00+00","2001-06-16 22:55:00+00"}
 {"2001-10-05 09:15:00+00","2001-10-05 09:20:00+00","2001-10-05 09:23:00+00"}
 {"2001-10-01 02:27:00+00","2001-10-01 02:36:00+00","2001-10-01 02:46:00+00","2001-10-01 02:53:00+00","2001-10-01 02:56:00+00"}
 {"2001-06-03 02:54:00+00","2001-06-03 02:57:00+00","2001-06-03 02:59:00+00","2001-06-03 03:06:00+00"}
 {"2001-11-12 09:01:00+00"}
 {"2001-09-26 23:28:00+00","2001-09-26 23:36:00+00","2001-09-26 23:45:00+00","2001-09-26 23:50:00+00","2001-09-26 23:57:00+00"}
 {"2001-03-13 17:55:00+00"}
 {"2001-12-16 05:11:00+00","2001-12-16 05:18:00+00","2001-12-16 05:24:00+00","2001-12-16 05:32:00+00"}
 {"2001-07-14 20:53:00+00","2001-07-14 20:55:00+00","2001-07-14 20:56:00+00","2001-07-14 21:04:00+00"}
 {"2001-03-10 04:37:00+00","2001-03-10 04:38:00+00","2001-03-10 04:44:00+00","2001-03-10 04:53:00+00"}
 {"2001-09-21 18:03:00+00","2001-09-21 18:11:00+00","2001-09-21 18:12:00+00","2001-09-21 18:17:00+00","2001-09-21 18:22:00+00","2001-09-21 18:31:00+00"}
 {"2001-06-02 04:24:00+00","2001-06-02 04:34:00+00"}
 {"2001-04-14 04:50:00+00","2001-04-14 04:54:00+00","2001-04-14 04:58:00+00","2001-04-14 05:07:00+00","2001-04-14 05:08:00+00","2001-04-14 05:14:00+00","2001-04-14 05:17:00+00","2001-04-14 05:23:00+00"}
 {"2001-04-25 16:14:00+00","2001-04-25 16:20:00+00","2001-04-25 16:27:00+00"}
 {"2001-03-01 03:24:00+00","2001-03-01 03:28:00+00","2001-03-01 03:30:00+00","2001-03-01 03:38:00+00","2001-03-01 03:39:00+00","2001-03-01 03:49:00+00","2001-03-01 03:57:00+00"}
 {"2001-08-21 08:30:00+00","2001-08-21 08:36:00+00","2001-08-21 08:43:00+00","2001-08-21 08:44:00+00","2001-08-21 08:49:00+00"}
 {"2001-10-08 18:56:00+00","2001-10-08 18:59:00+00","2001-10-08 19:01:00+00","2001-10-08 19:08:00+00","2001-10-08 19:11:00+00","2001-10-08 19:19:00+00","2001-10-08 19:28:00+00","2001-10-08 19:37:00+00"}
 {"2001-02-25 23:42:00+00"}
 {"2001-08-27 22:34:00+00","2001-08-27 22:40:00+00","2001-08-27 22:49:00+00","2001-08-27 22:50:00+00","2001-08-27 22:58:00+00","2001-08-27 23:05:00+00","2001-08-27 23:07:00+00"}
 {"2001-08-26 18:01:00+00","2001-08-26 18:03:00+00","2001-08-26 18:04:00+00","2001-08-26 18:06:00+00"}
 {"2001-08-25 10:35:00+00"}
 {"2001-06-03 07:31:00+00","2001-06-03 07:32:00+00","2001-06-03 07:42:00+00","2001-06-03 07:43:00+00","2001-06-03 07:47:00+00","2001-06-03 07:54:00+00","2001-06-03 08:04:00+00","2001-06-03 08:06:00+00","2001-06-03 08:07:00+00"}
 {"2001-01-01 04:26:00+00","2001-01-01 04:33:00+00","2001-01-01 04:43:00+00","2001-01-01 04:49:00+00"}
 {"2001-04-15 23:43:00+00","2001-04-15 23:45:00+00","2001-04-15 23:46:00+00","2001-04-15 23:56:00+00","2001-04-16 00:02:00+00","2001-04-16 00:10:00+00","2001-04-16 00:12:00+00","2001-04-16 00:18:00+00","2001-04-16 00:27:00+00","2001-04-16 00:37:00+00"}
 {"2001-09-05 18:55:00+00","2001-09-05 19:00:00+00","2001-09-05 19:10:00+00","2001-09-05 19:18:00+00","2001-09-05 19:22:00+00","2001-09-05 19:23:00+00"}
 {"2001-12-16 01:54:00+00"}
 {"2001-12-16 20:31:00+00","2001-12-16 20:36:00+00"}
 {"2001-06-05 06:01:00+00","2001-06-05 06:08:00+00","2001-06-05 06:11:00+00","2001-06-05 06:16:00+00","2001-06-05 06:26:00+00","2001-06-05 06:30:00+00","2001-06-05 06:35:00+00"}
 {"2001-03-22 10:46:00+00","2001-03-22 10:48:00+00","2001-03-22 10:52:00+00","2001-03-22 10:54:00+00","2001-03-22 10:55:00+00","2001-03-22 11:05:00+00","2001-03-22 11:12:00+00","2001-03-22 11:20:00+00","2001-03-22 11:24:00+00"}
 {"2001-10-05 12:45:00+00","2001-10-05 12:52:00+00","2001-10-05 12:57:00+00","2001-10-05 13:06:00+00","2001-10-05 13:13:00+00"}
 {"2001-08-02 17:08:00+00","2001-08-02 17:09:00+00","2001-08-02 17:11:00+00","2001-08-02 17:14:00+00","2001-08-02 17:20:00+00","2001-08-02 17:29:00+00","2001-08-02 17:34:00+00","2001-08-02 17:44:00+00","2001-08-02 17:53:00+00","2001-08-02 18:01:00+00"}
 {"2001-09-01 11:18:00+00","2001-09-01 11:25:00+00","2001-09-01 11:35:00+00","2001-09-01 11:36:00+00","2001-09-01 11:44:00+00","2001-09-01 11:54:00+00","2001-09-01 11:55:00+00","2001-09-01 12:00:00+00"}
 {"2001-01-18 21:55:00+00","2001-01-18 21:57:00+00","2001-01-18 21:59:00+00","2001-01-18 22:07:00+00","2001-01-18 22:14:00+00"}
 {"2001-04-14 13:47:00+00","2001-04-14 13:48:00+00","2001-04-14 13:58:00+00","2001-04-14 14:02:00+00"}
 {"2001-11-25 10:21:00+00","2001-11-25 10:31:00+00"}
 {"2001-10-06 08:40:00+00","2001-10-06 08:45:00+00","2001-10-06 08:48:00+00","2001-10-06 08:54:00+00","2001-10-06 08:55:00+00","2001-10-06 09:04:00+00","2001-10-06 09:09:00+00","2001-10-06 09:11:00+00","2001-10-06 09:18:00+00"}
 {"2001-01-17 13:37:00+00","2001-01-17 13:39:00+00"}
 {"2001-05-17 07:39:00+00"}
 {"2001-01-12 01:37:00+00","2001-01-12 01:45:00+00","2001-01-12 01:47:00+00","2001-01-12 01:51:00+00","2001-01-12 01:59:00+00","2001-01-12 02:00:00+00","2001-01-12 02:07:00+00","2001-01-12 02:17:00+00","2001-01-12 02:20:00+00"}
 {"2001-11-13 08:42:00+00","2001-11-13 08:47:00+00","2001-11-13 08:54:00+00","2001-11-13 08:57:00+00","2001-11-13 09:04:00+00","2001-11-13 09:06:00+00","2001-11-13 09:10:00+00","2001-11-13 09:16:00+00","2001-11-13 09:23:00+00"}
 {"2001-02-08 21:02:00+00","2001-02-08 21:09:00+00"}
 {"2001-04-13 16:41:00+00","2001-04-13 16:45:00+00","2001-04-13 16:52:00+00"}
 {"2001-09-11 17:26:00+00","2001-09-11 17:35:00+00"}
 {"2001-08-23 13:03:00+00"}
 {"2001-07-27 09:16:00+00","2001-07-27 09:23:00+00","2001-07-27 09:27:00+00","2001-07-27 09:32:00+00","2001-07-27 09:37:00+00","2001-07-27 09:45:00+00","2001-07-27 09:47:00+00","2001-07-27 09:55:00+00"}
 {"2001-02-17 04:58:00+00","2001-02-17 05:08:00+00","2001-02-17 05:18:00+00"}
 {"2001-01-23 15:25:00+00","2001-01-23 15:29:00+00"}
 {"2001-08-07 16:42:00+00","2001-08-07 16:49:00+00","2001-08-07 16:50:00+00","2001-08-07 16:57:00+00"}
 {"2001-07-06 05:08:00+00","2001-07-06 05:09:00+00","2001-07-06 05:17:00+00","2001-07-06 05:19:00+00","2001-07-06 05:24:00+00","2001-07-06 05:29:00+00","2001-07-06 05:37:00+00","2001-07-06 05:38:00+00"}
 {"2001-07-16 13:42:00+00","2001-07-16 13:47:00+00"}
 {"2001-11-17 16:14:00+00","2001-11-17 16:20:00+00","2001-11-17 16:25:00+00","2001-11-17 16:34:00+00"}
 {"2001-12-14 10:28:00+00"}
 {"2001-04-20 00:58:00+00","2001-04-20 01:08:00+00","2001-04-20 01:18:00+00","2001-04-20 01:28:00+00"}
 {"2001-09-30 11:16:00+00","2001-09-30 11:23:00+00","2001-09-30 11:25:00+00","2001-09-30 11:34:00+00","2001-09-30 11:39:00+00","2001-09-30 11:43:00+00","2001-09-30 11:46:00+00"}
 {"2001-04-20 23:02:00+00"}
 {"2001-11-03 15:44:00+00","2001-11-03 15:45:00+00","2001-11-03 15:51:00+00"}
 {"2001-02-01 05:34:00+00","2001-02-01 05:40:00+00","2001-02-01 05:48:00+00","2001-02-01 05:55:00+00","2001-02-01 06:02:00+00","2001-02-01 06:10:00+00","2001-02-01 06:13:00+00","2001-02-01 06:14:00+00","2001-02-01 06:15:00+00","2001-02-01 06:17:00+00"}
 {"2001-02-19 17:20:00+00"}
 {"2001-10-28 17:16:00+00","2001-10-28 17:25:00+00","2001-10-28 17:31:00+00","2001-10-28 17:34:00+00","2001-10-28 17:36:00+00","2001-10-28 17:45:00+00","2001-10-28 17:47:00+00","2001-10-28 17:50:00+00"}
 {"2001-06-16 19:34:00+00","2001-06-16 19:44:00+00","2001-06-16 19:52:00+00","2001-06-16 20:02:00+00","2001-06-16 20:04:00+00","2001-06-16 20:12:00+00","2001-06-16 20:13:00+00","2001-06-16 20:21:00+00"}
 {"2001-05-18 00:24:00+00","2001-05-18 00:28:00+00","2001-05-18 00:37:00+00","2001-05-18 00:42:00+00","2001-05-18 00:46:00+00","2001-05-18 00:47:00+00","2001-05-18 00:52:00+00"}
 {"2001-03-06 19:42:00+00","2001-03-06 19:44:00+00"}
 {"2001-09-10 11:59:00+00"}
 {"2001-07-09 05:01:00+00","2001-07-09 05:05:00+00","2001-07-09 05:10:00+00"}
 {"2001-11-30 20:15:00+00"}
 {"2001-11-18 14:02:00+00","2001-11-18 14:10:00+00","2001-11-18 14:17:00+00","2001-11-18 14:27:00+00","2001-11-18 14:32:00+00","2001-11-18 14:34:00+00","2001-11-18 14:41:00+00","2001-11-18 14:50:00+00","2001-11-18 14:55:00+00"}
 {"2001-11-02 02:07:00+00","2001-11-02 02:13:00+00","2001-11-02 02:21:00+00"}
 {"2001-12-01 22:23:00+00","2001-12-01 22:27:00+00","2001-12-01 22:35:00+00","2001-12-01 22:45:00+00","2001-12-01 22:46:00+00","2001-12-01 22:47:00+00","2001-12-01 22:49:00+00","2001-12-01 22:55:00+00"}
 {"2001-03-07 00:33:00+00","2001-03-07 00:38:00+00","2001-03-07 00:44:00+00","2001-03-07 00:52:00+00","2001-03-07 00:56:00+00","2001-03-07 01:01:00+00","2001-03-07 01:07:00+00"}
 {"2001-12-29 11:55:00+00","2001-12-29 11:57:00+00","2001-12-29 12:07:00+00","2001-12-29 12:16:00+00"}
 {"2001-02-03 08:15:00+00","2001-02-03 08:20:00+00","2001-02-03 08:21:00+00","2001-02-03 08:30:00+00","2001-02-03 08:37:00+00"}
 {"2001-12-30 10:07:00+00","2001-12-30 10:13:00+00","2001-12-30 10:21:00+00","2001-12-30 10:22:00+00","2001-12-30 10:28:00+00","2001-12-30 10:38:00+00","2001-12-30 10:44:00+00","2001-12-30 10:54:00+00"}
 {"2001-05-19 11:59:00+00","2001-05-19 12:01:00+00","2001-05-19 12:07:00+00","2001-05-19 12:15:00+00","2001-05-19 12:21:00+00","2001-05-19 12:22:00+00","2001-05-19 12:29:00+00","2001-05-19 12:39:00+00"}
 {"2001-12-11 04:28:00+00","2001-12-11 04:37:00+00","2001-12-11 04:42:00+00","2001-12-11 04:47:00+00","2001-12-11 04:57:00+00","2001-12-11 05:07:00+00","2001-12-11 05:12:00+00","2001-12-11 05:21:00+00","2001-12-11 05:28:00+00"}
 {"2001-08-28 21:21:00+00","2001-08-28 21:29:00+00","2001-08-28 21:32:00+00","2001-08-28 21:39:00+00","2001-08-28 21:42:00+00","2001-08-28 21:44:00+00"}
 {"2001-09-26 01:43:00+00","2001-09-26 01:53:00+00","2001-09-26 01:59:00+00"}
 {"2001-04-22 19:28:00+00","2001-04-22 19:33:00+00","2001-04-22 19:38:00+00","2001-04-22 19:48:00+00","2001-04-22 19:52:00+00"}
 {"2001-04-28 18:03:00+00","2001-04-28 18:08:00+00","2001-04-28 18:12:00+00","2001-04-28 18:20:00+00","2001-04-28 18:25:00+00","2001-04-28 18:29:00+00","2001-04-28 18:32:00+00","2001-04-28 18:35:00+00","2001-04-28 18:45:00+00"}
 {"2001-08-21 21:58:00+00","2001-08-21 22:01:00+00","2001-08-21 22:02:00+00","2001-08-21 22:06:00+00","2001-08-21 22:12:00+00","2001-08-21 22:15:00+00","2001-08-21 22:21:00+00","2001-08-21 22:29:00+00"}
 {"2001-04-19 22:22:00+00","2001-04-19 22:31:00+00","2001-04-19 22:40:00+00","2001-04-19 22:47:00+00","2001-04-19 22:50:00+00"}
 {"2001-08-16 02:13:00+00","2001-08-16 02:23:00+00","2001-08-16 02:28:00+00","2001-08-16 02:38:00+00","2001-08-16 02:42:00+00","2001-08-16 02:50:00+00","2001-08-16 02:58:00+00"}
 {"2001-12-04 01:15:00+00","2001-12-04 01:25:00+00"}
 {"2001-09-27 03:21:00+00","2001-09-27 03:29:00+00","2001-09-27 03:35:00+00","2001-09-27 03:43:00+00"}
 {"2001-01-06 01:16:00+00","2001-01-06 01:22:00+00"}
 {"2001-12-30 07:21:00+00","2001-12-30 07:23:00+00","2001-12-30 07:32:00+00","2001-12-30 07:41:00+00","2001-12-30 07:49:00+00","2001-12-30 07:50:00+00","2001-12-30 07:53:00+00","2001-12-30 07:57:00+00","2001-12-30 08:04:00+00","2001-12-30 08:06:00+00"}
 {"2001-07-18 00:51:00+00","2001-07-18 00:57:00+00","2001-07-18 01:01:00+00","2001-07-18 01:05:00+00","2001-07-18 01:12:00+00","2001-07-18 01:15:00+00","2001-07-18 01:18:00+00"}
 {"2001-01-06 17:19:00+00","2001-01-06 17:25:00+00","2001-01-06 17:28:00+00","2001-01-06 17:37:00+00","2001-01-06 17:43:00+00","2001-01-06 17:47:00+00","2001-01-06 17:56:00+00"}
 {"2001-10-17 02:52:00+00","2001-10-17 02:54:00+00"}
 {"2001-12-27 14:57:00+00","2001-12-27 15:07:00+00","2001-12-27 15:14:00+00","2001-12-27 15:17:00+00","2001-12-27 15:20:00+00","2001-12-27 15:24:00+00"}
 {"2001-12-05 20:13:00+00"}
 {"2001-04-03 05:05:00+00","2001-04-03 05:08:00+00","2001-04-03 05:12:00+00","2001-04-03 05:18:00+00","2001-04-03 05:24:00+00","2001-04-03 05:25:00+00","2001-04-03 05:27:00+00"}
 {"2001-05-13 02:45:00+00","2001-05-13 02:49:00+00","2001-05-13 02:51:00+00","2001-05-13 02:58:00+00","2001-05-13 03:00:00+00","2001-05-13 03:03:00+00","2001-05-13 03:12:00+00"}
 {"2001-01-31 23:00:00+00","2001-01-31 23:06:00+00","2001-01-31 23:10:00+00","2001-01-31 23:11:00+00"}
 {"2001-05-07 14:10:00+00","2001-05-07 14:16:00+00","2001-05-07 14:17:00+00","2001-05-07 14:22:00+00","2001-05-07 14:27:00+00","2001-05-07 14:28:00+00","2001-05-07 14:29:00+00"}
 {"2001-05-17 00:42:00+00","2001-05-17 00:45:00+00","2001-05-17 00:54:00+00","2001-05-17 00:59:00+00"}
 {"2001-01-30 19:52:00+00","2001-01-30 20:00:00+00","2001-01-30 20:09:00+00","2001-01-30 20:12:00+00","2001-01-30 20:17:00+00"}
(100 rows)

select shift(ts, '5 min') from tbl_timestampset;
                                                                                                                      shift                                                                                                                       
--------------------------------------------------------------------------------------------------------------------------------------------------------------------------------------------------------------------------------------------------
 {2001-12-23 18:16:00+00}
 {2001-02-03 02:53:00+00, 2001-02-03 02:59:00+00, 2001-02-03 03:09:00+00, 2001-02-03 03:13:00+00, 2001-02-03 03:21:00+00}
 {2001-06-16 01:59:00+00, 2001-06-16 02:07:00+00}
 {2001-11-19 17:30:00+00, 2001-11-19 17:32:00+00, 2001-11-19 17:39:00+00, 2001-11-19 17:43:00+00}
 {2001-06-16 22:23:00+00, 2001-06-16 22:31:00+00, 2001-06-16 22:41:00+00, 2001-06-16 22:48:00+00, 2001-06-16 22:54:00+00, 2001-06-16 23:00:00+00}
 {2001-10-05 09:20:00+00, 2001-10-05 09:25:00+00, 2001-10-05 09:28:00+00}
 {2001-10-01 02:32:00+00, 2001-10-01 02:41:00+00, 2001-10-01 02:51:00+00, 2001-10-01 02:58:00+00, 2001-10-01 03:01:00+00}
 {2001-06-03 02:59:00+00, 2001-06-03 03:02:00+00, 2001-06-03 03:04:00+00, 2001-06-03 03:11:00+00}
 {2001-11-12 09:06:00+00}
 {2001-09-26 23:33:00+00, 2001-09-26 23:41:00+00, 2001-09-26 23:50:00+00, 2001-09-26 23:55:00+00, 2001-09-27 00:02:00+00}
 {2001-03-13 18:00:00+00}
 {2001-12-16 05:16:00+00, 2001-12-16 05:23:00+00, 2001-12-16 05:29:00+00, 2001-12-16 05:37:00+00}
 {2001-07-14 20:58:00+00, 2001-07-14 21:00:00+00, 2001-07-14 21:01:00+00, 2001-07-14 21:09:00+00}
 {2001-03-10 04:42:00+00, 2001-03-10 04:43:00+00, 2001-03-10 04:49:00+00, 2001-03-10 04:58:00+00}
 {2001-09-21 18:08:00+00, 2001-09-21 18:16:00+00, 2001-09-21 18:17:00+00, 2001-09-21 18:22:00+00, 2001-09-21 18:27:00+00, 2001-09-21 18:36:00+00}
 {2001-06-02 04:29:00+00, 2001-06-02 04:39:00+00}
 {2001-04-14 04:55:00+00, 2001-04-14 04:59:00+00, 2001-04-14 05:03:00+00, 2001-04-14 05:12:00+00, 2001-04-14 05:13:00+00, 2001-04-14 05:19:00+00, 2001-04-14 05:22:00+00, 2001-04-14 05:28:00+00}
 {2001-04-25 16:19:00+00, 2001-04-25 16:25:00+00, 2001-04-25 16:32:00+00}
 {2001-03-01 03:29:00+00, 2001-03-01 03:33:00+00, 2001-03-01 03:35:00+00, 2001-03-01 03:43:00+00, 2001-03-01 03:44:00+00, 2001-03-01 03:54:00+00, 2001-03-01 04:02:00+00}
 {2001-08-21 08:35:00+00, 2001-08-21 08:41:00+00, 2001-08-21 08:48:00+00, 2001-08-21 08:49:00+00, 2001-08-21 08:54:00+00}
 {2001-10-08 19:01:00+00, 2001-10-08 19:04:00+00, 2001-10-08 19:06:00+00, 2001-10-08 19:13:00+00, 2001-10-08 19:16:00+00, 2001-10-08 19:24:00+00, 2001-10-08 19:33:00+00, 2001-10-08 19:42:00+00}
 {2001-02-25 23:47:00+00}
 {2001-08-27 22:39:00+00, 2001-08-27 22:45:00+00, 2001-08-27 22:54:00+00, 2001-08-27 22:55:00+00, 2001-08-27 23:03:00+00, 2001-08-27 23:10:00+00, 2001-08-27 23:12:00+00}
 {2001-08-26 18:06:00+00, 2001-08-26 18:08:00+00, 2001-08-26 18:09:00+00, 2001-08-26 18:11:00+00}
 {2001-08-25 10:40:00+00}
 {2001-06-03 07:36:00+00, 2001-06-03 07:37:00+00, 2001-06-03 07:47:00+00, 2001-06-03 07:48:00+00, 2001-06-03 07:52:00+00, 2001-06-03 07:59:00+00, 2001-06-03 08:09:00+00, 2001-06-03 08:11:00+00, 2001-06-03 08:12:00+00}
 {2001-01-01 04:31:00+00, 2001-01-01 04:38:00+00, 2001-01-01 04:48:00+00, 2001-01-01 04:54:00+00}
 {2001-04-15 23:48:00+00, 2001-04-15 23:50:00+00, 2001-04-15 23:51:00+00, 2001-04-16 00:01:00+00, 2001-04-16 00:07:00+00, 2001-04-16 00:15:00+00, 2001-04-16 00:17:00+00, 2001-04-16 00:23:00+00, 2001-04-16 00:32:00+00, 2001-04-16 00:42:00+00}
 {2001-09-05 19:00:00+00, 2001-09-05 19:05:00+00, 2001-09-05 19:15:00+00, 2001-09-05 19:23:00+00, 2001-09-05 19:27:00+00, 2001-09-05 19:28:00+00}
 {2001-12-16 01:59:00+00}
 {2001-12-16 20:36:00+00, 2001-12-16 20:41:00+00}
 {2001-06-05 06:06:00+00, 2001-06-05 06:13:00+00, 2001-06-05 06:16:00+00, 2001-06-05 06:21:00+00, 2001-06-05 06:31:00+00, 2001-06-05 06:35:00+00, 2001-06-05 06:40:00+00}
 {2001-03-22 10:51:00+00, 2001-03-22 10:53:00+00, 2001-03-22 10:57:00+00, 2001-03-22 10:59:00+00, 2001-03-22 11:00:00+00, 2001-03-22 11:10:00+00, 2001-03-22 11:17:00+00, 2001-03-22 11:25:00+00, 2001-03-22 11:29:00+00}
 {2001-10-05 12:50:00+00, 2001-10-05 12:57:00+00, 2001-10-05 13:02:00+00, 2001-10-05 13:11:00+00, 2001-10-05 13:18:00+00}
 {2001-08-02 17:13:00+00, 2001-08-02 17:14:00+00, 2001-08-02 17:16:00+00, 2001-08-02 17:19:00+00, 2001-08-02 17:25:00+00, 2001-08-02 17:34:00+00, 2001-08-02 17:39:00+00, 2001-08-02 17:49:00+00, 2001-08-02 17:58:00+00, 2001-08-02 18:06:00+00}
 {2001-09-01 11:23:00+00, 2001-09-01 11:30:00+00, 2001-09-01 11:40:00+00, 2001-09-01 11:41:00+00, 2001-09-01 11:49:00+00, 2001-09-01 11:59:00+00, 2001-09-01 12:00:00+00, 2001-09-01 12:05:00+00}
 {2001-01-18 22:00:00+00, 2001-01-18 22:02:00+00, 2001-01-18 22:04:00+00, 2001-01-18 22:12:00+00, 2001-01-18 22:19:00+00}
 {2001-04-14 13:52:00+00, 2001-04-14 13:53:00+00, 2001-04-14 14:03:00+00, 2001-04-14 14:07:00+00}
 {2001-11-25 10:26:00+00, 2001-11-25 10:36:00+00}
 {2001-10-06 08:45:00+00, 2001-10-06 08:50:00+00, 2001-10-06 08:53:00+00, 2001-10-06 08:59:00+00, 2001-10-06 09:00:00+00, 2001-10-06 09:09:00+00, 2001-10-06 09:14:00+00, 2001-10-06 09:16:00+00, 2001-10-06 09:23:00+00}
 {2001-01-17 13:42:00+00, 2001-01-17 13:44:00+00}
 {2001-05-17 07:44:00+00}
 {2001-01-12 01:42:00+00, 2001-01-12 01:50:00+00, 2001-01-12 01:52:00+00, 2001-01-12 01:56:00+00, 2001-01-12 02:04:00+00, 2001-01-12 02:05:00+00, 2001-01-12 02:12:00+00, 2001-01-12 02:22:00+00, 2001-01-12 02:25:00+00}
 {2001-11-13 08:47:00+00, 2001-11-13 08:52:00+00, 2001-11-13 08:59:00+00, 2001-11-13 09:02:00+00, 2001-11-13 09:09:00+00, 2001-11-13 09:11:00+00, 2001-11-13 09:15:00+00, 2001-11-13 09:21:00+00, 2001-11-13 09:28:00+00}
 {2001-02-08 21:07:00+00, 2001-02-08 21:14:00+00}
 {2001-04-13 16:46:00+00, 2001-04-13 16:50:00+00, 2001-04-13 16:57:00+00}
 {2001-09-11 17:31:00+00, 2001-09-11 17:40:00+00}
 {2001-08-23 13:08:00+00}
 {2001-07-27 09:21:00+00, 2001-07-27 09:28:00+00, 2001-07-27 09:32:00+00, 2001-07-27 09:37:00+00, 2001-07-27 09:42:00+00, 2001-07-27 09:50:00+00, 2001-07-27 09:52:00+00, 2001-07-27 10:00:00+00}
 {2001-02-17 05:03:00+00, 2001-02-17 05:13:00+00, 2001-02-17 05:23:00+00}
 {2001-01-23 15:30:00+00, 2001-01-23 15:34:00+00}
 {2001-08-07 16:47:00+00, 2001-08-07 16:54:00+00, 2001-08-07 16:55:00+00, 2001-08-07 17:02:00+00}
 {2001-07-06 05:13:00+00, 2001-07-06 05:14:00+00, 2001-07-06 05:22:00+00, 2001-07-06 05:24:00+00, 2001-07-06 05:29:00+00, 2001-07-06 05:34:00+00, 2001-07-06 05:42:00+00, 2001-07-06 05:43:00+00}
 {2001-07-16 13:47:00+00, 2001-07-16 13:52:00+00}
 {2001-11-17 16:19:00+00, 2001-11-17 16:25:00+00, 2001-11-17 16:30:00+00, 2001-11-17 16:39:00+00}
 {2001-12-14 10:33:00+00}
 {2001-04-20 01:03:00+00, 2001-04-20 01:13:00+00, 2001-04-20 01:23:00+00, 2001-04-20 01:33:00+00}
 {2001-09-30 11:21:00+00, 2001-09-30 11:28:00+00, 2001-09-30 11:30:00+00, 2001-09-30 11:39:00+00, 2001-09-30 11:44:00+00, 2001-09-30 11:48:00+00, 2001-09-30 11:51:00+00}
 {2001-04-20 23:07:00+00}
 {2001-11-03 15:49:00+00, 2001-11-03 15:50:00+00, 2001-11-03 15:56:00+00}
 {2001-02-01 05:39:00+00, 2001-02-01 05:45:00+00, 2001-02-01 05:53:00+00, 2001-02-01 06:00:00+00, 2001-02-01 06:07:00+00, 2001-02-01 06:15:00+00, 2001-02-01 06:18:00+00, 2001-02-01 06:19:00+00, 2001-02-01 06:20:00+00, 2001-02-01 06:22:00+00}
 {2001-02-19 17:25:00+00}
 {2001-10-28 17:21:00+00, 2001-10-28 17:30:00+00, 2001-10-28 17:36:00+00, 2001-10-28 17:39:00+00, 2001-10-28 17:41:00+00, 2001-10-28 17:50:00+00, 2001-10-28 17:52:00+00, 2001-10-28 17:55:00+00}
 {2001-06-16 19:39:00+00, 2001-06-16 19:49:00+00, 2001-06-16 19:57:00+00, 2001-06-16 20:07:00+00, 2001-06-16 20:09:00+00, 2001-06-16 20:17:00+00, 2001-06-16 20:18:00+00, 2001-06-16 20:26:00+00}
 {2001-05-18 00:29:00+00, 2001-05-18 00:33:00+00, 2001-05-18 00:42:00+00, 2001-05-18 00:47:00+00, 2001-05-18 00:51:00+00, 2001-05-18 00:52:00+00, 2001-05-18 00:57:00+00}
 {2001-03-06 19:47:00+00, 2001-03-06 19:49:00+00}
 {2001-09-10 12:04:00+00}
 {2001-07-09 05:06:00+00, 2001-07-09 05:10:00+00, 2001-07-09 05:15:00+00}
 {2001-11-30 20:20:00+00}
 {2001-11-18 14:07:00+00, 2001-11-18 14:15:00+00, 2001-11-18 14:22:00+00, 2001-11-18 14:32:00+00, 2001-11-18 14:37:00+00, 2001-11-18 14:39:00+00, 2001-11-18 14:46:00+00, 2001-11-18 14:55:00+00, 2001-11-18 15:00:00+00}
 {2001-11-02 02:12:00+00, 2001-11-02 02:18:00+00, 2001-11-02 02:26:00+00}
 {2001-12-01 22:28:00+00, 2001-12-01 22:32:00+00, 2001-12-01 22:40:00+00, 2001-12-01 22:50:00+00, 2001-12-01 22:51:00+00, 2001-12-01 22:52:00+00, 2001-12-01 22:54:00+00, 2001-12-01 23:00:00+00}
 {2001-03-07 00:38:00+00, 2001-03-07 00:43:00+00, 2001-03-07 00:49:00+00, 2001-03-07 00:57:00+00, 2001-03-07 01:01:00+00, 2001-03-07 01:06:00+00, 2001-03-07 01:12:00+00}
 {2001-12-29 12:00:00+00, 2001-12-29 12:02:00+00, 2001-12-29 12:12:00+00, 2001-12-29 12:21:00+00}
 {2001-02-03 08:20:00+00, 2001-02-03 08:25:00+00, 2001-02-03 08:26:00+00, 2001-02-03 08:35:00+00, 2001-02-03 08:42:00+00}
 {2001-12-30 10:12:00+00, 2001-12-30 10:18:00+00, 2001-12-30 10:26:00+00, 2001-12-30 10:27:00+00, 2001-12-30 10:33:00+00, 2001-12-30 10:43:00+00, 2001-12-30 10:49:00+00, 2001-12-30 10:59:00+00}
 {2001-05-19 12:04:00+00, 2001-05-19 12:06:00+00, 2001-05-19 12:12:00+00, 2001-05-19 12:20:00+00, 2001-05-19 12:26:00+00, 2001-05-19 12:27:00+00, 2001-05-19 12:34:00+00, 2001-05-19 12:44:00+00}
 {2001-12-11 04:33:00+00, 2001-12-11 04:42:00+00, 2001-12-11 04:47:00+00, 2001-12-11 04:52:00+00, 2001-12-11 05:02:00+00, 2001-12-11 05:12:00+00, 2001-12-11 05:17:00+00, 2001-12-11 05:26:00+00, 2001-12-11 05:33:00+00}
 {2001-08-28 21:26:00+00, 2001-08-28 21:34:00+00, 2001-08-28 21:37:00+00, 2001-08-28 21:44:00+00, 2001-08-28 21:47:00+00, 2001-08-28 21:49:00+00}
 {2001-09-26 01:48:00+00, 2001-09-26 01:58:00+00, 2001-09-26 02:04:00+00}
 {2001-04-22 19:33:00+00, 2001-04-22 19:38:00+00, 2001-04-22 19:43:00+00, 2001-04-22 19:53:00+00, 2001-04-22 19:57:00+00}
 {2001-04-28 18:08:00+00, 2001-04-28 18:13:00+00, 2001-04-28 18:17:00+00, 2001-04-28 18:25:00+00, 2001-04-28 18:30:00+00, 2001-04-28 18:34:00+00, 2001-04-28 18:37:00+00, 2001-04-28 18:40:00+00, 2001-04-28 18:50:00+00}
 {2001-08-21 22:03:00+00, 2001-08-21 22:06:00+00, 2001-08-21 22:07:00+00, 2001-08-21 22:11:00+00, 2001-08-21 22:17:00+00, 2001-08-21 22:20:00+00, 2001-08-21 22:26:00+00, 2001-08-21 22:34:00+00}
 {2001-04-19 22:27:00+00, 2001-04-19 22:36:00+00, 2001-04-19 22:45:00+00, 2001-04-19 22:52:00+00, 2001-04-19 22:55:00+00}
 {2001-08-16 02:18:00+00, 2001-08-16 02:28:00+00, 2001-08-16 02:33:00+00, 2001-08-16 02:43:00+00, 2001-08-16 02:47:00+00, 2001-08-16 02:55:00+00, 2001-08-16 03:03:00+00}
 {2001-12-04 01:20:00+00, 2001-12-04 01:30:00+00}
 {2001-09-27 03:26:00+00, 2001-09-27 03:34:00+00, 2001-09-27 03:40:00+00, 2001-09-27 03:48:00+00}
 {2001-01-06 01:21:00+00, 2001-01-06 01:27:00+00}
 {2001-12-30 07:26:00+00, 2001-12-30 07:28:00+00, 2001-12-30 07:37:00+00, 2001-12-30 07:46:00+00, 2001-12-30 07:54:00+00, 2001-12-30 07:55:00+00, 2001-12-30 07:58:00+00, 2001-12-30 08:02:00+00, 2001-12-30 08:09:00+00, 2001-12-30 08:11:00+00}
 {2001-07-18 00:56:00+00, 2001-07-18 01:02:00+00, 2001-07-18 01:06:00+00, 2001-07-18 01:10:00+00, 2001-07-18 01:17:00+00, 2001-07-18 01:20:00+00, 2001-07-18 01:23:00+00}
 {2001-01-06 17:24:00+00, 2001-01-06 17:30:00+00, 2001-01-06 17:33:00+00, 2001-01-06 17:42:00+00, 2001-01-06 17:48:00+00, 2001-01-06 17:52:00+00, 2001-01-06 18:01:00+00}
 {2001-10-17 02:57:00+00, 2001-10-17 02:59:00+00}
 {2001-12-27 15:02:00+00, 2001-12-27 15:12:00+00, 2001-12-27 15:19:00+00, 2001-12-27 15:22:00+00, 2001-12-27 15:25:00+00, 2001-12-27 15:29:00+00}
 {2001-12-05 20:18:00+00}
 {2001-04-03 05:10:00+00, 2001-04-03 05:13:00+00, 2001-04-03 05:17:00+00, 2001-04-03 05:23:00+00, 2001-04-03 05:29:00+00, 2001-04-03 05:30:00+00, 2001-04-03 05:32:00+00}
 {2001-05-13 02:50:00+00, 2001-05-13 02:54:00+00, 2001-05-13 02:56:00+00, 2001-05-13 03:03:00+00, 2001-05-13 03:05:00+00, 2001-05-13 03:08:00+00, 2001-05-13 03:17:00+00}
 {2001-01-31 23:05:00+00, 2001-01-31 23:11:00+00, 2001-01-31 23:15:00+00, 2001-01-31 23:16:00+00}
 {2001-05-07 14:15:00+00, 2001-05-07 14:21:00+00, 2001-05-07 14:22:00+00, 2001-05-07 14:27:00+00, 2001-05-07 14:32:00+00, 2001-05-07 14:33:00+00, 2001-05-07 14:34:00+00}
 {2001-05-17 00:47:00+00, 2001-05-17 00:50:00+00, 2001-05-17 00:59:00+00, 2001-05-17 01:04:00+00}
 {2001-01-30 19:57:00+00, 2001-01-30 20:05:00+00, 2001-01-30 20:14:00+00, 2001-01-30 20:17:00+00, 2001-01-30 20:22:00+00}
(100 rows)

select count(*) from tbl_timestampset t1, tbl_timestampset t2 where timestampset_cmp(t1.ts, t2.ts) = -1;
 count 
-------
  4950
(1 row)

select count(*) from tbl_timestampset t1, tbl_timestampset t2 where t1.ts = t2.ts;
 count 
-------
   100
(1 row)

select count(*) from tbl_timestampset t1, tbl_timestampset t2 where t1.ts <> t2.ts;
 count 
-------
  9900
(1 row)

select count(*) from tbl_timestampset t1, tbl_timestampset t2 where t1.ts < t2.ts;
 count 
-------
  4950
(1 row)

select count(*) from tbl_timestampset t1, tbl_timestampset t2 where t1.ts <= t2.ts;
 count 
-------
  5050
(1 row)

select count(*) from tbl_timestampset t1, tbl_timestampset t2 where t1.ts > t2.ts;
 count 
-------
  4950
(1 row)

select count(*) from tbl_timestampset t1, tbl_timestampset t2 where t1.ts >= t2.ts;
 count 
-------
  5050
(1 row)

