SELECT count(*) FROM tbl_tbool WHERE true #= temp IS NOT NULL;
 count 
-------
   100
(1 row)

SELECT count(*) FROM tbl_tbool WHERE temp #= true IS NOT NULL;
 count 
-------
   100
(1 row)

SELECT count(*) FROM tbl_tbool t1, tbl_tbool t2 WHERE t1.temp #= t2.temp IS NOT NULL;
 count 
-------
   675
(1 row)

SELECT count(*) FROM tbl_tint, tbl_int WHERE i #= temp IS NOT NULL;
 count 
-------
 10000
(1 row)

SELECT count(*) FROM tbl_tfloat, tbl_int WHERE i #= temp IS NOT NULL;
 count 
-------
 10000
(1 row)

SELECT count(*) FROM tbl_tint, tbl_float WHERE f #= temp IS NOT NULL;
 count 
-------
 10000
(1 row)

SELECT count(*) FROM tbl_tfloat, tbl_float WHERE f #= temp IS NOT NULL;
 count 
-------
 10000
(1 row)

SELECT count(*) FROM tbl_tint, tbl_int WHERE temp #= i IS NOT NULL;
 count 
-------
 10000
(1 row)

SELECT count(*) FROM tbl_tint, tbl_float WHERE temp #= f IS NOT NULL;
 count 
-------
 10000
(1 row)

SELECT count(*) FROM tbl_tint t1, tbl_tint t2 WHERE t1.temp #= t2.temp IS NOT NULL;
 count 
-------
   679
(1 row)

SELECT count(*) FROM tbl_tint t1, tbl_tfloat t2 WHERE t1.temp #= t2.temp IS NOT NULL;
 count 
-------
   629
(1 row)

SELECT count(*) FROM tbl_tfloat, tbl_int WHERE temp #= i IS NOT NULL;
 count 
-------
 10000
(1 row)

SELECT count(*) FROM tbl_tfloat, tbl_float WHERE temp #= f IS NOT NULL;
 count 
-------
 10000
(1 row)

SELECT count(*) FROM tbl_tfloat t1, tbl_tint t2 WHERE t1.temp #= t2.temp IS NOT NULL;
 count 
-------
   629
(1 row)

SELECT count(*) FROM tbl_tfloat t1, tbl_tfloat t2 WHERE t1.temp #= t2.temp IS NOT NULL;
 count 
-------
   683
(1 row)

SELECT count(*) FROM tbl_ttext, tbl_text WHERE t #= temp IS NOT NULL;
 count 
-------
 10000
(1 row)

SELECT count(*) FROM tbl_ttext, tbl_text WHERE temp #= t IS NOT NULL;
 count 
-------
 10000
(1 row)

SELECT count(*) FROM tbl_ttext t1, tbl_ttext t2 WHERE t1.temp #= t2.temp IS NOT NULL;
 count 
-------
   681
(1 row)

SELECT count(*) FROM tbl_tbool WHERE true #<> temp IS NOT NULL;
 count 
-------
   100
(1 row)

SELECT count(*) FROM tbl_tbool WHERE temp #<> true IS NOT NULL;
 count 
-------
   100
(1 row)

SELECT count(*) FROM tbl_tbool t1, tbl_tbool t2 WHERE t1.temp #<> t2.temp IS NOT NULL;
 count 
-------
   675
(1 row)

SELECT count(*) FROM tbl_tint, tbl_int WHERE i #<> temp IS NOT NULL;
 count 
-------
 10000
(1 row)

SELECT count(*) FROM tbl_tfloat, tbl_int WHERE i #<> temp IS NOT NULL;
 count 
-------
 10000
(1 row)

SELECT count(*) FROM tbl_tint, tbl_float WHERE f #<> temp IS NOT NULL;
 count 
-------
 10000
(1 row)

SELECT count(*) FROM tbl_tfloat, tbl_float WHERE f #<> temp IS NOT NULL;
 count 
-------
 10000
(1 row)

SELECT count(*) FROM tbl_tint, tbl_int WHERE temp #<> i IS NOT NULL;
 count 
-------
 10000
(1 row)

SELECT count(*) FROM tbl_tint, tbl_float WHERE temp #<> f IS NOT NULL;
 count 
-------
 10000
(1 row)

SELECT count(*) FROM tbl_tint t1, tbl_tint t2 WHERE t1.temp #<> t2.temp IS NOT NULL;
 count 
-------
   679
(1 row)

SELECT count(*) FROM tbl_tint t1, tbl_tfloat t2 WHERE t1.temp #<> t2.temp IS NOT NULL;
 count 
-------
   629
(1 row)

SELECT count(*) FROM tbl_tfloat, tbl_int WHERE temp #<> i IS NOT NULL;
 count 
-------
 10000
(1 row)

SELECT count(*) FROM tbl_tfloat, tbl_float WHERE temp #<> f IS NOT NULL;
 count 
-------
 10000
(1 row)

SELECT count(*) FROM tbl_tfloat t1, tbl_tint t2 WHERE t1.temp #<> t2.temp IS NOT NULL;
 count 
-------
   629
(1 row)

SELECT count(*) FROM tbl_tfloat t1, tbl_tfloat t2 WHERE t1.temp #<> t2.temp IS NOT NULL;
 count 
-------
   683
(1 row)

SELECT count(*) FROM tbl_ttext, tbl_text WHERE t #<> temp IS NOT NULL;
 count 
-------
 10000
(1 row)

SELECT count(*) FROM tbl_ttext, tbl_text WHERE temp #<> t IS NOT NULL;
 count 
-------
 10000
(1 row)

SELECT count(*) FROM tbl_ttext t1, tbl_ttext t2 WHERE t1.temp #<> t2.temp IS NOT NULL;
 count 
-------
   681
(1 row)

SELECT count(*) FROM tbl_tint, tbl_int WHERE i #< temp IS NOT NULL;
 count 
-------
 10000
(1 row)

SELECT count(*) FROM tbl_tfloat, tbl_int WHERE i #< temp IS NOT NULL;
 count 
-------
 10000
(1 row)

SELECT count(*) FROM tbl_tint, tbl_float WHERE f #< temp IS NOT NULL;
 count 
-------
 10000
(1 row)

SELECT count(*) FROM tbl_tfloat, tbl_float WHERE f #< temp IS NOT NULL;
 count 
-------
 10000
(1 row)

SELECT count(*) FROM tbl_tint, tbl_int WHERE temp #< i IS NOT NULL;
 count 
-------
 10000
(1 row)

SELECT count(*) FROM tbl_tint, tbl_float WHERE temp #< f IS NOT NULL;
 count 
-------
 10000
(1 row)

SELECT count(*) FROM tbl_tint t1, tbl_tint t2 WHERE t1.temp #< t2.temp IS NOT NULL;
 count 
-------
   679
(1 row)

SELECT count(*) FROM tbl_tint t1, tbl_tfloat t2 WHERE t1.temp #< t2.temp IS NOT NULL;
 count 
-------
   629
(1 row)

SELECT count(*) FROM tbl_tfloat, tbl_int WHERE temp #< i IS NOT NULL;
 count 
-------
 10000
(1 row)

SELECT count(*) FROM tbl_tfloat, tbl_float WHERE temp #< f IS NOT NULL;
 count 
-------
 10000
(1 row)

SELECT count(*) FROM tbl_tfloat t1, tbl_tint t2 WHERE t1.temp #< t2.temp IS NOT NULL;
 count 
-------
   629
(1 row)

SELECT count(*) FROM tbl_tfloat t1, tbl_tfloat t2 WHERE t1.temp #< t2.temp IS NOT NULL;
 count 
-------
   683
(1 row)

SELECT count(*) FROM tbl_ttext, tbl_text WHERE t #< temp IS NOT NULL;
 count 
-------
 10000
(1 row)

SELECT count(*) FROM tbl_ttext, tbl_text WHERE temp #< t IS NOT NULL;
 count 
-------
 10000
(1 row)

SELECT count(*) FROM tbl_ttext t1, tbl_ttext t2 WHERE t1.temp #< t2.temp IS NOT NULL;
 count 
-------
   681
(1 row)

SELECT count(*) FROM tbl_tint, tbl_int WHERE i #> temp IS NOT NULL;
 count 
-------
 10000
(1 row)

SELECT count(*) FROM tbl_tfloat, tbl_int WHERE i #> temp IS NOT NULL;
 count 
-------
 10000
(1 row)

SELECT count(*) FROM tbl_tint, tbl_float WHERE f #> temp IS NOT NULL;
 count 
-------
 10000
(1 row)

SELECT count(*) FROM tbl_tfloat, tbl_float WHERE f #> temp IS NOT NULL;
 count 
-------
 10000
(1 row)

SELECT count(*) FROM tbl_tint, tbl_int WHERE temp #> i IS NOT NULL;
 count 
-------
 10000
(1 row)

SELECT count(*) FROM tbl_tint, tbl_float WHERE temp #> f IS NOT NULL;
 count 
-------
 10000
(1 row)

SELECT count(*) FROM tbl_tint t1, tbl_tint t2 WHERE t1.temp #> t2.temp IS NOT NULL;
 count 
-------
   679
(1 row)

SELECT count(*) FROM tbl_tint t1, tbl_tfloat t2 WHERE t1.temp #> t2.temp IS NOT NULL;
 count 
-------
   629
(1 row)

SELECT count(*) FROM tbl_tfloat, tbl_int WHERE temp #> i IS NOT NULL;
 count 
-------
 10000
(1 row)

SELECT count(*) FROM tbl_tfloat, tbl_float WHERE temp #> f IS NOT NULL;
 count 
-------
 10000
(1 row)

SELECT count(*) FROM tbl_tfloat t1, tbl_tint t2 WHERE t1.temp #> t2.temp IS NOT NULL;
 count 
-------
   629
(1 row)

SELECT count(*) FROM tbl_tfloat t1, tbl_tfloat t2 WHERE t1.temp #> t2.temp IS NOT NULL;
 count 
-------
   683
(1 row)

SELECT count(*) FROM tbl_ttext, tbl_text WHERE t #> temp IS NOT NULL;
 count 
-------
 10000
(1 row)

SELECT count(*) FROM tbl_ttext, tbl_text WHERE temp #> t IS NOT NULL;
 count 
-------
 10000
(1 row)

SELECT count(*) FROM tbl_ttext t1, tbl_ttext t2 WHERE t1.temp #> t2.temp IS NOT NULL;
 count 
-------
   681
(1 row)

SELECT count(*) FROM tbl_tint, tbl_int WHERE i #<= temp IS NOT NULL;
 count 
-------
 10000
(1 row)

SELECT count(*) FROM tbl_tfloat, tbl_int WHERE i #<= temp IS NOT NULL;
 count 
-------
 10000
(1 row)

SELECT count(*) FROM tbl_tint, tbl_float WHERE f #<= temp IS NOT NULL;
 count 
-------
 10000
(1 row)

SELECT count(*) FROM tbl_tfloat, tbl_float WHERE f #<= temp IS NOT NULL;
 count 
-------
 10000
(1 row)

SELECT count(*) FROM tbl_tint, tbl_int WHERE temp #<= i IS NOT NULL;
 count 
-------
 10000
(1 row)

SELECT count(*) FROM tbl_tint, tbl_float WHERE temp #<= f IS NOT NULL;
 count 
-------
 10000
(1 row)

SELECT count(*) FROM tbl_tint t1, tbl_tint t2 WHERE t1.temp #<= t2.temp IS NOT NULL;
 count 
-------
   679
(1 row)

SELECT count(*) FROM tbl_tint t1, tbl_tfloat t2 WHERE t1.temp #<= t2.temp IS NOT NULL;
 count 
-------
   629
(1 row)

SELECT count(*) FROM tbl_tfloat, tbl_int WHERE temp #<= i IS NOT NULL;
 count 
-------
 10000
(1 row)

SELECT count(*) FROM tbl_tfloat, tbl_float WHERE temp #<= f IS NOT NULL;
 count 
-------
 10000
(1 row)

SELECT count(*) FROM tbl_tfloat t1, tbl_tint t2 WHERE t1.temp #<= t2.temp IS NOT NULL;
 count 
-------
   629
(1 row)

SELECT count(*) FROM tbl_tfloat t1, tbl_tfloat t2 WHERE t1.temp #<= t2.temp IS NOT NULL;
 count 
-------
   683
(1 row)

SELECT count(*) FROM tbl_ttext, tbl_text WHERE t #<= temp IS NOT NULL;
 count 
-------
 10000
(1 row)

SELECT count(*) FROM tbl_ttext, tbl_text WHERE temp #<= t IS NOT NULL;
 count 
-------
 10000
(1 row)

SELECT count(*) FROM tbl_ttext t1, tbl_ttext t2 WHERE t1.temp #<= t2.temp IS NOT NULL;
 count 
-------
   681
(1 row)

SELECT count(*) FROM tbl_tint, tbl_int WHERE i #>= temp IS NOT NULL;
 count 
-------
 10000
(1 row)

SELECT count(*) FROM tbl_tfloat, tbl_int WHERE i #>= temp IS NOT NULL;
 count 
-------
 10000
(1 row)

SELECT count(*) FROM tbl_tint, tbl_float WHERE f #>= temp IS NOT NULL;
 count 
-------
 10000
(1 row)

SELECT count(*) FROM tbl_tfloat, tbl_float WHERE f #>= temp IS NOT NULL;
 count 
-------
 10000
(1 row)

SELECT count(*) FROM tbl_tint, tbl_int WHERE temp #>= i IS NOT NULL;
 count 
-------
 10000
(1 row)

SELECT count(*) FROM tbl_tint, tbl_float WHERE temp #>= f IS NOT NULL;
 count 
-------
 10000
(1 row)

SELECT count(*) FROM tbl_tint t1, tbl_tint t2 WHERE t1.temp #>= t2.temp IS NOT NULL;
 count 
-------
   679
(1 row)

SELECT count(*) FROM tbl_tint t1, tbl_tfloat t2 WHERE t1.temp #>= t2.temp IS NOT NULL;
 count 
-------
   629
(1 row)

SELECT count(*) FROM tbl_tfloat, tbl_int WHERE temp #>= i IS NOT NULL;
 count 
-------
 10000
(1 row)

SELECT count(*) FROM tbl_tfloat, tbl_float WHERE temp #>= f IS NOT NULL;
 count 
-------
 10000
(1 row)

SELECT count(*) FROM tbl_tfloat t1, tbl_tint t2 WHERE t1.temp #>= t2.temp IS NOT NULL;
 count 
-------
   629
(1 row)

SELECT count(*) FROM tbl_tfloat t1, tbl_tfloat t2 WHERE t1.temp #>= t2.temp IS NOT NULL;
 count 
-------
   683
(1 row)

SELECT count(*) FROM tbl_ttext, tbl_text WHERE t #>= temp IS NOT NULL;
 count 
-------
 10000
(1 row)

SELECT count(*) FROM tbl_ttext, tbl_text WHERE temp #>= t IS NOT NULL;
 count 
-------
 10000
(1 row)

SELECT count(*) FROM tbl_ttext t1, tbl_ttext t2 WHERE t1.temp #>= t2.temp IS NOT NULL;
 count 
-------
   681
(1 row)

