SELECT timestamptz '2000-01-01' -|- period '[2000-01-01, 2000-01-03]';
 ?column? 
----------
 f
(1 row)

SELECT timestamptz '2000-01-01' -|- period '(2000-01-01, 2000-01-03]';
 ?column? 
----------
 t
(1 row)

SELECT timestamptz '2000-01-01' -|- periodset '{[2000-01-01, 2000-01-03],[2000-01-04, 2000-01-05]}';
 ?column? 
----------
 f
(1 row)

SELECT timestamptz '2000-01-01' -|- periodset '{(2000-01-01, 2000-01-03],[2000-01-04, 2000-01-05]}';
 ?column? 
----------
 t
(1 row)

SELECT timestampset '{2000-01-01, 2000-01-03, 2000-01-05}' -|- period '[2000-01-01, 2000-01-03]';
 ?column? 
----------
 f
(1 row)

SELECT timestampset '{2000-01-01, 2000-01-03, 2000-01-05}' -|- periodset '{[2000-01-01, 2000-01-03],[2000-01-04, 2000-01-05]}';
 ?column? 
----------
 f
(1 row)

SELECT period '[2000-01-01, 2000-01-03]' -|- timestamptz '2000-01-01';
 ?column? 
----------
 f
(1 row)

SELECT period '[2000-01-01, 2000-01-03]' -|- timestampset '{2000-01-01, 2000-01-03, 2000-01-05}';
 ?column? 
----------
 f
(1 row)

SELECT period '[2000-01-01, 2000-01-03]' -|- period '[2000-01-01, 2000-01-03]';
 ?column? 
----------
 f
(1 row)

SELECT period '[2000-01-01, 2000-01-03]' -|- periodset '{[2000-01-01, 2000-01-03],[2000-01-04, 2000-01-05]}';
 ?column? 
----------
 f
(1 row)

SELECT periodset '{[2000-01-01, 2000-01-03],[2000-01-04, 2000-01-05]}' -|- timestamptz '2000-01-01';
 ?column? 
----------
 f
(1 row)

SELECT periodset '{[2000-01-01, 2000-01-03],[2000-01-04, 2000-01-05]}' -|- timestampset '{2000-01-01, 2000-01-03, 2000-01-05}';
 ?column? 
----------
 f
(1 row)

SELECT periodset '{[2000-01-01, 2000-01-03],[2000-01-04, 2000-01-05]}' -|- period '[2000-01-01, 2000-01-03]';
 ?column? 
----------
 f
(1 row)

SELECT periodset '{[2000-01-01, 2000-01-03],[2000-01-04, 2000-01-05]}' -|- periodset '{[2000-01-01, 2000-01-03],[2000-01-04, 2000-01-05]}';
 ?column? 
----------
 f
(1 row)

SELECT period '[2000-01-01, 2000-01-03]' + period '[2000-01-01, 2000-01-03]';
                      ?column?                      
----------------------------------------------------
 {[2000-01-01 00:00:00+00, 2000-01-03 00:00:00+00]}
(1 row)

SELECT timestampset '{2000-01-01, 2000-01-03, 2000-01-05}' + timestamptz '2000-01-01';
                                 ?column?                                 
--------------------------------------------------------------------------
 {2000-01-01 00:00:00+00, 2000-01-03 00:00:00+00, 2000-01-05 00:00:00+00}
(1 row)

SELECT timestamptz '2000-01-01' + timestampset '{2000-01-01, 2000-01-03, 2000-01-05}';
                                 ?column?                                 
--------------------------------------------------------------------------
 {2000-01-01 00:00:00+00, 2000-01-03 00:00:00+00, 2000-01-05 00:00:00+00}
(1 row)

SELECT timestampset '{2000-01-01, 2000-01-03, 2000-01-05}' + timestampset '{2000-01-01, 2000-01-03, 2000-01-05}';
                                 ?column?                                 
--------------------------------------------------------------------------
 {2000-01-01 00:00:00+00, 2000-01-03 00:00:00+00, 2000-01-05 00:00:00+00}
(1 row)

SELECT periodset '{[2000-01-01, 2000-01-03],[2000-01-04, 2000-01-05]}' + period '[2000-01-01, 2000-01-03]';
                                               ?column?                                               
------------------------------------------------------------------------------------------------------
 {[2000-01-01 00:00:00+00, 2000-01-03 00:00:00+00], [2000-01-04 00:00:00+00, 2000-01-05 00:00:00+00]}
(1 row)

SELECT period '[2000-01-01, 2000-01-03]' + periodset '{[2000-01-01, 2000-01-03],[2000-01-04, 2000-01-05]}';
                                               ?column?                                               
------------------------------------------------------------------------------------------------------
 {[2000-01-01 00:00:00+00, 2000-01-03 00:00:00+00], [2000-01-04 00:00:00+00, 2000-01-05 00:00:00+00]}
(1 row)

SELECT periodset '{[2000-01-01, 2000-01-03],[2000-01-04, 2000-01-05]}' + periodset '{[2000-01-01, 2000-01-03],[2000-01-04, 2000-01-05]}';
                      ?column?                      
----------------------------------------------------
 {[2000-01-01 00:00:00+00, 2000-01-05 00:00:00+00]}
(1 row)

SELECT period '[2000-01-01, 2000-01-03]' - period '[2000-01-01, 2000-01-03]';
 ?column? 
----------
 
(1 row)

SELECT timestampset '{2000-01-01, 2000-01-03, 2000-01-05}' - timestamptz '2000-01-01';
                     ?column?                     
--------------------------------------------------
 {2000-01-03 00:00:00+00, 2000-01-05 00:00:00+00}
(1 row)

SELECT timestamptz '2000-01-01' - timestampset '{2000-01-01, 2000-01-03, 2000-01-05}';
        ?column?        
------------------------
 2000-01-01 00:00:00+00
(1 row)

SELECT timestampset '{2000-01-01, 2000-01-03, 2000-01-05}' - timestampset '{2000-01-01, 2000-01-03, 2000-01-05}';
         ?column?         
--------------------------
 {2000-01-03 00:00:00+00}
(1 row)

SELECT periodset '{[2000-01-01, 2000-01-03],[2000-01-04, 2000-01-05]}' - period '[2000-01-01, 2000-01-03]';
                      ?column?                      
----------------------------------------------------
 {[2000-01-04 00:00:00+00, 2000-01-05 00:00:00+00]}
(1 row)

SELECT period '[2000-01-01, 2000-01-03]' - periodset '{[2000-01-01, 2000-01-03],[2000-01-04, 2000-01-05]}';
 ?column? 
----------
 
(1 row)

SELECT periodset '{[2000-01-01, 2000-01-03],[2000-01-04, 2000-01-05]}' - periodset '{[2000-01-01, 2000-01-03],[2000-01-04, 2000-01-05]}';
 ?column? 
----------
 
(1 row)

SELECT period '[2000-01-01, 2000-01-03]' * period '[2000-01-01, 2000-01-03]';
                     ?column?                     
--------------------------------------------------
 [2000-01-01 00:00:00+00, 2000-01-03 00:00:00+00]
(1 row)

SELECT timestampset '{2000-01-01, 2000-01-03, 2000-01-05}' * timestamptz '2000-01-01';
 ?column? 
----------
 
(1 row)

SELECT timestamptz '2000-01-01' * timestampset '{2000-01-01, 2000-01-03, 2000-01-05}';
 ?column? 
----------
 
(1 row)

SELECT timestampset '{2000-01-01, 2000-01-03, 2000-01-05}' * timestampset '{2000-01-01, 2000-01-03, 2000-01-05}';
                                 ?column?                                 
--------------------------------------------------------------------------
 {2000-01-01 00:00:00+00, 2000-01-03 00:00:00+00, 2000-01-05 00:00:00+00}
(1 row)

SELECT periodset '{[2000-01-01, 2000-01-03],[2000-01-04, 2000-01-05]}' * period '[2000-01-01, 2000-01-03]';
                      ?column?                      
----------------------------------------------------
 {[2000-01-01 00:00:00+00, 2000-01-03 00:00:00+00]}
(1 row)

SELECT period '[2000-01-01, 2000-01-03]' * periodset '{[2000-01-01, 2000-01-03],[2000-01-04, 2000-01-05]}';
                      ?column?                      
----------------------------------------------------
 {[2000-01-01 00:00:00+00, 2000-01-03 00:00:00+00]}
(1 row)

SELECT periodset '{[2000-01-01, 2000-01-03],[2000-01-04, 2000-01-05]}' * periodset '{[2000-01-01, 2000-01-03],[2000-01-04, 2000-01-05]}';
                                               ?column?                                               
------------------------------------------------------------------------------------------------------
 {[2000-01-01 00:00:00+00, 2000-01-03 00:00:00+00], [2000-01-04 00:00:00+00, 2000-01-05 00:00:00+00]}
(1 row)

