COPY tbl_tbool TO '/tmp/tbl_tbool' (FORMAT BINARY);
COPY 100
COPY tbl_tint TO '/tmp/tbl_tint' (FORMAT BINARY);
COPY 100
COPY tbl_tfloat TO '/tmp/tbl_tfloat' (FORMAT BINARY);
COPY 100
COPY tbl_ttext TO '/tmp/tbl_ttext' (FORMAT BINARY);
COPY 100
DROP TABLE IF EXISTS tbl_tbool_tmp;
NOTICE:  table "tbl_tbool_tmp" does not exist, skipping
DROP TABLE
DROP TABLE IF EXISTS tbl_tint_tmp;
NOTICE:  table "tbl_tint_tmp" does not exist, skipping
DROP TABLE
DROP TABLE IF EXISTS tbl_tfloat_tmp;
NOTICE:  table "tbl_tfloat_tmp" does not exist, skipping
DROP TABLE
DROP TABLE IF EXISTS tbl_ttext_tmp;
NOTICE:  table "tbl_ttext_tmp" does not exist, skipping
DROP TABLE
CREATE TABLE tbl_tbool_tmp AS TABLE tbl_tbool WITH NO DATA;
CREATE TABLE AS
CREATE TABLE tbl_tint_tmp AS TABLE tbl_tint WITH NO DATA;
CREATE TABLE AS
CREATE TABLE tbl_tfloat_tmp AS TABLE tbl_tfloat WITH NO DATA;
CREATE TABLE AS
CREATE TABLE tbl_ttext_tmp AS TABLE tbl_ttext WITH NO DATA;
CREATE TABLE AS
COPY tbl_tbool_tmp FROM '/tmp/tbl_tbool' (FORMAT BINARY);
COPY 100
COPY tbl_tint_tmp FROM '/tmp/tbl_tint' (FORMAT BINARY);
COPY 100
COPY tbl_tfloat_tmp FROM '/tmp/tbl_tfloat' (FORMAT BINARY);
COPY 100
COPY tbl_ttext_tmp FROM '/tmp/tbl_ttext' (FORMAT BINARY);
COPY 100
DROP TABLE tbl_tbool_tmp;
DROP TABLE
DROP TABLE tbl_tint_tmp;
DROP TABLE
DROP TABLE tbl_tfloat_tmp;
DROP TABLE
DROP TABLE tbl_ttext_tmp;
DROP TABLE
SELECT DISTINCT temporalType(tboolinst(inst)) FROM tbl_tboolinst;
 temporaltype 
--------------
 
 Instant
(2 rows)

SELECT DISTINCT temporalType(tbooli(inst)) FROM tbl_tboolinst;
 temporaltype 
--------------
 
 InstantSet
(2 rows)

SELECT DISTINCT temporalType(tboolseq(inst)) FROM tbl_tboolinst;
 temporaltype 
--------------
 
 Sequence
(2 rows)

SELECT DISTINCT temporalType(tbools(inst)) FROM tbl_tboolinst;
 temporaltype 
--------------
 
 SequenceSet
(2 rows)

SELECT DISTINCT temporalType(tintinst(inst)) FROM tbl_tintinst;
 temporaltype 
--------------
 
 Instant
(2 rows)

SELECT DISTINCT temporalType(tinti(inst)) FROM tbl_tintinst;
 temporaltype 
--------------
 
 InstantSet
(2 rows)

SELECT DISTINCT temporalType(tintseq(inst)) FROM tbl_tintinst;
 temporaltype 
--------------
 
 Sequence
(2 rows)

SELECT DISTINCT temporalType(tints(inst)) FROM tbl_tintinst;
 temporaltype 
--------------
 
 SequenceSet
(2 rows)

SELECT DISTINCT temporalType(tfloatinst(inst)) FROM tbl_tfloatinst;
 temporaltype 
--------------
 
 Instant
(2 rows)

SELECT DISTINCT temporalType(tfloati(inst)) FROM tbl_tfloatinst;
 temporaltype 
--------------
 
 InstantSet
(2 rows)

SELECT DISTINCT temporalType(tfloatseq(inst)) FROM tbl_tfloatinst;
 temporaltype 
--------------
 
 Sequence
(2 rows)

SELECT DISTINCT temporalType(tfloats(inst)) FROM tbl_tfloatinst;
 temporaltype 
--------------
 
 SequenceSet
(2 rows)

SELECT DISTINCT temporalType(ttextinst(inst)) FROM tbl_ttextinst;
 temporaltype 
--------------
 
 Instant
(2 rows)

SELECT DISTINCT temporalType(ttexti(inst)) FROM tbl_ttextinst;
 temporaltype 
--------------
 
 InstantSet
(2 rows)

SELECT DISTINCT temporalType(ttextseq(inst)) FROM tbl_ttextinst;
 temporaltype 
--------------
 
 Sequence
(2 rows)

SELECT DISTINCT temporalType(ttexts(inst)) FROM tbl_ttextinst;
 temporaltype 
--------------
 
 SequenceSet
(2 rows)

SELECT DISTINCT temporalType(tboolinst(ti)) FROM tbl_tbooli WHERE numInstants(ti) = 1;
 temporaltype 
--------------
 Instant
(1 row)

SELECT DISTINCT temporalType(tbooli(ti)) FROM tbl_tbooli;
 temporaltype 
--------------
 
 InstantSet
(2 rows)

SELECT DISTINCT temporalType(tboolseq(ti)) FROM tbl_tbooli WHERE numInstants(ti) = 1;
 temporaltype 
--------------
 Sequence
(1 row)

SELECT DISTINCT temporalType(tbools(ti)) FROM tbl_tbooli;
 temporaltype 
--------------
 
 SequenceSet
(2 rows)

SELECT DISTINCT temporalType(tintinst(ti)) FROM tbl_tinti WHERE numInstants(ti) = 1;
 temporaltype 
--------------
 Instant
(1 row)

SELECT DISTINCT temporalType(tinti(ti)) FROM tbl_tinti;
 temporaltype 
--------------
 
 InstantSet
(2 rows)

SELECT DISTINCT temporalType(tintseq(ti)) FROM tbl_tinti WHERE numInstants(ti) = 1;
 temporaltype 
--------------
 Sequence
(1 row)

SELECT DISTINCT temporalType(tints(ti)) FROM tbl_tinti;
 temporaltype 
--------------
 
 SequenceSet
(2 rows)

SELECT DISTINCT temporalType(tfloatinst(ti)) FROM tbl_tfloati WHERE numInstants(ti) = 1;
 temporaltype 
--------------
 Instant
(1 row)

SELECT DISTINCT temporalType(tfloati(ti)) FROM tbl_tfloati;
 temporaltype 
--------------
 
 InstantSet
(2 rows)

SELECT DISTINCT temporalType(tfloatseq(ti)) FROM tbl_tfloati WHERE numInstants(ti) = 1;
 temporaltype 
--------------
 Sequence
(1 row)

SELECT DISTINCT temporalType(tfloats(ti)) FROM tbl_tfloati;
 temporaltype 
--------------
 
 SequenceSet
(2 rows)

SELECT DISTINCT temporalType(ttextinst(ti)) FROM tbl_ttexti WHERE numInstants(ti) = 1;
 temporaltype 
--------------
 Instant
(1 row)

SELECT DISTINCT temporalType(ttexti(ti)) FROM tbl_ttexti;
 temporaltype 
--------------
 
 InstantSet
(2 rows)

SELECT DISTINCT temporalType(ttextseq(ti)) FROM tbl_ttexti WHERE numInstants(ti) = 1;
 temporaltype 
--------------
 Sequence
(1 row)

SELECT DISTINCT temporalType(ttexts(ti)) FROM tbl_ttexti;
 temporaltype 
--------------
 
 SequenceSet
(2 rows)

SELECT DISTINCT temporalType(tboolinst(seq)) FROM tbl_tboolseq WHERE numInstants(seq) = 1;
 temporaltype 
--------------
 Instant
(1 row)

SELECT DISTINCT temporalType(tbooli(seq)) FROM tbl_tboolseq WHERE numInstants(seq) = 1;
 temporaltype 
--------------
 InstantSet
(1 row)

SELECT DISTINCT temporalType(tboolseq(seq)) FROM tbl_tboolseq;
 temporaltype 
--------------
 
 Sequence
(2 rows)

SELECT DISTINCT temporalType(tbools(seq)) FROM tbl_tboolseq;
 temporaltype 
--------------
 
 SequenceSet
(2 rows)

SELECT DISTINCT temporalType(tintinst(seq)) FROM tbl_tintseq WHERE numInstants(seq) = 1;
 temporaltype 
--------------
 Instant
(1 row)

SELECT DISTINCT temporalType(tinti(seq)) FROM tbl_tintseq WHERE numInstants(seq) = 1;
 temporaltype 
--------------
 InstantSet
(1 row)

SELECT DISTINCT temporalType(tintseq(seq)) FROM tbl_tintseq;
 temporaltype 
--------------
 
 Sequence
(2 rows)

SELECT DISTINCT temporalType(tints(seq)) FROM tbl_tintseq;
 temporaltype 
--------------
 
 SequenceSet
(2 rows)

SELECT DISTINCT temporalType(tfloatinst(seq)) FROM tbl_tfloatseq WHERE numInstants(seq) = 1;
 temporaltype 
--------------
 Instant
(1 row)

SELECT DISTINCT temporalType(tfloati(seq)) FROM tbl_tfloatseq WHERE numInstants(seq) = 1;
 temporaltype 
--------------
 InstantSet
(1 row)

SELECT DISTINCT temporalType(tfloatseq(seq)) FROM tbl_tfloatseq;
 temporaltype 
--------------
 
 Sequence
(2 rows)

SELECT DISTINCT temporalType(tfloats(seq)) FROM tbl_tfloatseq;
 temporaltype 
--------------
 
 SequenceSet
(2 rows)

SELECT DISTINCT temporalType(ttextinst(seq)) FROM tbl_ttextseq WHERE numInstants(seq) = 1;
 temporaltype 
--------------
 Instant
(1 row)

SELECT DISTINCT temporalType(ttexti(seq)) FROM tbl_ttextseq WHERE numInstants(seq) = 1;
 temporaltype 
--------------
 InstantSet
(1 row)

SELECT DISTINCT temporalType(ttextseq(seq)) FROM tbl_ttextseq;
 temporaltype 
--------------
 
 Sequence
(2 rows)

SELECT DISTINCT temporalType(ttexts(seq)) FROM tbl_ttextseq;
 temporaltype 
--------------
 
 SequenceSet
(2 rows)

SELECT DISTINCT temporalType(tboolinst(ts)) FROM tbl_tbools WHERE numInstants(ts) = 1;
 temporaltype 
--------------
(0 rows)

SELECT DISTINCT temporalType(tbooli(ts)) FROM tbl_tbools WHERE timespan(ts) = '00:00:00';
 temporaltype 
--------------
(0 rows)

SELECT DISTINCT temporalType(tboolseq(ts)) FROM tbl_tbools WHERE numSequences(ts) = 1;
 temporaltype 
--------------
 Sequence
(1 row)

SELECT DISTINCT temporalType(tbools(ts)) FROM tbl_tbools;
 temporaltype 
--------------
 
 SequenceSet
(2 rows)

SELECT DISTINCT temporalType(tintinst(ts)) FROM tbl_tints WHERE numInstants(ts) = 1;
 temporaltype 
--------------
 Instant
(1 row)

SELECT DISTINCT temporalType(tinti(ts)) FROM tbl_tints WHERE timespan(ts) = '00:00:00';
 temporaltype 
--------------
 InstantSet
(1 row)

SELECT DISTINCT temporalType(tintseq(ts)) FROM tbl_tints WHERE numSequences(ts) = 1;
 temporaltype 
--------------
 Sequence
(1 row)

SELECT DISTINCT temporalType(tints(ts)) FROM tbl_tints;
 temporaltype 
--------------
 
 SequenceSet
(2 rows)

SELECT DISTINCT temporalType(tfloatinst(ts)) FROM tbl_tfloats WHERE numInstants(ts) = 1;
 temporaltype 
--------------
 Instant
(1 row)

SELECT DISTINCT temporalType(tfloati(ts)) FROM tbl_tfloats WHERE timespan(ts) = '00:00:00';
 temporaltype 
--------------
 InstantSet
(1 row)

SELECT DISTINCT temporalType(tfloatseq(ts)) FROM tbl_tfloats WHERE numSequences(ts) = 1;
 temporaltype 
--------------
 Sequence
(1 row)

SELECT DISTINCT temporalType(tfloats(ts)) FROM tbl_tfloats;
 temporaltype 
--------------
 
 SequenceSet
(2 rows)

SELECT DISTINCT temporalType(ttextinst(ts)) FROM tbl_ttexts WHERE numInstants(ts) = 1;
 temporaltype 
--------------
(0 rows)

SELECT DISTINCT temporalType(ttexti(ts)) FROM tbl_ttexts WHERE timespan(ts) = '00:00:00';
 temporaltype 
--------------
(0 rows)

SELECT DISTINCT temporalType(ttextseq(ts)) FROM tbl_ttexts WHERE numSequences(ts) = 1;
 temporaltype 
--------------
 Sequence
(1 row)

SELECT DISTINCT temporalType(ttexts(ts)) FROM tbl_ttexts;
 temporaltype 
--------------
 
 SequenceSet
(2 rows)

SELECT MAX(numInstants(appendInstant(temp, shift(endInstant(temp), '5 min')))) FROM tbl_tbool;
 max 
-----
  52
(1 row)

SELECT MAX(numInstants(appendInstant(temp, shift(endInstant(temp), '5 min')))) FROM tbl_tint;
 max 
-----
  45
(1 row)

SELECT MAX(numInstants(appendInstant(temp, shift(endInstant(temp), '5 min')))) FROM tbl_tfloat;
 max 
-----
  53
(1 row)

SELECT MAX(numInstants(appendInstant(temp, shift(endInstant(temp), '5 min')))) FROM tbl_ttext;
 max 
-----
  59
(1 row)

SELECT COUNT(*) FROM tbl_tintinst WHERE tfloat(inst) IS NOT NULL;
 count 
-------
    99
(1 row)

SELECT COUNT(*) FROM tbl_tinti WHERE tfloat(ti) IS NOT NULL;
 count 
-------
    99
(1 row)

SELECT COUNT(*) FROM tbl_tintseq WHERE tfloat(seq) IS NOT NULL;
 count 
-------
    99
(1 row)

SELECT COUNT(*) FROM tbl_tints WHERE tfloat(ts) IS NOT NULL;
 count 
-------
    99
(1 row)

SELECT DISTINCT temporalType(temp) FROM tbl_tbool ORDER BY 1;
 temporaltype 
--------------
 Instant
 InstantSet
 Sequence
 SequenceSet
 
(5 rows)

SELECT DISTINCT temporalType(temp) FROM tbl_tint ORDER BY 1;
 temporaltype 
--------------
 Instant
 InstantSet
 Sequence
 SequenceSet
 
(5 rows)

SELECT DISTINCT temporalType(temp) FROM tbl_tfloat ORDER BY 1;
 temporaltype 
--------------
 Instant
 InstantSet
 Sequence
 SequenceSet
 
(5 rows)

SELECT DISTINCT temporalType(temp) FROM tbl_ttext ORDER BY 1;
 temporaltype 
--------------
 Instant
 InstantSet
 Sequence
 SequenceSet
 
(5 rows)

SELECT MAX(memSize(temp)) FROM tbl_tbool;
 max  
------
 1904
(1 row)

SELECT MAX(memSize(temp)) FROM tbl_tint;
 max  
------
 1976
(1 row)

SELECT MAX(memSize(temp)) FROM tbl_tfloat;
 max  
------
 1936
(1 row)

SELECT MAX(memSize(temp)) FROM tbl_ttext;
 max  
------
 1752
(1 row)

/*
SELECT period(temp) FROM tbl_tbool;
SELECT box(temp) FROM tbl_tint;
SELECT box(temp) FROM tbl_tfloat;
SELECT period(temp) FROM tbl_ttext;
*/
SELECT DISTINCT getValue(inst) FROM tbl_tboolinst;
 getvalue 
----------
 
 f
 t
(3 rows)

SELECT MAX(getValue(inst)) FROM tbl_tintinst;
 max 
-----
  97
(1 row)

SELECT round(MAX(getValue(inst))::numeric, 6) FROM tbl_tfloatinst;
   round   
-----------
 99.511055
(1 row)

SELECT MAX(getValue(inst)) FROM tbl_ttextinst;
 max 
-----
 YXD
(1 row)

SELECT MAX(array_length(getValues(temp), 1)) FROM tbl_tbool;
 max 
-----
   2
(1 row)

SELECT MAX(array_length(getValues(temp), 1)) FROM tbl_tint;
 max 
-----
  35
(1 row)

SELECT MAX(array_length(getValues(temp), 1)) FROM tbl_tfloat;
 max 
-----
   9
(1 row)

SELECT MAX(array_length(getValues(temp), 1)) FROM tbl_ttext;
 max 
-----
  54
(1 row)

SELECT round(MAX(upper(valueRange(temp)))::numeric, 6) FROM tbl_tint;
   round    
------------
 100.000000
(1 row)

SELECT round(MAX(upper(valueRange(temp)))::numeric, 6) FROM tbl_tfloat;
   round   
-----------
 99.917602
(1 row)

SELECT DISTINCT startValue(temp) FROM tbl_tbool;
 startvalue 
------------
 f
 
 t
(3 rows)

SELECT MAX(startValue(temp)) FROM tbl_tint;
 max 
-----
  99
(1 row)

SELECT round(MAX(startValue(temp))::numeric, 6) FROM tbl_tfloat;
   round   
-----------
 99.393268
(1 row)

SELECT MAX(startValue(temp)) FROM tbl_ttext;
    max     
------------
 YRUDSESIDA
(1 row)

SELECT DISTINCT endValue(temp) FROM tbl_tbool;
 endvalue 
----------
 f
 
 t
(3 rows)

SELECT MAX(endValue(temp)) FROM tbl_tint;
 max 
-----
  96
(1 row)

SELECT round(MAX(endValue(temp))::numeric, 6) FROM tbl_tfloat;
   round   
-----------
 99.393268
(1 row)

SELECT MAX(endValue(temp)) FROM tbl_ttext;
    max    
-----------
 YLPUJRAAR
(1 row)

SELECT MAX(minValue(temp)) FROM tbl_tint;
 max 
-----
  96
(1 row)

SELECT round(MAX(minValue(temp))::numeric, 6) FROM tbl_tfloat;
   round   
-----------
 99.393268
(1 row)

SELECT MAX(minValue(temp)) FROM tbl_ttext;
    max    
-----------
 YLPUJRAAR
(1 row)

SELECT MAX(maxValue(temp)) FROM tbl_tint;
 max 
-----
  99
(1 row)

SELECT round(MAX(maxValue(temp))::numeric, 6) FROM tbl_tfloat;
   round   
-----------
 99.917602
(1 row)

SELECT MAX(maxValue(temp)) FROM tbl_ttext;
   max   
---------
 YYNIIIN
(1 row)

SELECT MAX(getTimestamp(inst)) FROM tbl_tboolinst;
          max           
------------------------
 2001-12-24 13:41:00+00
(1 row)

SELECT MAX(getTimestamp(inst)) FROM tbl_tintinst;
          max           
------------------------
 2001-12-27 07:03:00+00
(1 row)

SELECT MAX(getTimestamp(inst)) FROM tbl_tfloatinst;
          max           
------------------------
 2001-12-27 08:54:00+00
(1 row)

SELECT MAX(getTimestamp(inst)) FROM tbl_ttextinst;
          max           
------------------------
 2001-12-30 18:54:00+00
(1 row)

SELECT MAX(timespan(getTime(temp))) FROM tbl_tbool;
   max    
----------
 05:39:00
(1 row)

SELECT MAX(timespan(getTime(temp))) FROM tbl_tint;
   max    
----------
 04:01:00
(1 row)

SELECT MAX(timespan(getTime(temp))) FROM tbl_tfloat;
   max    
----------
 04:55:00
(1 row)

SELECT MAX(timespan(getTime(temp))) FROM tbl_ttext;
   max    
----------
 05:34:00
(1 row)

SELECT MAX(duration(period(temp))) FROM tbl_tbool;
   max    
----------
 05:39:00
(1 row)

SELECT MAX(duration(period(temp))) FROM tbl_tint;
   max    
----------
 04:01:00
(1 row)

SELECT MAX(duration(period(temp))) FROM tbl_tfloat;
   max    
----------
 04:55:00
(1 row)

SELECT MAX(duration(period(temp))) FROM tbl_ttext;
   max    
----------
 05:34:00
(1 row)

SELECT MAX(timespan(temp)) FROM tbl_tbool;
   max    
----------
 05:39:00
(1 row)

SELECT MAX(timespan(temp)) FROM tbl_tint;
   max    
----------
 04:01:00
(1 row)

SELECT MAX(timespan(temp)) FROM tbl_tfloat;
   max    
----------
 04:55:00
(1 row)

SELECT MAX(timespan(temp)) FROM tbl_ttext;
   max    
----------
 05:34:00
(1 row)

SELECT MAX(numSequences(seq)) FROM tbl_tboolseq;
 max 
-----
   1
(1 row)

SELECT MAX(numSequences(seq)) FROM tbl_tintseq;
 max 
-----
   1
(1 row)

SELECT MAX(numSequences(seq)) FROM tbl_tfloatseq;
 max 
-----
   1
(1 row)

SELECT MAX(numSequences(seq)) FROM tbl_ttextseq;
 max 
-----
   1
(1 row)

SELECT MAX(timespan(startSequence(seq))) FROM tbl_tboolseq;
   max    
----------
 00:46:00
(1 row)

SELECT MAX(timespan(startSequence(seq))) FROM tbl_tintseq;
   max    
----------
 00:46:00
(1 row)

SELECT MAX(timespan(startSequence(seq))) FROM tbl_tfloatseq;
   max    
----------
 00:59:00
(1 row)

SELECT MAX(timespan(startSequence(seq))) FROM tbl_ttextseq;
   max    
----------
 00:53:00
(1 row)

SELECT MAX(timespan(endSequence(seq))) FROM tbl_tboolseq;
   max    
----------
 00:46:00
(1 row)

SELECT MAX(timespan(endSequence(seq))) FROM tbl_tintseq;
   max    
----------
 00:46:00
(1 row)

SELECT MAX(timespan(endSequence(seq))) FROM tbl_tfloatseq;
   max    
----------
 00:59:00
(1 row)

SELECT MAX(timespan(endSequence(seq))) FROM tbl_ttextseq;
   max    
----------
 00:53:00
(1 row)

SELECT MAX(timespan(sequenceN(seq, numSequences(seq)))) FROM tbl_tboolseq;
   max    
----------
 00:46:00
(1 row)

SELECT MAX(timespan(sequenceN(seq, numSequences(seq)))) FROM tbl_tintseq;
   max    
----------
 00:46:00
(1 row)

SELECT MAX(timespan(sequenceN(seq, numSequences(seq)))) FROM tbl_tfloatseq;
   max    
----------
 00:59:00
(1 row)

SELECT MAX(timespan(sequenceN(seq, numSequences(seq)))) FROM tbl_ttextseq;
   max    
----------
 00:53:00
(1 row)

SELECT MAX(array_length(sequences(seq),1)) FROM tbl_tboolseq;
 max 
-----
   1
(1 row)

SELECT MAX(array_length(sequences(seq),1)) FROM tbl_tintseq;
 max 
-----
   1
(1 row)

SELECT MAX(array_length(sequences(seq),1)) FROM tbl_tfloatseq;
 max 
-----
   1
(1 row)

SELECT MAX(array_length(sequences(seq),1)) FROM tbl_ttextseq;
 max 
-----
   1
(1 row)

SELECT MAX(numSequences(ts)) FROM tbl_tbools;
 max 
-----
   9
(1 row)

SELECT MAX(numSequences(ts)) FROM tbl_tints;
 max 
-----
   9
(1 row)

SELECT MAX(numSequences(ts)) FROM tbl_tfloats;
 max 
-----
   9
(1 row)

SELECT MAX(numSequences(ts)) FROM tbl_ttexts;
 max 
-----
   9
(1 row)

SELECT MAX(timespan(startSequence(ts))) FROM tbl_tbools;
   max    
----------
 00:44:00
(1 row)

SELECT MAX(timespan(startSequence(ts))) FROM tbl_tints;
   max    
----------
 00:51:00
(1 row)

SELECT MAX(timespan(startSequence(ts))) FROM tbl_tfloats;
   max    
----------
 00:48:00
(1 row)

SELECT MAX(timespan(startSequence(ts))) FROM tbl_ttexts;
   max    
----------
 00:54:00
(1 row)

SELECT MAX(timespan(endSequence(ts))) FROM tbl_tbools;
   max    
----------
 00:52:00
(1 row)

SELECT MAX(timespan(endSequence(ts))) FROM tbl_tints;
   max    
----------
 00:47:00
(1 row)

SELECT MAX(timespan(endSequence(ts))) FROM tbl_tfloats;
   max    
----------
 00:50:00
(1 row)

SELECT MAX(timespan(endSequence(ts))) FROM tbl_ttexts;
   max    
----------
 00:56:00
(1 row)

SELECT MAX(timespan(sequenceN(ts, numSequences(ts)))) FROM tbl_tbools;
   max    
----------
 00:52:00
(1 row)

SELECT MAX(timespan(sequenceN(ts, numSequences(ts)))) FROM tbl_tints;
   max    
----------
 00:47:00
(1 row)

SELECT MAX(timespan(sequenceN(ts, numSequences(ts)))) FROM tbl_tfloats;
   max    
----------
 00:50:00
(1 row)

SELECT MAX(timespan(sequenceN(ts, numSequences(ts)))) FROM tbl_ttexts;
   max    
----------
 00:56:00
(1 row)

SELECT MAX(array_length(sequences(ts),1)) FROM tbl_tbools;
 max 
-----
   9
(1 row)

SELECT MAX(array_length(sequences(ts),1)) FROM tbl_tints;
 max 
-----
   9
(1 row)

SELECT MAX(array_length(sequences(ts),1)) FROM tbl_tfloats;
 max 
-----
   9
(1 row)

SELECT MAX(array_length(sequences(ts),1)) FROM tbl_ttexts;
 max 
-----
   9
(1 row)

SELECT MAX(numInstants(temp)) FROM tbl_tbool;
 max 
-----
  52
(1 row)

SELECT MAX(numInstants(temp)) FROM tbl_tint;
 max 
-----
  45
(1 row)

SELECT MAX(numInstants(temp)) FROM tbl_tfloat;
 max 
-----
  52
(1 row)

SELECT MAX(numInstants(temp)) FROM tbl_ttext;
 max 
-----
  59
(1 row)

SELECT COUNT(startInstant(temp)) FROM tbl_tbool;
 count 
-------
    96
(1 row)

SELECT COUNT(startInstant(temp)) FROM tbl_tint;
 count 
-------
    96
(1 row)

SELECT COUNT(startInstant(temp)) FROM tbl_tfloat;
 count 
-------
    96
(1 row)

SELECT COUNT(startInstant(temp)) FROM tbl_ttext;
 count 
-------
    96
(1 row)

SELECT COUNT(endInstant(temp)) FROM tbl_tbool;
 count 
-------
    96
(1 row)

SELECT COUNT(endInstant(temp)) FROM tbl_tint;
 count 
-------
    96
(1 row)

SELECT COUNT(endInstant(temp)) FROM tbl_tfloat;
 count 
-------
    96
(1 row)

SELECT COUNT(endInstant(temp)) FROM tbl_ttext;
 count 
-------
    96
(1 row)

SELECT COUNT(instantN(temp, numInstants(temp))) FROM tbl_tbool;
 count 
-------
    96
(1 row)

SELECT COUNT(instantN(temp, numInstants(temp))) FROM tbl_tint;
 count 
-------
    96
(1 row)

SELECT COUNT(instantN(temp, numInstants(temp))) FROM tbl_tfloat;
 count 
-------
    96
(1 row)

SELECT COUNT(instantN(temp, numInstants(temp))) FROM tbl_ttext;
 count 
-------
    96
(1 row)

SELECT MAX(array_length(instants(temp),1)) FROM tbl_tbool;
 max 
-----
  52
(1 row)

SELECT MAX(array_length(instants(temp),1)) FROM tbl_tint;
 max 
-----
  45
(1 row)

SELECT MAX(array_length(instants(temp),1)) FROM tbl_tfloat;
 max 
-----
  52
(1 row)

SELECT MAX(array_length(instants(temp),1)) FROM tbl_ttext;
 max 
-----
  59
(1 row)

SELECT MAX(numTimestamps(temp)) FROM tbl_tbool;
 max 
-----
  52
(1 row)

SELECT MAX(numTimestamps(temp)) FROM tbl_tint;
 max 
-----
  45
(1 row)

SELECT MAX(numTimestamps(temp)) FROM tbl_tfloat;
 max 
-----
  52
(1 row)

SELECT MAX(numTimestamps(temp)) FROM tbl_ttext;
 max 
-----
  59
(1 row)

SELECT MAX(startTimestamp(temp)) FROM tbl_tbool;
          max           
------------------------
 2001-12-20 23:58:00+00
(1 row)

SELECT MAX(startTimestamp(temp)) FROM tbl_tint;
          max           
------------------------
 2001-12-27 07:03:00+00
(1 row)

SELECT MAX(startTimestamp(temp)) FROM tbl_tfloat;
          max           
------------------------
 2001-12-22 07:32:00+00
(1 row)

SELECT MAX(startTimestamp(temp)) FROM tbl_ttext;
          max           
------------------------
 2001-12-03 06:27:00+00
(1 row)

SELECT MAX(endTimestamp(temp)) FROM tbl_tbool;
          max           
------------------------
 2001-12-21 00:03:00+00
(1 row)

SELECT MAX(endTimestamp(temp)) FROM tbl_tint;
          max           
------------------------
 2001-12-27 07:03:00+00
(1 row)

SELECT MAX(endTimestamp(temp)) FROM tbl_tfloat;
          max           
------------------------
 2001-12-22 08:07:00+00
(1 row)

SELECT MAX(endTimestamp(temp)) FROM tbl_ttext;
          max           
------------------------
 2001-12-03 07:20:00+00
(1 row)

SELECT MAX(timestampN(temp, numTimestamps(temp))) FROM tbl_tbool;
          max           
------------------------
 2001-12-21 00:03:00+00
(1 row)

SELECT MAX(timestampN(temp, numTimestamps(temp))) FROM tbl_tint;
          max           
------------------------
 2001-12-27 07:03:00+00
(1 row)

SELECT MAX(timestampN(temp, numTimestamps(temp))) FROM tbl_tfloat;
          max           
------------------------
 2001-12-22 08:07:00+00
(1 row)

SELECT MAX(timestampN(temp, numTimestamps(temp))) FROM tbl_ttext;
          max           
------------------------
 2001-12-03 07:20:00+00
(1 row)

SELECT MAX(array_length(timestamps(temp),1)) FROM tbl_tbool;
 max 
-----
  52
(1 row)

SELECT MAX(array_length(timestamps(temp),1)) FROM tbl_tint;
 max 
-----
  45
(1 row)

SELECT MAX(array_length(timestamps(temp),1)) FROM tbl_tfloat;
 max 
-----
  52
(1 row)

SELECT MAX(array_length(timestamps(temp),1)) FROM tbl_ttext;
 max 
-----
  59
(1 row)

SELECT COUNT(shift(temp, i)) FROM tbl_tbool, tbl_interval;
 count 
-------
  9504
(1 row)

SELECT COUNT(shift(temp, i)) FROM tbl_tint, tbl_interval;
 count 
-------
  9504
(1 row)

SELECT COUNT(shift(temp, i)) FROM tbl_tfloat, tbl_interval;
 count 
-------
  9504
(1 row)

SELECT COUNT(shift(temp, i)) FROM tbl_ttext, tbl_interval;
 count 
-------
  9504
(1 row)

SELECT COUNT(tscale(temp, i)) FROM tbl_tbool, tbl_interval;
 count 
-------
  9504
(1 row)

SELECT COUNT(tscale(temp, i)) FROM tbl_tint, tbl_interval;
 count 
-------
  9504
(1 row)

SELECT COUNT(tscale(temp, i)) FROM tbl_tfloat, tbl_interval;
 count 
-------
  9504
(1 row)

SELECT COUNT(tscale(temp, i)) FROM tbl_ttext, tbl_interval;
 count 
-------
  9504
(1 row)

SELECT COUNT(shiftTscale(temp, i, i)) FROM tbl_tbool, tbl_interval;
 count 
-------
  9504
(1 row)

SELECT COUNT(shiftTscale(temp, i, i)) FROM tbl_tint, tbl_interval;
 count 
-------
  9504
(1 row)

SELECT COUNT(shiftTscale(temp, i, i)) FROM tbl_tfloat, tbl_interval;
 count 
-------
  9504
(1 row)

SELECT COUNT(shiftTscale(temp, i, i)) FROM tbl_ttext, tbl_interval;
 count 
-------
  9504
(1 row)

SELECT COUNT(*) FROM tbl_tbool WHERE temp ?= startValue(temp);
 count 
-------
    96
(1 row)

SELECT COUNT(*) FROM tbl_tint WHERE temp ?= startValue(temp);
 count 
-------
    96
(1 row)

SELECT COUNT(*) FROM tbl_tfloat WHERE temp ?= startValue(temp);
 count 
-------
    91
(1 row)

SELECT COUNT(*) FROM tbl_ttext WHERE temp ?= startValue(temp);
 count 
-------
    96
(1 row)

SELECT COUNT(*) FROM tbl_tbool WHERE temp %= true;
 count 
-------
    14
(1 row)

SELECT COUNT(*) FROM tbl_tint, tbl_int WHERE temp %= i;
 count 
-------
    24
(1 row)

SELECT COUNT(*) FROM tbl_tfloat, tbl_float WHERE temp %= f;
 count 
-------
     0
(1 row)

SELECT COUNT(*) FROM tbl_ttext, tbl_text WHERE temp %= t;
 count 
-------
     1
(1 row)

SELECT COUNT(*) FROM tbl_tbool WHERE temp ?<> startValue(temp);
 count 
-------
    62
(1 row)

SELECT COUNT(*) FROM tbl_tint WHERE temp ?<> startValue(temp);
 count 
-------
    64
(1 row)

SELECT COUNT(*) FROM tbl_tfloat WHERE temp ?<> startValue(temp);
 count 
-------
    61
(1 row)

SELECT COUNT(*) FROM tbl_ttext WHERE temp ?<> startValue(temp);
 count 
-------
    64
(1 row)

SELECT COUNT(*) FROM tbl_tbool WHERE temp %<> true;
 count 
-------
    20
(1 row)

SELECT COUNT(*) FROM tbl_tint, tbl_int WHERE temp %<> i;
 count 
-------
  8862
(1 row)

SELECT COUNT(*) FROM tbl_tfloat, tbl_float WHERE temp %<> f;
 count 
-------
  6094
(1 row)

SELECT COUNT(*) FROM tbl_ttext, tbl_text WHERE temp %<> t;
 count 
-------
  9489
(1 row)

SELECT COUNT(*) FROM tbl_tint WHERE temp ?< startValue(temp);
 count 
-------
    55
(1 row)

SELECT COUNT(*) FROM tbl_tfloat WHERE temp ?< startValue(temp);
 count 
-------
    51
(1 row)

SELECT COUNT(*) FROM tbl_ttext WHERE temp ?< startValue(temp);
 count 
-------
    54
(1 row)

SELECT COUNT(*) FROM tbl_tint, tbl_int WHERE temp %< i;
 count 
-------
  2196
(1 row)

SELECT COUNT(*) FROM tbl_tfloat, tbl_float WHERE temp %< f;
 count 
-------
  2196
(1 row)

SELECT COUNT(*) FROM tbl_ttext, tbl_text WHERE temp %< t;
 count 
-------
  2276
(1 row)

SELECT COUNT(*) FROM tbl_tint WHERE temp ?<= startValue(temp);
 count 
-------
    96
(1 row)

SELECT COUNT(*) FROM tbl_tfloat WHERE temp ?<= startValue(temp);
 count 
-------
    93
(1 row)

SELECT COUNT(*) FROM tbl_ttext WHERE temp ?<= startValue(temp);
 count 
-------
    96
(1 row)

SELECT COUNT(*) FROM tbl_tint, tbl_int WHERE temp %<= i;
 count 
-------
  2268
(1 row)

SELECT COUNT(*) FROM tbl_tfloat, tbl_float WHERE temp %<= f;
 count 
-------
  2196
(1 row)

SELECT COUNT(*) FROM tbl_ttext, tbl_text WHERE temp %<= t;
 count 
-------
  2278
(1 row)

SELECT COUNT(*) FROM tbl_tint WHERE temp ?> startValue(temp);
 count 
-------
    45
(1 row)

SELECT COUNT(*) FROM tbl_tfloat WHERE temp ?> startValue(temp);
 count 
-------
    55
(1 row)

SELECT COUNT(*) FROM tbl_ttext WHERE temp ?> startValue(temp);
 count 
-------
    48
(1 row)

SELECT COUNT(*) FROM tbl_tint, tbl_int WHERE temp %> i;
 count 
-------
  2685
(1 row)

SELECT COUNT(*) FROM tbl_tfloat, tbl_float WHERE temp %> f;
 count 
-------
  2821
(1 row)

SELECT COUNT(*) FROM tbl_ttext, tbl_text WHERE temp %> t;
 count 
-------
  2968
(1 row)

SELECT COUNT(*) FROM tbl_tint WHERE temp ?>= startValue(temp);
 count 
-------
    96
(1 row)

SELECT COUNT(*) FROM tbl_tfloat WHERE temp ?>= startValue(temp);
 count 
-------
    94
(1 row)

SELECT COUNT(*) FROM tbl_ttext WHERE temp ?>= startValue(temp);
 count 
-------
    96
(1 row)

SELECT COUNT(*) FROM tbl_tint, tbl_int WHERE temp %>= i;
 count 
-------
  2784
(1 row)

SELECT COUNT(*) FROM tbl_tfloat, tbl_float WHERE temp %>= f;
 count 
-------
  2821
(1 row)

SELECT COUNT(*) FROM tbl_ttext, tbl_text WHERE temp %>= t;
 count 
-------
  2970
(1 row)

SELECT COUNT(*) FROM tbl_tbool, tbl_timestamptz WHERE valueAtTimestamp(temp, t) IS NOT NULL;
 count 
-------
     0
(1 row)

SELECT COUNT(*) FROM tbl_tint, tbl_timestamptz WHERE valueAtTimestamp(temp, t) IS NOT NULL;
 count 
-------
     0
(1 row)

SELECT COUNT(*) FROM tbl_tfloat, tbl_timestamptz WHERE valueAtTimestamp(temp, t) IS NOT NULL;
 count 
-------
     0
(1 row)

SELECT COUNT(*) FROM tbl_ttext, tbl_timestamptz WHERE valueAtTimestamp(temp, t) IS NOT NULL;
 count 
-------
     0
(1 row)

SELECT COUNT(*) FROM tbl_tbool WHERE temp != merge(atValue(temp, true), minusValue(temp, true));
 count 
-------
     0
(1 row)

SELECT COUNT(*) FROM tbl_tint, tbl_int WHERE temp != merge(atValue(temp, i), minusValue(temp, i));
 count 
-------
     0
(1 row)

SELECT COUNT(*) FROM tbl_tfloat, tbl_float WHERE temp != merge(atValue(temp, f), minusValue(temp, f));
 count 
-------
     0
(1 row)

SELECT COUNT(*) FROM tbl_ttext, tbl_text WHERE temp != merge(atValue(temp, t), minusValue(temp, t));
 count 
-------
     0
(1 row)

SELECT COUNT(*) FROM tbl_tint, ( SELECT array_agg(i) AS arr FROM tbl_int WHERE i IS NOT NULL ) tmp
WHERE temp != merge(atValues(temp, arr), minusValues(temp, arr));
 count 
-------
     0
(1 row)

SELECT COUNT(*) FROM tbl_tfloat, ( SELECT array_agg(f) AS arr FROM tbl_float WHERE f IS NOT NULL ) tmp
WHERE temp != merge(atValues(temp, arr), minusValues(temp, arr));
 count 
-------
     0
(1 row)

SELECT COUNT(*) FROM tbl_ttext, ( SELECT array_agg(t) AS arr FROM tbl_text WHERE t IS NOT NULL ) tmp
WHERE temp != merge(atValues(temp, arr), minusValues(temp, arr));
 count 
-------
     0
(1 row)

SELECT COUNT(*) FROM tbl_tint, tbl_intrange WHERE temp != merge(atRange(temp, i), minusRange(temp, i));
 count 
-------
     0
(1 row)

SELECT COUNT(*) FROM tbl_tfloat, tbl_floatrange WHERE temp != merge(atRange(temp, f), minusRange(temp, f));
 count 
-------
     0
(1 row)

SELECT COUNT(*) FROM tbl_tint, ( SELECT array_agg(i) AS arr FROM tbl_intrange WHERE i IS NOT NULL ) tmp
WHERE temp != merge(atRanges(temp, arr), minusRanges(temp, arr));
 count 
-------
     0
(1 row)

SELECT COUNT(*) FROM tbl_tfloat, ( SELECT array_agg(f) AS arr FROM tbl_floatrange WHERE f IS NOT NULL ) tmp
WHERE temp != merge(atRanges(temp, arr), minusRanges(temp, arr));
 count 
-------
     0
(1 row)

SELECT COUNT(*) FROM tbl_tint WHERE temp != merge(atMin(temp), minusMin(temp));
 count 
-------
     0
(1 row)

SELECT COUNT(*) FROM tbl_tfloat WHERE temp != merge(atMin(temp), minusMin(temp));
 count 
-------
     0
(1 row)

SELECT COUNT(*) FROM tbl_ttext WHERE temp != merge(atMin(temp), minusMin(temp));
 count 
-------
     0
(1 row)

SELECT COUNT(*) FROM tbl_tint WHERE temp != merge(atMax(temp), minusMax(temp));
 count 
-------
     0
(1 row)

SELECT COUNT(*) FROM tbl_tfloat WHERE temp != merge(atMax(temp), minusMax(temp));
 count 
-------
     0
(1 row)

SELECT COUNT(*) FROM tbl_ttext WHERE temp != merge(atMax(temp), minusMax(temp));
 count 
-------
     0
(1 row)

SELECT COUNT(*) FROM tbl_tbool, tbl_timestamptz WHERE merge(atTimestamp(temp, t), minusTimestamp(temp, t)) != temp;
 count 
-------
     0
(1 row)

SELECT COUNT(*) FROM tbl_tint, tbl_timestamptz WHERE merge(atTimestamp(temp, t), minusTimestamp(temp, t)) != temp;
 count 
-------
     0
(1 row)

SELECT COUNT(*) FROM tbl_tfloat, tbl_timestamptz WHERE merge(atTimestamp(temp, t), minusTimestamp(temp, t)) != temp;
 count 
-------
     0
(1 row)

SELECT COUNT(*) FROM tbl_ttext, tbl_timestamptz WHERE merge(atTimestamp(temp, t), minusTimestamp(temp, t)) != temp;
 count 
-------
     0
(1 row)

SELECT COUNT(*) FROM tbl_tbool, tbl_timestampset WHERE merge(atTimestampSet(temp, ts), minusTimestampSet(temp, ts)) != temp;
 count 
-------
     0
(1 row)

SELECT COUNT(*) FROM tbl_tint, tbl_timestampset WHERE merge(atTimestampSet(temp, ts), minusTimestampSet(temp, ts)) != temp;
 count 
-------
     0
(1 row)

SELECT COUNT(*) FROM tbl_tfloat, tbl_timestampset WHERE merge(atTimestampSet(temp, ts), minusTimestampSet(temp, ts)) != temp;
 count 
-------
     0
(1 row)

SELECT COUNT(*) FROM tbl_ttext, tbl_timestampset WHERE merge(atTimestampSet(temp, ts), minusTimestampSet(temp, ts)) != temp;
 count 
-------
     0
(1 row)

SELECT COUNT(*) FROM tbl_tbool, tbl_period WHERE merge(atPeriod(temp, p), minusPeriod(temp, p)) != temp;
 count 
-------
     0
(1 row)

SELECT COUNT(*) FROM tbl_tint, tbl_period WHERE merge(atPeriod(temp, p), minusPeriod(temp, p)) != temp;
 count 
-------
     0
(1 row)

SELECT COUNT(*) FROM tbl_tfloat, tbl_period WHERE merge(atPeriod(temp, p), minusPeriod(temp, p)) != temp;
 count 
-------
     0
(1 row)

SELECT COUNT(*) FROM tbl_ttext, tbl_period WHERE merge(atPeriod(temp, p), minusPeriod(temp, p)) != temp;
 count 
-------
     0
(1 row)

SELECT COUNT(*) FROM tbl_tbool, tbl_periodset WHERE merge(atPeriodSet(temp, ps), minusPeriodSet(temp, ps)) != temp;
 count 
-------
     0
(1 row)

SELECT COUNT(*) FROM tbl_tint, tbl_periodset WHERE merge(atPeriodSet(temp, ps), minusPeriodSet(temp, ps)) != temp;
 count 
-------
     0
(1 row)

SELECT COUNT(*) FROM tbl_tfloat, tbl_periodset WHERE merge(atPeriodSet(temp, ps), minusPeriodSet(temp, ps)) != temp;
 count 
-------
     0
(1 row)

SELECT COUNT(*) FROM tbl_ttext, tbl_periodset WHERE merge(atPeriodSet(temp, ps), minusPeriodSet(temp, ps)) != temp;
 count 
-------
     0
(1 row)

SELECT COUNT(*) FROM tbl_tint, tbl_tbox WHERE temp != merge(atTbox(temp, b), minusTbox(temp, b));
 count 
-------
     0
(1 row)

SELECT COUNT(*) FROM tbl_tfloat, tbl_tbox WHERE temp != merge(atTbox(temp, b), minusTbox(temp, b));
 count 
-------
     0
(1 row)

SELECT COUNT(*) FROM tbl_tbool, tbl_timestamptz WHERE intersectsTimestamp(temp, t) IS NOT NULL;
 count 
-------
  9504
(1 row)

SELECT COUNT(*) FROM tbl_tint, tbl_timestamptz WHERE intersectsTimestamp(temp, t) IS NOT NULL;
 count 
-------
  9504
(1 row)

SELECT COUNT(*) FROM tbl_tfloat, tbl_timestamptz WHERE intersectsTimestamp(temp, t) IS NOT NULL;
 count 
-------
  9504
(1 row)

SELECT COUNT(*) FROM tbl_ttext, tbl_timestamptz WHERE intersectsTimestamp(temp, t) IS NOT NULL;
 count 
-------
  9504
(1 row)

SELECT COUNT(*) FROM tbl_tbool, tbl_timestampset WHERE intersectsTimestampSet(temp, ts) IS NOT NULL;
 count 
-------
  9504
(1 row)

SELECT COUNT(*) FROM tbl_tint, tbl_timestampset WHERE intersectsTimestampSet(temp, ts) IS NOT NULL;
 count 
-------
  9504
(1 row)

SELECT COUNT(*) FROM tbl_tfloat, tbl_timestampset WHERE intersectsTimestampSet(temp, ts) IS NOT NULL;
 count 
-------
  9504
(1 row)

SELECT COUNT(*) FROM tbl_ttext, tbl_timestampset WHERE intersectsTimestampSet(temp, ts) IS NOT NULL;
 count 
-------
  9504
(1 row)

SELECT COUNT(*) FROM tbl_tbool, tbl_period WHERE intersectsPeriod(temp, p) IS NOT NULL;
 count 
-------
  9504
(1 row)

SELECT COUNT(*) FROM tbl_tint, tbl_period WHERE intersectsPeriod(temp, p) IS NOT NULL;
 count 
-------
  9504
(1 row)

SELECT COUNT(*) FROM tbl_tfloat, tbl_period WHERE intersectsPeriod(temp, p) IS NOT NULL;
 count 
-------
  9504
(1 row)

SELECT COUNT(*) FROM tbl_ttext, tbl_period WHERE intersectsPeriod(temp, p) IS NOT NULL;
 count 
-------
  9504
(1 row)

SELECT COUNT(*) FROM tbl_tbool, tbl_periodset WHERE intersectsPeriodSet(temp, ps) IS NOT NULL;
 count 
-------
  9504
(1 row)

SELECT COUNT(*) FROM tbl_tint, tbl_periodset WHERE intersectsPeriodSet(temp, ps) IS NOT NULL;
 count 
-------
  9504
(1 row)

SELECT COUNT(*) FROM tbl_tfloat, tbl_periodset WHERE intersectsPeriodSet(temp, ps) IS NOT NULL;
 count 
-------
  9504
(1 row)

SELECT COUNT(*) FROM tbl_ttext, tbl_periodset WHERE intersectsPeriodSet(temp, ps) IS NOT NULL;
 count 
-------
  9504
(1 row)

SELECT round(sum(integral(temp))::numeric, 6) FROM tbl_tint;
        round         
----------------------
 8155740000000.000000
(1 row)

SELECT round(sum(integral(temp))::numeric, 6) FROM tbl_tfloat;
         round         
-----------------------
 10401464944413.900000
(1 row)

SELECT round(sum(twAvg(temp))::numeric, 6) FROM tbl_tint;
    round    
-------------
 4949.834809
(1 row)

SELECT round(sum(twAvg(temp))::numeric, 6) FROM tbl_tfloat;
    round    
-------------
 5093.166481
(1 row)

SELECT COUNT(*) FROM tbl_tbool t1, tbl_tbool t2
WHERE t1.temp = t2.temp;
 count 
-------
   106
(1 row)

SELECT COUNT(*) FROM tbl_tbool t1, tbl_tbool t2
WHERE t1.temp <> t2.temp;
 count 
-------
  9110
(1 row)

SELECT COUNT(*) FROM tbl_tbool t1, tbl_tbool t2
WHERE t1.temp < t2.temp;
 count 
-------
  4555
(1 row)

SELECT COUNT(*) FROM tbl_tbool t1, tbl_tbool t2
WHERE t1.temp <= t2.temp;
 count 
-------
   106
(1 row)

SELECT COUNT(*) FROM tbl_tbool t1, tbl_tbool t2
WHERE t1.temp > t2.temp;
 count 
-------
  4555
(1 row)

SELECT COUNT(*) FROM tbl_tbool t1, tbl_tbool t2
WHERE t1.temp >= t2.temp;
 count 
-------
  4661
(1 row)

SELECT COUNT(*) FROM tbl_tint t1, tbl_tint t2
WHERE t1.temp = t2.temp;
 count 
-------
   104
(1 row)

SELECT COUNT(*) FROM tbl_tint t1, tbl_tint t2
WHERE t1.temp <> t2.temp;
 count 
-------
  9112
(1 row)

SELECT COUNT(*) FROM tbl_tint t1, tbl_tint t2
WHERE t1.temp < t2.temp;
 count 
-------
  4556
(1 row)

SELECT COUNT(*) FROM tbl_tint t1, tbl_tint t2
WHERE t1.temp <= t2.temp;
 count 
-------
   104
(1 row)

SELECT COUNT(*) FROM tbl_tint t1, tbl_tint t2
WHERE t1.temp > t2.temp;
 count 
-------
  4556
(1 row)

SELECT COUNT(*) FROM tbl_tint t1, tbl_tint t2
WHERE t1.temp >= t2.temp;
 count 
-------
  4660
(1 row)

SELECT COUNT(*) FROM tbl_tfloat t1, tbl_tfloat t2
WHERE t1.temp = t2.temp;
 count 
-------
   106
(1 row)

SELECT COUNT(*) FROM tbl_tfloat t1, tbl_tfloat t2
WHERE t1.temp <> t2.temp;
 count 
-------
  9110
(1 row)

SELECT COUNT(*) FROM tbl_tfloat t1, tbl_tfloat t2
WHERE t1.temp < t2.temp;
 count 
-------
  4555
(1 row)

SELECT COUNT(*) FROM tbl_tfloat t1, tbl_tfloat t2
WHERE t1.temp <= t2.temp;
 count 
-------
   106
(1 row)

SELECT COUNT(*) FROM tbl_tfloat t1, tbl_tfloat t2
WHERE t1.temp > t2.temp;
 count 
-------
  4555
(1 row)

SELECT COUNT(*) FROM tbl_tfloat t1, tbl_tfloat t2
WHERE t1.temp >= t2.temp;
 count 
-------
  4661
(1 row)

SELECT COUNT(*) FROM tbl_ttext t1, tbl_ttext t2
WHERE t1.temp = t2.temp;
 count 
-------
   108
(1 row)

SELECT COUNT(*) FROM tbl_ttext t1, tbl_ttext t2
WHERE t1.temp <> t2.temp;
 count 
-------
  9108
(1 row)

SELECT COUNT(*) FROM tbl_ttext t1, tbl_ttext t2
WHERE t1.temp < t2.temp;
 count 
-------
  4554
(1 row)

SELECT COUNT(*) FROM tbl_ttext t1, tbl_ttext t2
WHERE t1.temp <= t2.temp;
 count 
-------
   108
(1 row)

SELECT COUNT(*) FROM tbl_ttext t1, tbl_ttext t2
WHERE t1.temp > t2.temp;
 count 
-------
  4554
(1 row)

SELECT COUNT(*) FROM tbl_ttext t1, tbl_ttext t2
WHERE t1.temp >= t2.temp;
 count 
-------
  4662
(1 row)

