SELECT SUM(valueBucket(i, 2)) FROM tbl_int;
 sum  
------
 4828
(1 row)

SELECT SUM(valueBucket(i, 2, 1)) FROM tbl_int;
 sum  
------
 4825
(1 row)

SELECT SUM(valueBucket(f, 2.5)) FROM tbl_float;
  sum   
--------
 4712.5
(1 row)

SELECT SUM(valueBucket(f, 2.5, 1.5)) FROM tbl_float;
 sum  
------
 4706
(1 row)

SELECT timeBucket(t, '1 week'), COUNT(*) FROM tbl_timestamptz GROUP BY 1 ORDER BY 2 DESC LIMIT 3;
       timebucket       | count 
------------------------+-------
 2001-06-11 00:00:00+00 |     6
 2001-09-17 00:00:00+00 |     6
 2001-03-26 00:00:00+00 |     5
(3 rows)

SELECT timeBucket(t, '1 week', timestamptz '2001-06-01'), COUNT(*) FROM tbl_timestamptz GROUP BY 1 ORDER BY 2 DESC LIMIT 3;
       timebucket       | count 
------------------------+-------
 2001-09-14 00:00:00+00 |     8
 2001-03-30 00:00:00+00 |     5
 2001-10-05 00:00:00+00 |     4
(3 rows)

SELECT (bl).index, COUNT((bl).range) FROM (SELECT bucketList(i, 2) AS bl FROM tbl_intrange) t GROUP BY 1 ORDER BY 2 DESC LIMIT 3;
 index | count 
-------+-------
    20 |    11
    44 |    10
    19 |    10
(3 rows)

SELECT (bl).index, COUNT((bl).range) FROM (SELECT bucketList(i, 2, 1) AS bl FROM tbl_intrange) t GROUP BY 1 ORDER BY 2 DESC LIMIT 3;
 index | count 
-------+-------
    20 |    11
    44 |    10
    19 |    10
(3 rows)

SELECT (bl).index, COUNT((bl).range) FROM (SELECT bucketList(f, 2) AS bl FROM tbl_floatrange) t GROUP BY 1 ORDER BY 2 DESC LIMIT 3;
 index | count 
-------+-------
    29 |    16
    28 |    14
    30 |    13
(3 rows)

SELECT (bl).index, COUNT((bl).range) FROM (SELECT bucketList(f, 2.5, 1.5) AS bl FROM tbl_floatrange) t GROUP BY 1 ORDER BY 2 DESC LIMIT 3;
 index | count 
-------+-------
    23 |    17
    28 |    13
    24 |    13
(3 rows)

SELECT (bl).index, COUNT((bl).period) FROM (SELECT bucketList(p, '2 days') AS bl FROM tbl_period) t GROUP BY 1 ORDER BY 2 DESC LIMIT 3;
 index | count 
-------+-------
   239 |     3
   302 |     3
   242 |     3
(3 rows)

SELECT (bl).index, COUNT((bl).period) FROM (SELECT bucketList(p, '2 days', '2001-06-01') AS bl FROM tbl_period) t GROUP BY 1 ORDER BY 2 DESC LIMIT 3;
 index | count 
-------+-------
   -15 |     3
   -18 |     3
    95 |     3
(3 rows)

SELECT bucketIntRange(i, 2), COUNT(*) FROM tbl_int GROUP BY 1 ORDER BY 2 DESC, 1 LIMIT 3;
 bucketintrange | count 
----------------+-------
 [148,150)      |     5
 [152,154)      |     4
 [4,6)          |     3
(3 rows)

SELECT bucketIntRange(i, 2, 1), COUNT(*) FROM tbl_int GROUP BY 1 ORDER BY 2 DESC, 1 LIMIT 3;
 bucketintrange | count 
----------------+-------
 [149,151)      |     5
 [153,155)      |     4
 [5,7)          |     3
(3 rows)

SELECT bucketFloatRange(i, 2.5), COUNT(*) FROM tbl_int GROUP BY 1 ORDER BY 2 DESC, 1 LIMIT 3;
 bucketfloatrange | count 
------------------+-------
 [185,187.5)      |     5
 [190,192.5)      |     4
 [5,7.5)          |     3
(3 rows)

SELECT bucketFloatRange(i, 2.5, 1.5), COUNT(*) FROM tbl_int GROUP BY 1 ORDER BY 2 DESC, 1 LIMIT 3;
 bucketfloatrange | count 
------------------+-------
 [186.5,189)      |     5
 [191.5,194)      |     4
 [6.5,9)          |     3
(3 rows)

SELECT bucketPeriod(i, '2 days'), COUNT(*) FROM tbl_int GROUP BY 1 ORDER BY 2 DESC, 1 LIMIT 3;
                   bucketperiod                   | count 
--------------------------------------------------+-------
 [2000-05-30 00:00:00+00, 2000-06-01 00:00:00+00) |     5
 [2000-06-03 00:00:00+00, 2000-06-05 00:00:00+00) |     4
 [2000-01-07 00:00:00+00, 2000-01-09 00:00:00+00) |     3
(3 rows)

SELECT bucketPeriod(i, '2 days', '2001-06-01'), COUNT(*) FROM tbl_int GROUP BY 1 ORDER BY 2 DESC, 1 LIMIT 3;
                   bucketperiod                   | count 
--------------------------------------------------+-------
 [2001-10-27 00:00:00+00, 2001-10-29 00:00:00+00) |     5
 [2001-10-31 00:00:00+00, 2001-11-02 00:00:00+00) |     4
 [2001-06-05 00:00:00+00, 2001-06-07 00:00:00+00) |     3
(3 rows)

SELECT multidimGrid(b, 2.5, '1 week'), COUNT(*) FROM tbl_tbox GROUP BY 1 ORDER BY 2 DESC, 1 LIMIT 3;
                                 multidimgrid                                 | count 
------------------------------------------------------------------------------+-------
 ("{3,100}","TBOX((7.5,2001-12-03 00:00:00+00),(10,2001-12-10 00:00:00+00))") |     2
 ("{4,53}","TBOX((10,2001-01-08 00:00:00+00),(12.5,2001-01-15 00:00:00+00))") |     2
 ("{4,60}","TBOX((10,2001-02-26 00:00:00+00),(12.5,2001-03-05 00:00:00+00))") |     2
(3 rows)

SELECT multidimGrid(b, 2.5, '1 week', 1.5), COUNT(*) FROM tbl_tbox GROUP BY 1 ORDER BY 2 DESC, 1 LIMIT 3;
                                 multidimgrid                                 | count 
------------------------------------------------------------------------------+-------
 ("{3,100}","TBOX((9,2001-12-03 00:00:00+00),(11.5,2001-12-10 00:00:00+00))") |     2
 ("{4,53}","TBOX((11.5,2001-01-08 00:00:00+00),(14,2001-01-15 00:00:00+00))") |     2
 ("{4,60}","TBOX((11.5,2001-02-26 00:00:00+00),(14,2001-03-05 00:00:00+00))") |     2
(3 rows)

SELECT multidimGrid(b, 2.5, '1 week', 1.5, '2001-06-01'), COUNT(*) FROM tbl_tbox GROUP BY 1 ORDER BY 2 DESC, 1 LIMIT 3;
                                 multidimgrid                                  | count 
-------------------------------------------------------------------------------+-------
 ("{3,27}","TBOX((9,2001-12-07 00:00:00+00),(11.5,2001-12-14 00:00:00+00))")   |     2
 ("{4,-20}","TBOX((11.5,2001-01-12 00:00:00+00),(14,2001-01-19 00:00:00+00))") |     2
 ("{4,-13}","TBOX((11.5,2001-03-02 00:00:00+00),(14,2001-03-09 00:00:00+00))") |     2
(3 rows)

SELECT extent(multidimTileSTbox(ARRAY[t1.i, t2.i], 2.5)) FROM 
(SELECT * FROM tbl_int WHERE i IS NOT NULL LIMIT 10 OFFSET 10) t1,
(SELECT * FROM tbl_int WHERE i IS NOT NULL LIMIT 10 OFFSET 20) t2;
          extent           
---------------------------
 STBOX((17.5,0),(245,2.5))
(1 row)

SELECT extent(multidimTileSTbox(ARRAY[t1.i, t2.i], 2.5, geometry 'Point(10 10)')) FROM 
(SELECT * FROM tbl_int WHERE i IS NOT NULL LIMIT 10 OFFSET 10) t1,
(SELECT * FROM tbl_int WHERE i IS NOT NULL LIMIT 10 OFFSET 20) t2;
           extent            
-----------------------------
 STBOX((27.5,10),(255,12.5))
(1 row)

SELECT (sp).number, COUNT((sp).tnumber) FROM (SELECT valueSplit(temp, 2) AS sp FROM tbl_tint) t GROUP BY 1 ORDER BY 2 DESC LIMIT 3;
 number | count 
--------+-------
     48 |    20
     64 |    18
     60 |    17
(3 rows)

SELECT (sp).number, COUNT((sp).tnumber) FROM (SELECT valueSplit(temp, 2, 1) AS sp FROM tbl_tint) t GROUP BY 1 ORDER BY 2 DESC LIMIT 3;
 number | count 
--------+-------
     63 |    18
     49 |    18
     45 |    17
(3 rows)

SELECT (sp).number, COUNT((sp).tnumber) FROM (SELECT valueSplit(temp, 2.5) AS sp FROM tbl_tfloat) t GROUP BY 1 ORDER BY 2 DESC LIMIT 3;
 number | count 
--------+-------
   67.5 |    50
     65 |    48
     55 |    48
(3 rows)

SELECT (sp).number, COUNT((sp).tnumber) FROM (SELECT valueSplit(temp, 2.5, 1.5) AS sp FROM tbl_tfloat) t GROUP BY 1 ORDER BY 2 DESC LIMIT 3;
 number | count 
--------+-------
     69 |    48
   66.5 |    47
   56.5 |    45
(3 rows)

SELECT (sp).time, COUNT((sp).temp) FROM (SELECT timeSplit(temp, '2 hours') AS sp FROM tbl_tbool) t GROUP BY 1 ORDER BY 2 DESC LIMIT 3;
          time          | count 
------------------------+-------
 2001-08-27 14:00:00+00 |     2
 2001-11-04 08:00:00+00 |     2
 2001-11-02 10:00:00+00 |     2
(3 rows)

SELECT (sp).time, COUNT((sp).temp) FROM (SELECT timeSplit(temp, '2 hours', '2001-06-01') AS sp FROM tbl_tbool) t GROUP BY 1 ORDER BY 2 DESC LIMIT 3;
          time          | count 
------------------------+-------
 2001-08-27 14:00:00+00 |     2
 2001-11-04 08:00:00+00 |     2
 2001-11-02 10:00:00+00 |     2
(3 rows)

SELECT (sp).time, COUNT((sp).temp) FROM (SELECT timeSplit(temp, '2 hours') AS sp FROM tbl_tint) t GROUP BY 1 ORDER BY 2 DESC LIMIT 3;
          time          | count 
------------------------+-------
 2001-06-29 18:00:00+00 |     3
 2001-02-12 06:00:00+00 |     2
 2001-10-27 04:00:00+00 |     2
(3 rows)

SELECT (sp).time, COUNT((sp).temp) FROM (SELECT timeSplit(temp, '2 hours', '2001-06-01') AS sp FROM tbl_tint) t GROUP BY 1 ORDER BY 2 DESC LIMIT 3;
          time          | count 
------------------------+-------
 2001-06-29 18:00:00+00 |     3
 2001-02-12 06:00:00+00 |     2
 2001-10-27 04:00:00+00 |     2
(3 rows)

SELECT (sp).time, COUNT((sp).temp) FROM (SELECT timeSplit(temp, '2 hours') AS sp FROM tbl_tfloat) t GROUP BY 1 ORDER BY 2 DESC LIMIT 3;
          time          | count 
------------------------+-------
 2001-07-26 10:00:00+00 |     2
 2001-07-26 12:00:00+00 |     2
 2001-04-21 16:00:00+00 |     2
(3 rows)

SELECT (sp).time, COUNT((sp).temp) FROM (SELECT timeSplit(temp, '2 hours', '2001-06-01') AS sp FROM tbl_tfloat) t GROUP BY 1 ORDER BY 2 DESC LIMIT 3;
          time          | count 
------------------------+-------
 2001-07-26 10:00:00+00 |     2
 2001-07-26 12:00:00+00 |     2
 2001-04-21 16:00:00+00 |     2
(3 rows)

SELECT (sp).time, COUNT((sp).temp) FROM (SELECT timeSplit(temp, '2 hours') AS sp FROM tbl_ttext) t GROUP BY 1 ORDER BY 2 DESC LIMIT 3;
          time          | count 
------------------------+-------
 2001-12-02 10:00:00+00 |     3
 2001-12-02 08:00:00+00 |     3
 2001-09-02 18:00:00+00 |     2
(3 rows)

SELECT (sp).time, COUNT((sp).temp) FROM (SELECT timeSplit(temp, '2 hours', '2001-06-01') AS sp FROM tbl_ttext) t GROUP BY 1 ORDER BY 2 DESC LIMIT 3;
          time          | count 
------------------------+-------
 2001-12-02 10:00:00+00 |     3
 2001-12-02 08:00:00+00 |     3
 2001-09-02 18:00:00+00 |     2
(3 rows)

SELECT (sp).number, COUNT((sp).tnumber) FROM (SELECT valueTimeSplit(temp, 2, '2 days') AS sp FROM tbl_tint) t GROUP BY 1 ORDER BY 2 DESC LIMIT 3;
 number | count 
--------+-------
     48 |    20
     64 |    18
     60 |    17
(3 rows)

SELECT (sp).number, COUNT((sp).tnumber) FROM (SELECT valueTimeSplit(temp, 2, '2 days', 1, '2001-06-01') AS sp FROM tbl_tint) t GROUP BY 1 ORDER BY 2 DESC LIMIT 3;
 number | count 
--------+-------
     25 |    19
     41 |    18
     63 |    18
(3 rows)

SELECT (sp).number, COUNT((sp).tnumber) FROM (SELECT valueTimeSplit(temp, 2.5, '2 days') AS sp FROM tbl_tfloat) t GROUP BY 1 ORDER BY 2 DESC LIMIT 3;
 number | count 
--------+-------
   67.5 |    53
     55 |    51
     65 |    51
(3 rows)

SELECT (sp).number, COUNT((sp).tnumber) FROM (SELECT valueTimeSplit(temp, 2.5, '2 days', 1.5, '2001-06-01') AS sp FROM tbl_tfloat) t GROUP BY 1 ORDER BY 2 DESC LIMIT 3;
 number | count 
--------+-------
     69 |    49
   66.5 |    49
     54 |    48
(3 rows)

