SELECT SUM(valueBucket(3, 2));
 sum 
-----
   2
(1 row)

SELECT SUM(valueBucket(3, 2, 1));
 sum 
-----
   3
(1 row)

SELECT SUM(valueBucket(3.5, 2.5));
 sum 
-----
 2.5
(1 row)

SELECT SUM(valueBucket(3.5, 2.5, 1.5));
 sum 
-----
 1.5
(1 row)

SELECT timeBucket('2020-01-01', '1 week');
       timebucket       
------------------------
 2019-12-30 00:00:00+00
(1 row)

SELECT timeBucket('2020-01-01', '1 week', timestamptz '2001-06-01');
       timebucket       
------------------------
 2019-12-27 00:00:00+00
(1 row)

SELECT bucketList(intrange '[1, 10]', 2) LIMIT 3;
 bucketlist  
-------------
 (0,"[0,2)")
 (1,"[2,4)")
 (2,"[4,6)")
(3 rows)

SELECT bucketList(intrange '[1, 10]', 2, 1) LIMIT 3;
 bucketlist  
-------------
 (0,"[1,3)")
 (1,"[3,5)")
 (2,"[5,7)")
(3 rows)

SELECT bucketList(floatrange '(1, 10)', 2) LIMIT 3;
 bucketlist  
-------------
 (0,"[0,2)")
 (1,"[2,4)")
 (2,"[4,6)")
(3 rows)

SELECT bucketList(floatrange '(1, 10)', 2, 1) LIMIT 3;
 bucketlist  
-------------
 (0,"[1,3)")
 (1,"[3,5)")
 (2,"[5,7)")
(3 rows)

SELECT bucketList(period '[2000-01-01, 2000-01-10]', '2 days') LIMIT 3;
                       bucketlist                        
---------------------------------------------------------
 (-1,"[2000-01-01 00:00:00+00, 2000-01-03 00:00:00+00)")
 (0,"[2000-01-03 00:00:00+00, 2000-01-05 00:00:00+00)")
 (1,"[2000-01-05 00:00:00+00, 2000-01-07 00:00:00+00)")
(3 rows)

SELECT bucketList(period '[2000-01-01, 2000-01-10]', '2 days', '2020-06-15') LIMIT 3;
                         bucketlist                         
------------------------------------------------------------
 (-3735,"[2000-01-02 00:00:00+00, 2000-01-04 00:00:00+00)")
 (-3734,"[2000-01-04 00:00:00+00, 2000-01-06 00:00:00+00)")
 (-3733,"[2000-01-06 00:00:00+00, 2000-01-08 00:00:00+00)")
(3 rows)

SELECT multidimGrid(tfloat '[15@2000-01-15, 25@2000-01-25]'::tbox, 2.0, '2 days') LIMIT 3;
                               multidimgrid                                
---------------------------------------------------------------------------
 ("{7,6}","TBOX((14,2000-01-15 00:00:00+00),(16,2000-01-17 00:00:00+00))")
 ("{8,6}","TBOX((16,2000-01-15 00:00:00+00),(18,2000-01-17 00:00:00+00))")
 ("{9,6}","TBOX((18,2000-01-15 00:00:00+00),(20,2000-01-17 00:00:00+00))")
(3 rows)

SELECT multidimGrid(tfloat '[15@2000-01-15, 25@2000-01-25]'::tbox, 2.0, '2 days', 15.0) LIMIT 3;
                               multidimgrid                                
---------------------------------------------------------------------------
 ("{0,6}","TBOX((15,2000-01-15 00:00:00+00),(17,2000-01-17 00:00:00+00))")
 ("{1,6}","TBOX((17,2000-01-15 00:00:00+00),(19,2000-01-17 00:00:00+00))")
 ("{2,6}","TBOX((19,2000-01-15 00:00:00+00),(21,2000-01-17 00:00:00+00))")
(3 rows)

SELECT multidimGrid(tfloat '[15@2000-01-15, 25@2000-01-25]'::tbox, 2.0, '2 days', 15.0, '2000-01-15') LIMIT 3;
                               multidimgrid                                
---------------------------------------------------------------------------
 ("{0,0}","TBOX((15,2000-01-15 00:00:00+00),(17,2000-01-17 00:00:00+00))")
 ("{1,0}","TBOX((17,2000-01-15 00:00:00+00),(19,2000-01-17 00:00:00+00))")
 ("{2,0}","TBOX((19,2000-01-15 00:00:00+00),(21,2000-01-17 00:00:00+00))")
(3 rows)

SELECT multidimTileTbox(ARRAY[2,0], 2.0, interval '2 days');
                      multidimtiletbox                       
-------------------------------------------------------------
 TBOX((4,2000-01-03 00:00:00+00),(6,2000-01-05 00:00:00+00))
(1 row)

SELECT multidimTileTbox(ARRAY[2,2], 2.0, interval '2 days', 1.0, '2020-06-15');
                      multidimtiletbox                       
-------------------------------------------------------------
 TBOX((5,2020-06-15 00:00:00+00),(7,2020-06-17 00:00:00+00))
(1 row)

SELECT valueSplit(tint '1@2000-01-01', 2);
           valuesplit           
--------------------------------
 (0,"1@2000-01-01 00:00:00+00")
(1 row)

SELECT valueSplit(tint '{1@2000-01-01, 2@2000-01-02, 1@2000-01-03}', 2);
                         valuesplit                         
------------------------------------------------------------
 (0,"{1@2000-01-01 00:00:00+00, 1@2000-01-03 00:00:00+00}")
 (2,"{2@2000-01-02 00:00:00+00}")
(2 rows)

SELECT valueSplit(tint '[1@2000-01-01, 2@2000-01-02, 1@2000-01-03]', 2);
                                        valuesplit                                        
------------------------------------------------------------------------------------------
 (0,"{[1@2000-01-01 00:00:00+00, 1@2000-01-02 00:00:00+00), [1@2000-01-03 00:00:00+00]}")
 (2,"{[2@2000-01-02 00:00:00+00, 2@2000-01-03 00:00:00+00)}")
(2 rows)

SELECT valueSplit(tint '{[1@2000-01-01, 2@2000-01-02, 1@2000-01-03],[3@2000-01-04, 3@2000-01-05]}', 2);
                                                     valuesplit                                                     
--------------------------------------------------------------------------------------------------------------------
 (0,"{[1@2000-01-01 00:00:00+00, 1@2000-01-02 00:00:00+00), [1@2000-01-03 00:00:00+00]}")
 (2,"{[2@2000-01-02 00:00:00+00, 2@2000-01-03 00:00:00+00), [3@2000-01-04 00:00:00+00, 3@2000-01-05 00:00:00+00]}")
(2 rows)

SELECT valueSplit(tfloat '1.5@2000-01-01', 0.5);
             valuesplit             
------------------------------------
 (1.5,"1.5@2000-01-01 00:00:00+00")
(1 row)

SELECT valueSplit(tfloat '{1.5@2000-01-01, 2.5@2000-01-02, 1.5@2000-01-03}', 0.5);
                            valuesplit                            
------------------------------------------------------------------
 (1.5,"{1.5@2000-01-01 00:00:00+00, 1.5@2000-01-03 00:00:00+00}")
 (2.5,"{2.5@2000-01-02 00:00:00+00}")
(2 rows)

SELECT valueSplit(tfloat '[1.5@2000-01-01, 2.5@2000-01-02, 1.5@2000-01-03]', 0.5);
                                                        valuesplit                                                        
--------------------------------------------------------------------------------------------------------------------------
 (1.5,"{[1.5@2000-01-01 00:00:00+00, 2@2000-01-01 12:00:00+00), (2@2000-01-02 12:00:00+00, 1.5@2000-01-03 00:00:00+00]}")
 (2,"{[2@2000-01-01 12:00:00+00, 2.5@2000-01-02 00:00:00+00), (2.5@2000-01-02 00:00:00+00, 2@2000-01-02 12:00:00+00]}")
 (2.5,"{[2.5@2000-01-02 00:00:00+00]}")
(3 rows)

SELECT valueSplit(tfloat 'Interp=Stepwise;[1.5@2000-01-01, 2.5@2000-01-02, 1.5@2000-01-03]', 0.5);
                                                    valuesplit                                                    
------------------------------------------------------------------------------------------------------------------
 (1.5,"Interp=Stepwise;{[1.5@2000-01-01 00:00:00+00, 1.5@2000-01-02 00:00:00+00), [1.5@2000-01-03 00:00:00+00]}")
 (2.5,"Interp=Stepwise;{[2.5@2000-01-02 00:00:00+00, 2.5@2000-01-03 00:00:00+00)}")
(2 rows)

SELECT valueSplit(tfloat '{[1.5@2000-01-01, 2.5@2000-01-02, 1.5@2000-01-03],[3.5@2000-01-04, 3.5@2000-01-05]}', 0.5);
                                                        valuesplit                                                        
--------------------------------------------------------------------------------------------------------------------------
 (1.5,"{[1.5@2000-01-01 00:00:00+00, 2@2000-01-01 12:00:00+00), (2@2000-01-02 12:00:00+00, 1.5@2000-01-03 00:00:00+00]}")
 (2,"{[2@2000-01-01 12:00:00+00, 2.5@2000-01-02 00:00:00+00), (2.5@2000-01-02 00:00:00+00, 2@2000-01-02 12:00:00+00]}")
 (2.5,"{[2.5@2000-01-02 00:00:00+00]}")
 (3.5,"{[3.5@2000-01-04 00:00:00+00, 3.5@2000-01-05 00:00:00+00]}")
(4 rows)

SELECT valueSplit(tfloat 'Interp=Stepwise;{[1.5@2000-01-01, 2.5@2000-01-02, 1.5@2000-01-03],[3.5@2000-01-04, 3.5@2000-01-05]}', 0.5);
                                                    valuesplit                                                    
------------------------------------------------------------------------------------------------------------------
 (1.5,"Interp=Stepwise;{[1.5@2000-01-01 00:00:00+00, 1.5@2000-01-02 00:00:00+00), [1.5@2000-01-03 00:00:00+00]}")
 (2.5,"Interp=Stepwise;{[2.5@2000-01-02 00:00:00+00, 2.5@2000-01-03 00:00:00+00)}")
 (3.5,"Interp=Stepwise;{[3.5@2000-01-04 00:00:00+00, 3.5@2000-01-05 00:00:00+00]}")
(3 rows)

SELECT timeSplit(tbool 't@2000-01-01', '2 days');
                       timesplit                       
-------------------------------------------------------
 ("2000-01-01 00:00:00+00","t@2000-01-01 00:00:00+00")
(1 row)

SELECT timeSplit(tbool '{t@2000-01-01, f@2000-01-02, t@2000-01-03}', '2 days');
                                     timesplit                                     
-----------------------------------------------------------------------------------
 ("2000-01-01 00:00:00+00","{t@2000-01-01 00:00:00+00, f@2000-01-02 00:00:00+00}")
 ("2000-01-03 00:00:00+00","{t@2000-01-03 00:00:00+00}")
(2 rows)

SELECT timeSplit(tbool '[t@2000-01-01, f@2000-01-02, t@2000-01-03]', '2 days');
                                                  timesplit                                                  
-------------------------------------------------------------------------------------------------------------
 ("2000-01-01 00:00:00+00","[t@2000-01-01 00:00:00+00, f@2000-01-02 00:00:00+00, t@2000-01-03 00:00:00+00]")
(1 row)

SELECT timeSplit(tbool '{[t@2000-01-01, f@2000-01-02, t@2000-01-03],[t@2000-01-04, t@2000-01-05]}', '2 days');
                                                  timesplit                                                  
-------------------------------------------------------------------------------------------------------------
 ("2000-01-01 00:00:00+00","[t@2000-01-01 00:00:00+00, f@2000-01-02 00:00:00+00, t@2000-01-03 00:00:00+00]")
 ("2000-01-03 00:00:00+00","[t@2000-01-04 00:00:00+00, t@2000-01-05 00:00:00+00]")
(2 rows)

SELECT timeSplit(tint '1@2000-01-01', '2 days');
                       timesplit                       
-------------------------------------------------------
 ("2000-01-01 00:00:00+00","1@2000-01-01 00:00:00+00")
(1 row)

SELECT timeSplit(tint '{1@2000-01-01, 2@2000-01-02, 1@2000-01-03}', '2 days');
                                     timesplit                                     
-----------------------------------------------------------------------------------
 ("2000-01-01 00:00:00+00","{1@2000-01-01 00:00:00+00, 2@2000-01-02 00:00:00+00}")
 ("2000-01-03 00:00:00+00","{1@2000-01-03 00:00:00+00}")
(2 rows)

SELECT timeSplit(tint '[1@2000-01-01, 2@2000-01-02, 1@2000-01-03]', '2 days');
                                                  timesplit                                                  
-------------------------------------------------------------------------------------------------------------
 ("2000-01-01 00:00:00+00","[1@2000-01-01 00:00:00+00, 2@2000-01-02 00:00:00+00, 1@2000-01-03 00:00:00+00]")
(1 row)

SELECT timeSplit(tint '{[1@2000-01-01, 2@2000-01-02, 1@2000-01-03],[3@2000-01-04, 3@2000-01-05]}', '2 days');
                                                  timesplit                                                  
-------------------------------------------------------------------------------------------------------------
 ("2000-01-01 00:00:00+00","[1@2000-01-01 00:00:00+00, 2@2000-01-02 00:00:00+00, 1@2000-01-03 00:00:00+00]")
 ("2000-01-03 00:00:00+00","[3@2000-01-04 00:00:00+00, 3@2000-01-05 00:00:00+00]")
(2 rows)

SELECT timeSplit(tfloat '1.5@2000-01-01', '2 days');
                        timesplit                        
---------------------------------------------------------
 ("2000-01-01 00:00:00+00","1.5@2000-01-01 00:00:00+00")
(1 row)

SELECT timeSplit(tfloat '{1.5@2000-01-01, 2.5@2000-01-02, 1.5@2000-01-03}', '2 days');
                                       timesplit                                       
---------------------------------------------------------------------------------------
 ("2000-01-01 00:00:00+00","{1.5@2000-01-01 00:00:00+00, 2.5@2000-01-02 00:00:00+00}")
 ("2000-01-03 00:00:00+00","{1.5@2000-01-03 00:00:00+00}")
(2 rows)

SELECT timeSplit(tfloat '[1.5@2000-01-01, 2.5@2000-01-02, 1.5@2000-01-03]', '2 days');
                                                     timesplit                                                     
-------------------------------------------------------------------------------------------------------------------
 ("2000-01-01 00:00:00+00","[1.5@2000-01-01 00:00:00+00, 2.5@2000-01-02 00:00:00+00, 1.5@2000-01-03 00:00:00+00]")
(1 row)

SELECT timeSplit(tfloat 'Interp=Stepwise;[1.5@2000-01-01, 2.5@2000-01-02, 1.5@2000-01-03]', '2 days');
                                                             timesplit                                                             
-----------------------------------------------------------------------------------------------------------------------------------
 ("2000-01-01 00:00:00+00","Interp=Stepwise;[1.5@2000-01-01 00:00:00+00, 2.5@2000-01-02 00:00:00+00, 1.5@2000-01-03 00:00:00+00]")
(1 row)

SELECT timeSplit(tfloat '{[1.5@2000-01-01, 2.5@2000-01-02, 1.5@2000-01-03],[3.5@2000-01-04, 3.5@2000-01-05]}', '2 days');
                                                     timesplit                                                     
-------------------------------------------------------------------------------------------------------------------
 ("2000-01-01 00:00:00+00","[1.5@2000-01-01 00:00:00+00, 2.5@2000-01-02 00:00:00+00, 1.5@2000-01-03 00:00:00+00]")
 ("2000-01-03 00:00:00+00","[3.5@2000-01-04 00:00:00+00, 3.5@2000-01-05 00:00:00+00]")
(2 rows)

SELECT timeSplit(tfloat 'Interp=Stepwise;{[1.5@2000-01-01, 2.5@2000-01-02, 1.5@2000-01-03],[3.5@2000-01-04, 3.5@2000-01-05]}', '2 days');
                                                             timesplit                                                             
-----------------------------------------------------------------------------------------------------------------------------------
 ("2000-01-01 00:00:00+00","Interp=Stepwise;[1.5@2000-01-01 00:00:00+00, 2.5@2000-01-02 00:00:00+00, 1.5@2000-01-03 00:00:00+00]")
 ("2000-01-03 00:00:00+00","Interp=Stepwise;[3.5@2000-01-04 00:00:00+00, 3.5@2000-01-05 00:00:00+00]")
(2 rows)

SELECT timeSplit(ttext 'AAA@2000-01-01', '2 days');
                          timesplit                          
-------------------------------------------------------------
 ("2000-01-01 00:00:00+00","""AAA""@2000-01-01 00:00:00+00")
(1 row)

SELECT timeSplit(ttext '{AAA@2000-01-01, BBB@2000-01-02, AAA@2000-01-03}', '2 days');
                                           timesplit                                           
-----------------------------------------------------------------------------------------------
 ("2000-01-01 00:00:00+00","{""AAA""@2000-01-01 00:00:00+00, ""BBB""@2000-01-02 00:00:00+00}")
 ("2000-01-03 00:00:00+00","{""AAA""@2000-01-03 00:00:00+00}")
(2 rows)

SELECT timeSplit(ttext '[AAA@2000-01-01, BBB@2000-01-02, AAA@2000-01-03]', '2 days');
                                                           timesplit                                                           
-------------------------------------------------------------------------------------------------------------------------------
 ("2000-01-01 00:00:00+00","[""AAA""@2000-01-01 00:00:00+00, ""BBB""@2000-01-02 00:00:00+00, ""AAA""@2000-01-03 00:00:00+00]")
(1 row)

SELECT timeSplit(ttext '{[AAA@2000-01-01, BBB@2000-01-02, AAA@2000-01-03],[CCC@2000-01-04, CCC@2000-01-05]}', '2 days');
                                                           timesplit                                                           
-------------------------------------------------------------------------------------------------------------------------------
 ("2000-01-01 00:00:00+00","[""AAA""@2000-01-01 00:00:00+00, ""BBB""@2000-01-02 00:00:00+00, ""AAA""@2000-01-03 00:00:00+00]")
 ("2000-01-03 00:00:00+00","[""CCC""@2000-01-04 00:00:00+00, ""CCC""@2000-01-05 00:00:00+00]")
(2 rows)

SELECT valueTimeSplit(tint '1@2000-01-01', 2, '2 days');
                     valuetimesplit                      
---------------------------------------------------------
 (0,"2000-01-01 00:00:00+00","1@2000-01-01 00:00:00+00")
(1 row)

SELECT valueTimeSplit(tint '{1@2000-01-01, 2@2000-01-02, 1@2000-01-03}', 2, '2 days');
                      valuetimesplit                       
-----------------------------------------------------------
 (0,"2000-01-01 00:00:00+00","{1@2000-01-01 00:00:00+00}")
 (0,"2000-01-03 00:00:00+00","{1@2000-01-03 00:00:00+00}")
 (2,"2000-01-01 00:00:00+00","{2@2000-01-02 00:00:00+00}")
(3 rows)

SELECT valueTimeSplit(tint '[1@2000-01-01, 2@2000-01-02, 1@2000-01-03]', 2, '2 days');
                                   valuetimesplit                                    
-------------------------------------------------------------------------------------
 (0,"2000-01-01 00:00:00+00","[1@2000-01-01 00:00:00+00, 1@2000-01-02 00:00:00+00)")
 (0,"2000-01-03 00:00:00+00","[1@2000-01-03 00:00:00+00]")
 (2,"2000-01-01 00:00:00+00","[2@2000-01-02 00:00:00+00, 2@2000-01-03 00:00:00+00)")
(3 rows)

SELECT valueTimeSplit(tint '{[1@2000-01-01, 2@2000-01-02, 1@2000-01-03],[3@2000-01-04, 3@2000-01-05]}', 2, '2 days');
                                   valuetimesplit                                    
-------------------------------------------------------------------------------------
 (0,"2000-01-01 00:00:00+00","[1@2000-01-01 00:00:00+00, 1@2000-01-02 00:00:00+00)")
 (0,"2000-01-03 00:00:00+00","[1@2000-01-03 00:00:00+00]")
 (2,"2000-01-01 00:00:00+00","[2@2000-01-02 00:00:00+00, 2@2000-01-03 00:00:00+00)")
 (2,"2000-01-03 00:00:00+00","[3@2000-01-04 00:00:00+00, 3@2000-01-05 00:00:00+00]")
(4 rows)

SELECT valueTimeSplit(tfloat '1.5@2000-01-01', 0.5, '2 days');
                       valuetimesplit                        
-------------------------------------------------------------
 (1.5,"2000-01-01 00:00:00+00","1.5@2000-01-01 00:00:00+00")
(1 row)

SELECT valueTimeSplit(tfloat '{1.5@2000-01-01, 2.5@2000-01-02, 1.5@2000-01-03}', 0.5, '2 days');
                        valuetimesplit                         
---------------------------------------------------------------
 (1.5,"2000-01-01 00:00:00+00","{1.5@2000-01-01 00:00:00+00}")
 (1.5,"2000-01-03 00:00:00+00","{1.5@2000-01-03 00:00:00+00}")
 (2.5,"2000-01-01 00:00:00+00","{2.5@2000-01-02 00:00:00+00}")
(3 rows)

SELECT valueTimeSplit(tfloat '[1.5@2000-01-01, 2.5@2000-01-02, 1.5@2000-01-03]', 0.5, '2 days');
                                     valuetimesplit                                      
-----------------------------------------------------------------------------------------
 (1.5,"2000-01-01 00:00:00+00","[1.5@2000-01-01 00:00:00+00, 2@2000-01-01 12:00:00+00)")
 (1.5,"2000-01-01 00:00:00+00","(2@2000-01-02 12:00:00+00, 1.5@2000-01-03 00:00:00+00]")
 (2,"2000-01-01 00:00:00+00","[2@2000-01-01 12:00:00+00, 2.5@2000-01-02 00:00:00+00)")
 (2,"2000-01-01 00:00:00+00","(2.5@2000-01-02 00:00:00+00, 2@2000-01-02 12:00:00+00]")
 (2.5,"2000-01-01 00:00:00+00","[2.5@2000-01-02 00:00:00+00]")
(5 rows)

SELECT valueTimeSplit(tfloat 'Interp=Stepwise;[1.5@2000-01-01, 2.5@2000-01-02, 1.5@2000-01-03]', 0.5, '2 days');
                                              valuetimesplit                                               
-----------------------------------------------------------------------------------------------------------
 (1.5,"2000-01-01 00:00:00+00","Interp=Stepwise;[1.5@2000-01-01 00:00:00+00, 1.5@2000-01-02 00:00:00+00)")
 (1.5,"2000-01-03 00:00:00+00","Interp=Stepwise;[1.5@2000-01-03 00:00:00+00]")
 (2.5,"2000-01-01 00:00:00+00","Interp=Stepwise;[2.5@2000-01-02 00:00:00+00, 2.5@2000-01-03 00:00:00+00)")
(3 rows)

SELECT valueTimeSplit(tfloat '{[1.5@2000-01-01, 2.5@2000-01-02, 1.5@2000-01-03],[3.5@2000-01-04, 3.5@2000-01-05]}', 0.5, '2 days');
                                      valuetimesplit                                       
-------------------------------------------------------------------------------------------
 (1.5,"2000-01-01 00:00:00+00","[1.5@2000-01-01 00:00:00+00, 2@2000-01-01 12:00:00+00)")
 (1.5,"2000-01-01 00:00:00+00","(2@2000-01-02 12:00:00+00, 1.5@2000-01-03 00:00:00+00]")
 (2,"2000-01-01 00:00:00+00","[2@2000-01-01 12:00:00+00, 2.5@2000-01-02 00:00:00+00)")
 (2,"2000-01-01 00:00:00+00","(2.5@2000-01-02 00:00:00+00, 2@2000-01-02 12:00:00+00]")
 (2.5,"2000-01-01 00:00:00+00","[2.5@2000-01-02 00:00:00+00]")
 (3.5,"2000-01-03 00:00:00+00","[3.5@2000-01-04 00:00:00+00, 3.5@2000-01-05 00:00:00+00]")
(6 rows)

SELECT valueTimeSplit(tfloat 'Interp=Stepwise;{[1.5@2000-01-01, 2.5@2000-01-02, 1.5@2000-01-03],[3.5@2000-01-04, 3.5@2000-01-05]}', 0.5, '2 days');
                                              valuetimesplit                                               
-----------------------------------------------------------------------------------------------------------
 (1.5,"2000-01-01 00:00:00+00","Interp=Stepwise;[1.5@2000-01-01 00:00:00+00, 1.5@2000-01-02 00:00:00+00)")
 (1.5,"2000-01-03 00:00:00+00","Interp=Stepwise;[1.5@2000-01-03 00:00:00+00]")
 (2.5,"2000-01-01 00:00:00+00","Interp=Stepwise;[2.5@2000-01-02 00:00:00+00, 2.5@2000-01-03 00:00:00+00)")
 (3.5,"2000-01-03 00:00:00+00","Interp=Stepwise;[3.5@2000-01-04 00:00:00+00, 3.5@2000-01-05 00:00:00+00]")
(4 rows)

